2024-08-31 12:58:10,522 django.request WARNING  Not Found: /api/v1.0/devices/
2024-08-31 12:58:10,685 django.request WARNING  Unauthorized: /api/v1.0/pop/cpm-latest-enynow-data/
2024-08-31 12:58:10,685 django.request WARNING  Unauthorized: /api/v1.0/pop/pop-devices/
2024-08-31 12:58:10,687 django.request WARNING  Unauthorized: /api/v1.0/pop/cpm-latest-rt-data/
2024-08-31 12:59:58,365 django.request WARNING  Unauthorized: /api/v1.0/pop/cpm-enynow-data/
2024-08-31 12:59:58,365 django.request WARNING  Unauthorized: /api/v1.0/pop/cpm-data/
2024-08-31 13:00:01,854 django.request WARNING  Unauthorized: /api/v1.0/pop/cpm-data/
2024-08-31 13:00:01,873 django.request WARNING  Unauthorized: /api/v1.0/pop/cpm-enynow-data/
2024-08-31 13:00:07,051 django.request WARNING  Unauthorized: /api/v1.0/pop/cpm-data/
2024-08-31 13:00:07,331 django.request WARNING  Unauthorized: /api/v1.0/pop/cpm-enynow-data/
2024-08-31 13:00:10,371 django.request WARNING  Unauthorized: /api/v1.0/pop/cpm-data/
2024-08-31 13:00:10,381 django.request WARNING  Unauthorized: /api/v1.0/pop/cpm-enynow-data/
2024-08-31 13:02:10,510 django.request WARNING  Unauthorized: /api/v1.0/pop/cpm-data/
2024-08-31 13:16:39,847 pop.CPM_DAY_DATA_mongo_mixins INFO     mongo_db = DayDataModelCPM, topic = MQTT_DAY_DATA created 66d2c357e076b4eb161f40c6 succesfully
2024-08-31 13:16:39,915 pop.CPM_ENY_NOW_mongo_mixins INFO     mongo_db = EnyNowDataModelCPM, topic = MQTT_ENY_NOW created 66d2c357e076b4eb161f40c7 succesfully
2024-08-31 13:16:39,958 pop.CPM_ENY_NOW_mongo_mixins INFO     mongo_db = TemporaryEnyNowDataModelCPM, topic = MQTT_ENY_NOW created 66d2c357e076b4eb161f40c8 succesfully
2024-08-31 13:16:40,008 pop.CPM_ENY_NOW_mongo_mixins INFO     mongo_db = TodayEnyNowDataModelCPM, topic = MQTT_ENY_NOW created 66d2c357e076b4eb161f40c9 succesfully
2024-08-31 13:16:40,046 pop.CPM_ENY_NOW_mongo_mixins INFO     mongo_db = Last7DaysEnyNowDataModelCPM, topic = MQTT_ENY_NOW created 66d2c358e076b4eb161f40ca succesfully
2024-08-31 13:16:40,115 pop.CPM_RT_mixins INFO     mongo_db = RTModelCPM, topic = MQTT_RT_DATA created 66d2c358e076b4eb161f40cb succesfully
2024-08-31 13:16:40,157 pop.CPM_RT_mixins INFO     mongo_db = TemporaryRTModelCPM, topic = MQTT_RT_DATA created 66d2c358e076b4eb161f40cc succesfully
2024-08-31 13:16:40,194 pop.CPM_RT_mixins INFO     mongo_db = TodayRTModelCPM, topic = MQTT_RT_DATA created 66d2c358e076b4eb161f40cd succesfully
2024-08-31 13:17:06,588 pop.CPM_RT_mixins INFO     mongo_db = RTModelCPM, topic = MQTT_RT_DATA created 66d2c372e076b4eb161f40d1 succesfully
2024-08-31 13:17:06,623 pop.CPM_RT_mixins INFO     mongo_db = TemporaryRTModelCPM, topic = MQTT_RT_DATA created 66d2c372e076b4eb161f40d2 succesfully
2024-08-31 13:17:06,640 pop.CPM_RT_mixins INFO     mongo_db = TodayRTModelCPM, topic = MQTT_RT_DATA created 66d2c372e076b4eb161f40d3 succesfully
2024-08-31 13:17:37,920 pop.CPM_RT_mixins INFO     mongo_db = RTModelCPM, topic = MQTT_RT_DATA created 66d2c391e076b4eb161f40d7 succesfully
2024-08-31 13:17:37,928 pop.CPM_RT_mixins INFO     mongo_db = TemporaryRTModelCPM, topic = MQTT_RT_DATA created 66d2c391e076b4eb161f40d8 succesfully
2024-08-31 13:17:37,934 pop.CPM_RT_mixins INFO     mongo_db = TodayRTModelCPM, topic = MQTT_RT_DATA created 66d2c391e076b4eb161f40d9 succesfully
2024-08-31 13:18:07,617 pop.CPM_RT_mixins INFO     mongo_db = RTModelCPM, topic = MQTT_RT_DATA created 66d2c3afe076b4eb161f40dd succesfully
2024-08-31 13:18:07,626 pop.CPM_RT_mixins INFO     mongo_db = TemporaryRTModelCPM, topic = MQTT_RT_DATA created 66d2c3afe076b4eb161f40de succesfully
2024-08-31 13:18:07,637 pop.CPM_RT_mixins INFO     mongo_db = TodayRTModelCPM, topic = MQTT_RT_DATA created 66d2c3afe076b4eb161f40df succesfully
2024-08-31 13:18:36,909 pop.CPM_RT_mixins INFO     mongo_db = RTModelCPM, topic = MQTT_RT_DATA created 66d2c3cce076b4eb161f40e3 succesfully
2024-08-31 13:18:36,919 pop.CPM_RT_mixins INFO     mongo_db = TemporaryRTModelCPM, topic = MQTT_RT_DATA created 66d2c3cce076b4eb161f40e4 succesfully
2024-08-31 13:18:36,928 pop.CPM_RT_mixins INFO     mongo_db = TodayRTModelCPM, topic = MQTT_RT_DATA created 66d2c3cce076b4eb161f40e5 succesfully
2024-08-31 13:19:06,602 pop.CPM_RT_mixins INFO     mongo_db = RTModelCPM, topic = MQTT_RT_DATA created 66d2c3eae076b4eb161f40e6 succesfully
2024-08-31 13:19:06,609 pop.CPM_RT_mixins INFO     mongo_db = TemporaryRTModelCPM, topic = MQTT_RT_DATA created 66d2c3eae076b4eb161f40e7 succesfully
2024-08-31 13:19:06,616 pop.CPM_RT_mixins INFO     mongo_db = TodayRTModelCPM, topic = MQTT_RT_DATA created 66d2c3eae076b4eb161f40e8 succesfully
2024-08-31 13:19:14,416 pop.CPM_ENY_NOW_mongo_mixins INFO     mongo_db = EnyNowDataModelCPM, topic = MQTT_ENY_NOW created 66d2c3f2e076b4eb161f40ec succesfully
2024-08-31 13:19:14,433 pop.CPM_ENY_NOW_mongo_mixins INFO     mongo_db = TemporaryEnyNowDataModelCPM, topic = MQTT_ENY_NOW created 66d2c3f2e076b4eb161f40ed succesfully
2024-08-31 13:19:14,449 pop.CPM_ENY_NOW_mongo_mixins INFO     mongo_db = TodayEnyNowDataModelCPM, topic = MQTT_ENY_NOW created 66d2c3f2e076b4eb161f40ee succesfully
2024-08-31 13:19:14,464 pop.CPM_ENY_NOW_mongo_mixins INFO     mongo_db = Last7DaysEnyNowDataModelCPM, topic = MQTT_ENY_NOW created 66d2c3f2e076b4eb161f40ef succesfully
2024-08-31 13:19:37,635 pop.CPM_RT_mixins INFO     mongo_db = RTModelCPM, topic = MQTT_RT_DATA created 66d2c409e076b4eb161f40f3 succesfully
2024-08-31 13:19:37,643 pop.CPM_RT_mixins INFO     mongo_db = TemporaryRTModelCPM, topic = MQTT_RT_DATA created 66d2c409e076b4eb161f40f4 succesfully
2024-08-31 13:19:37,652 pop.CPM_RT_mixins INFO     mongo_db = TodayRTModelCPM, topic = MQTT_RT_DATA created 66d2c409e076b4eb161f40f5 succesfully
2024-08-31 13:20:07,841 pop.CPM_RT_mixins INFO     mongo_db = RTModelCPM, topic = MQTT_RT_DATA created 66d2c427e076b4eb161f40f9 succesfully
2024-08-31 13:20:07,851 pop.CPM_RT_mixins INFO     mongo_db = TemporaryRTModelCPM, topic = MQTT_RT_DATA created 66d2c427e076b4eb161f40fa succesfully
2024-08-31 13:20:07,864 pop.CPM_RT_mixins INFO     mongo_db = TodayRTModelCPM, topic = MQTT_RT_DATA created 66d2c427e076b4eb161f40fb succesfully
2024-08-31 13:20:37,534 pop.CPM_RT_mixins INFO     mongo_db = RTModelCPM, topic = MQTT_RT_DATA created 66d2c445e076b4eb161f40fc succesfully
2024-08-31 13:20:37,542 pop.CPM_RT_mixins INFO     mongo_db = TemporaryRTModelCPM, topic = MQTT_RT_DATA created 66d2c445e076b4eb161f40fd succesfully
2024-08-31 13:20:37,551 pop.CPM_RT_mixins INFO     mongo_db = TodayRTModelCPM, topic = MQTT_RT_DATA created 66d2c445e076b4eb161f40fe succesfully
2024-08-31 13:21:07,740 pop.CPM_RT_mixins INFO     mongo_db = RTModelCPM, topic = MQTT_RT_DATA created 66d2c463e076b4eb161f4102 succesfully
2024-08-31 13:21:07,756 pop.CPM_RT_mixins INFO     mongo_db = TemporaryRTModelCPM, topic = MQTT_RT_DATA created 66d2c463e076b4eb161f4103 succesfully
2024-08-31 13:21:07,764 pop.CPM_RT_mixins INFO     mongo_db = TodayRTModelCPM, topic = MQTT_RT_DATA created 66d2c463e076b4eb161f4104 succesfully
2024-08-31 13:21:37,040 pop.CPM_RT_mixins INFO     mongo_db = RTModelCPM, topic = MQTT_RT_DATA created 66d2c481e076b4eb161f4108 succesfully
2024-08-31 13:21:37,050 pop.CPM_RT_mixins INFO     mongo_db = TemporaryRTModelCPM, topic = MQTT_RT_DATA created 66d2c481e076b4eb161f4109 succesfully
2024-08-31 13:21:37,057 pop.CPM_RT_mixins INFO     mongo_db = TodayRTModelCPM, topic = MQTT_RT_DATA created 66d2c481e076b4eb161f410a succesfully
2024-08-31 13:22:57,039 pop.CPM_DAY_DATA_mongo_mixins INFO     mongo_db = DayDataModelCPM, topic = MQTT_DAY_DATA created 66d2c4d0ec4a467a3c77a83b succesfully
2024-08-31 13:22:57,085 pop.CPM_ENY_NOW_mongo_mixins INFO     mongo_db = EnyNowDataModelCPM, topic = MQTT_ENY_NOW created 66d2c4d1ec4a467a3c77a83c succesfully
2024-08-31 13:22:57,102 pop.CPM_ENY_NOW_mongo_mixins INFO     mongo_db = TemporaryEnyNowDataModelCPM, topic = MQTT_ENY_NOW created 66d2c4d1ec4a467a3c77a83d succesfully
2024-08-31 13:22:57,125 pop.CPM_ENY_NOW_mongo_mixins INFO     mongo_db = TodayEnyNowDataModelCPM, topic = MQTT_ENY_NOW created 66d2c4d1ec4a467a3c77a83e succesfully
2024-08-31 13:22:57,159 pop.CPM_ENY_NOW_mongo_mixins INFO     mongo_db = Last7DaysEnyNowDataModelCPM, topic = MQTT_ENY_NOW created 66d2c4d1ec4a467a3c77a83f succesfully
2024-08-31 13:22:57,207 pop.CPM_RT_mixins INFO     mongo_db = RTModelCPM, topic = MQTT_RT_DATA created 66d2c4d1ec4a467a3c77a840 succesfully
2024-08-31 13:22:57,256 pop.CPM_RT_mixins INFO     mongo_db = TemporaryRTModelCPM, topic = MQTT_RT_DATA created 66d2c4d1ec4a467a3c77a841 succesfully
2024-08-31 13:22:57,277 pop.CPM_RT_mixins INFO     mongo_db = TodayRTModelCPM, topic = MQTT_RT_DATA created 66d2c4d1ec4a467a3c77a842 succesfully
2024-08-31 13:23:06,616 pop.CPM_RT_mixins INFO     mongo_db = RTModelCPM, topic = MQTT_RT_DATA created 66d2c4daec4a467a3c77a843 succesfully
2024-08-31 13:23:06,664 pop.CPM_RT_mixins INFO     mongo_db = TemporaryRTModelCPM, topic = MQTT_RT_DATA created 66d2c4daec4a467a3c77a844 succesfully
2024-08-31 13:23:06,692 pop.CPM_RT_mixins INFO     mongo_db = TodayRTModelCPM, topic = MQTT_RT_DATA created 66d2c4daec4a467a3c77a845 succesfully
2024-08-31 13:24:06,835 pop.CPM_RT_mixins INFO     mongo_db = RTModelCPM, topic = MQTT_RT_DATA created 66d2c516ec4a467a3c77a84c succesfully
2024-08-31 13:24:06,846 pop.CPM_RT_mixins INFO     mongo_db = TemporaryRTModelCPM, topic = MQTT_RT_DATA created 66d2c516ec4a467a3c77a84d succesfully
2024-08-31 13:24:06,853 pop.CPM_RT_mixins INFO     mongo_db = TodayRTModelCPM, topic = MQTT_RT_DATA created 66d2c516ec4a467a3c77a84e succesfully
2024-08-31 13:24:48,842 django.request WARNING  Not Found: /api/v1.0/devices/
2024-08-31 13:25:07,194 pop.CPM_RT_mixins INFO     mongo_db = RTModelCPM, topic = MQTT_RT_DATA created 66d2c553ec4a467a3c77a855 succesfully
2024-08-31 13:25:08,220 pop.CPM_RT_mixins INFO     mongo_db = TemporaryRTModelCPM, topic = MQTT_RT_DATA created 66d2c553ec4a467a3c77a856 succesfully
2024-08-31 13:25:08,548 pop.CPM_RT_mixins INFO     mongo_db = TodayRTModelCPM, topic = MQTT_RT_DATA created 66d2c554ec4a467a3c77a857 succesfully
2024-08-31 13:25:36,850 pop.CPM_RT_mixins INFO     mongo_db = RTModelCPM, topic = MQTT_RT_DATA created 66d2c570ec4a467a3c77a85b succesfully
2024-08-31 13:25:36,930 pop.CPM_RT_mixins INFO     mongo_db = TemporaryRTModelCPM, topic = MQTT_RT_DATA created 66d2c570ec4a467a3c77a85c succesfully
2024-08-31 13:25:36,972 pop.CPM_RT_mixins INFO     mongo_db = TodayRTModelCPM, topic = MQTT_RT_DATA created 66d2c570ec4a467a3c77a85d succesfully
2024-08-31 13:26:07,816 pop.CPM_RT_mixins INFO     mongo_db = RTModelCPM, topic = MQTT_RT_DATA created 66d2c58fec4a467a3c77a861 succesfully
2024-08-31 13:26:07,825 pop.CPM_RT_mixins INFO     mongo_db = TemporaryRTModelCPM, topic = MQTT_RT_DATA created 66d2c58fec4a467a3c77a862 succesfully
2024-08-31 13:26:07,832 pop.CPM_RT_mixins INFO     mongo_db = TodayRTModelCPM, topic = MQTT_RT_DATA created 66d2c58fec4a467a3c77a863 succesfully
2024-08-31 13:26:37,633 pop.CPM_RT_mixins INFO     mongo_db = RTModelCPM, topic = MQTT_RT_DATA created 66d2c5adec4a467a3c77a867 succesfully
2024-08-31 13:26:37,674 pop.CPM_RT_mixins INFO     mongo_db = TemporaryRTModelCPM, topic = MQTT_RT_DATA created 66d2c5adec4a467a3c77a868 succesfully
2024-08-31 13:26:37,713 pop.CPM_RT_mixins INFO     mongo_db = TodayRTModelCPM, topic = MQTT_RT_DATA created 66d2c5adec4a467a3c77a869 succesfully
2024-08-31 13:27:07,406 pop.CPM_RT_mixins INFO     mongo_db = RTModelCPM, topic = MQTT_RT_DATA created 66d2c5cbec4a467a3c77a86d succesfully
2024-08-31 13:27:07,449 pop.CPM_RT_mixins INFO     mongo_db = TemporaryRTModelCPM, topic = MQTT_RT_DATA created 66d2c5cbec4a467a3c77a86e succesfully
2024-08-31 13:27:07,605 pop.CPM_RT_mixins INFO     mongo_db = TodayRTModelCPM, topic = MQTT_RT_DATA created 66d2c5cbec4a467a3c77a86f succesfully
2024-08-31 13:28:06,974 pop.CPM_RT_mixins INFO     mongo_db = RTModelCPM, topic = MQTT_RT_DATA created 66d2c606ec4a467a3c77a876 succesfully
2024-08-31 13:28:06,982 pop.CPM_RT_mixins INFO     mongo_db = TemporaryRTModelCPM, topic = MQTT_RT_DATA created 66d2c606ec4a467a3c77a877 succesfully
2024-08-31 13:28:06,989 pop.CPM_RT_mixins INFO     mongo_db = TodayRTModelCPM, topic = MQTT_RT_DATA created 66d2c606ec4a467a3c77a878 succesfully
2024-08-31 13:29:06,777 pop.CPM_RT_mixins INFO     mongo_db = RTModelCPM, topic = MQTT_RT_DATA created 66d2c642ec4a467a3c77a87f succesfully
2024-08-31 13:29:06,787 pop.CPM_RT_mixins INFO     mongo_db = TemporaryRTModelCPM, topic = MQTT_RT_DATA created 66d2c642ec4a467a3c77a880 succesfully
2024-08-31 13:29:06,794 pop.CPM_RT_mixins INFO     mongo_db = TodayRTModelCPM, topic = MQTT_RT_DATA created 66d2c642ec4a467a3c77a881 succesfully
2024-08-31 13:29:36,886 pop.CPM_RT_mixins INFO     mongo_db = RTModelCPM, topic = MQTT_RT_DATA created 66d2c660ec4a467a3c77a885 succesfully
2024-08-31 13:29:36,896 pop.CPM_RT_mixins INFO     mongo_db = TemporaryRTModelCPM, topic = MQTT_RT_DATA created 66d2c660ec4a467a3c77a886 succesfully
2024-08-31 13:29:36,903 pop.CPM_RT_mixins INFO     mongo_db = TodayRTModelCPM, topic = MQTT_RT_DATA created 66d2c660ec4a467a3c77a887 succesfully
2024-08-31 13:30:07,612 pop.CPM_RT_mixins INFO     mongo_db = RTModelCPM, topic = MQTT_RT_DATA created 66d2c67fec4a467a3c77a88b succesfully
2024-08-31 13:30:07,621 pop.CPM_RT_mixins INFO     mongo_db = TemporaryRTModelCPM, topic = MQTT_RT_DATA created 66d2c67fec4a467a3c77a88c succesfully
2024-08-31 13:30:07,630 pop.CPM_RT_mixins INFO     mongo_db = TodayRTModelCPM, topic = MQTT_RT_DATA created 66d2c67fec4a467a3c77a88d succesfully
