2024-08-29 03:18:20,355 django.request WARNING  Not Found: /favicon.ico
2024-08-29 03:34:33,802 pop.CPM_DAY_DATA_mongo_mixins INFO     mongo_db = DayDataModelCPM, topic = MQTT_DAY_DATA created 66cf97e9efd2e25dc69cf9f7 succesfully
2024-08-29 03:34:34,635 pop.CPM_ENY_NOW_mongo_mixins INFO     mongo_db = EnyNowDataModelCPM, topic = MQTT_ENY_NOW created 66cf97e9efd2e25dc69cf9f8 succesfully
2024-08-29 03:34:35,527 pop.CPM_ENY_NOW_mongo_mixins INFO     mongo_db = TemporaryEnyNowDataModelCPM, topic = MQTT_ENY_NOW created 66cf97eaefd2e25dc69cf9f9 succesfully
2024-08-29 03:34:36,509 pop.CPM_ENY_NOW_mongo_mixins INFO     mongo_db = TodayEnyNowDataModelCPM, topic = MQTT_ENY_NOW created 66cf97ebefd2e25dc69cf9fa succesfully
2024-08-29 03:34:37,367 pop.CPM_ENY_NOW_mongo_mixins INFO     mongo_db = Last7DaysEnyNowDataModelCPM, topic = MQTT_ENY_NOW created 66cf97ecefd2e25dc69cf9fb succesfully
2024-08-29 03:34:37,711 pop.CPM_RT_mixins INFO     mongo_db = RTModelCPM, topic = MQTT_RT_DATA created 66cf97edefd2e25dc69cf9fc succesfully
2024-08-29 03:34:38,014 pop.CPM_RT_mixins INFO     mongo_db = TemporaryRTModelCPM, topic = MQTT_RT_DATA created 66cf97edefd2e25dc69cf9fd succesfully
2024-08-29 03:34:38,328 pop.CPM_RT_mixins INFO     mongo_db = TodayRTModelCPM, topic = MQTT_RT_DATA created 66cf97eeefd2e25dc69cf9fe succesfully
2024-08-29 03:35:05,817 pop.CPM_RT_mixins INFO     mongo_db = RTModelCPM, topic = MQTT_RT_DATA created 66cf9809efd2e25dc69cf9ff succesfully
2024-08-29 03:35:05,827 pop.CPM_RT_mixins INFO     mongo_db = TemporaryRTModelCPM, topic = MQTT_RT_DATA created 66cf9809efd2e25dc69cfa00 succesfully
2024-08-29 03:35:05,836 pop.CPM_RT_mixins INFO     mongo_db = TodayRTModelCPM, topic = MQTT_RT_DATA created 66cf9809efd2e25dc69cfa01 succesfully
2024-08-29 03:35:36,943 pop.CPM_RT_mixins INFO     mongo_db = RTModelCPM, topic = MQTT_RT_DATA created 66cf9828efd2e25dc69cfa02 succesfully
2024-08-29 03:35:36,950 pop.CPM_RT_mixins INFO     mongo_db = TemporaryRTModelCPM, topic = MQTT_RT_DATA created 66cf9828efd2e25dc69cfa03 succesfully
2024-08-29 03:35:36,957 pop.CPM_RT_mixins INFO     mongo_db = TodayRTModelCPM, topic = MQTT_RT_DATA created 66cf9828efd2e25dc69cfa04 succesfully
2024-08-29 03:36:07,086 pop.CPM_RT_mixins INFO     mongo_db = RTModelCPM, topic = MQTT_RT_DATA created 66cf9847efd2e25dc69cfa05 succesfully
2024-08-29 03:36:07,093 pop.CPM_RT_mixins INFO     mongo_db = TemporaryRTModelCPM, topic = MQTT_RT_DATA created 66cf9847efd2e25dc69cfa06 succesfully
2024-08-29 03:36:07,100 pop.CPM_RT_mixins INFO     mongo_db = TodayRTModelCPM, topic = MQTT_RT_DATA created 66cf9847efd2e25dc69cfa07 succesfully
2024-08-29 03:36:35,701 pop.CPM_RT_mixins INFO     mongo_db = RTModelCPM, topic = MQTT_RT_DATA created 66cf9863efd2e25dc69cfa08 succesfully
2024-08-29 03:36:35,708 pop.CPM_RT_mixins INFO     mongo_db = TemporaryRTModelCPM, topic = MQTT_RT_DATA created 66cf9863efd2e25dc69cfa09 succesfully
2024-08-29 03:36:35,714 pop.CPM_RT_mixins INFO     mongo_db = TodayRTModelCPM, topic = MQTT_RT_DATA created 66cf9863efd2e25dc69cfa0a succesfully
2024-08-29 03:37:05,854 pop.CPM_RT_mixins INFO     mongo_db = RTModelCPM, topic = MQTT_RT_DATA created 66cf9881efd2e25dc69cfa0b succesfully
2024-08-29 03:37:05,864 pop.CPM_RT_mixins INFO     mongo_db = TemporaryRTModelCPM, topic = MQTT_RT_DATA created 66cf9881efd2e25dc69cfa0c succesfully
2024-08-29 03:37:05,872 pop.CPM_RT_mixins INFO     mongo_db = TodayRTModelCPM, topic = MQTT_RT_DATA created 66cf9881efd2e25dc69cfa0d succesfully
2024-08-29 03:41:11,728 pop.CPM_DAY_DATA_mongo_mixins INFO     mongo_db = DayDataModelCPM, topic = MQTT_DAY_DATA created 66cf9977773e4eb1ef6fc15a succesfully
2024-08-29 03:41:11,746 pop.CPM_ENY_NOW_mongo_mixins INFO     mongo_db = EnyNowDataModelCPM, topic = MQTT_ENY_NOW created 66cf9977773e4eb1ef6fc15b succesfully
2024-08-29 03:41:11,751 pop.CPM_ENY_NOW_mongo_mixins INFO     mongo_db = TemporaryEnyNowDataModelCPM, topic = MQTT_ENY_NOW created 66cf9977773e4eb1ef6fc15c succesfully
2024-08-29 03:41:11,756 pop.CPM_ENY_NOW_mongo_mixins INFO     mongo_db = TodayEnyNowDataModelCPM, topic = MQTT_ENY_NOW created 66cf9977773e4eb1ef6fc15d succesfully
2024-08-29 03:41:11,761 pop.CPM_ENY_NOW_mongo_mixins INFO     mongo_db = Last7DaysEnyNowDataModelCPM, topic = MQTT_ENY_NOW created 66cf9977773e4eb1ef6fc15e succesfully
2024-08-29 03:41:11,775 pop.CPM_RT_mixins INFO     mongo_db = RTModelCPM, topic = MQTT_RT_DATA created 66cf9977773e4eb1ef6fc15f succesfully
2024-08-29 03:41:11,783 pop.CPM_RT_mixins INFO     mongo_db = TemporaryRTModelCPM, topic = MQTT_RT_DATA created 66cf9977773e4eb1ef6fc160 succesfully
2024-08-29 03:41:11,791 pop.CPM_RT_mixins INFO     mongo_db = TodayRTModelCPM, topic = MQTT_RT_DATA created 66cf9977773e4eb1ef6fc161 succesfully
2024-08-29 03:41:35,882 pop.CPM_RT_mixins INFO     mongo_db = RTModelCPM, topic = MQTT_RT_DATA created 66cf998f773e4eb1ef6fc165 succesfully
2024-08-29 03:41:35,890 pop.CPM_RT_mixins INFO     mongo_db = TemporaryRTModelCPM, topic = MQTT_RT_DATA created 66cf998f773e4eb1ef6fc166 succesfully
2024-08-29 03:41:35,897 pop.CPM_RT_mixins INFO     mongo_db = TodayRTModelCPM, topic = MQTT_RT_DATA created 66cf998f773e4eb1ef6fc167 succesfully
2024-08-29 03:42:07,002 pop.CPM_RT_mixins INFO     mongo_db = RTModelCPM, topic = MQTT_RT_DATA created 66cf99af773e4eb1ef6fc16b succesfully
2024-08-29 03:42:07,010 pop.CPM_RT_mixins INFO     mongo_db = TemporaryRTModelCPM, topic = MQTT_RT_DATA created 66cf99af773e4eb1ef6fc16c succesfully
2024-08-29 03:42:07,019 pop.CPM_RT_mixins INFO     mongo_db = TodayRTModelCPM, topic = MQTT_RT_DATA created 66cf99af773e4eb1ef6fc16d succesfully
2024-08-29 03:42:36,645 pop.CPM_RT_mixins INFO     mongo_db = RTModelCPM, topic = MQTT_RT_DATA created 66cf99cc773e4eb1ef6fc171 succesfully
2024-08-29 03:42:36,658 pop.CPM_RT_mixins INFO     mongo_db = TemporaryRTModelCPM, topic = MQTT_RT_DATA created 66cf99cc773e4eb1ef6fc172 succesfully
2024-08-29 03:42:36,665 pop.CPM_RT_mixins INFO     mongo_db = TodayRTModelCPM, topic = MQTT_RT_DATA created 66cf99cc773e4eb1ef6fc173 succesfully
2024-08-29 03:43:06,821 pop.CPM_RT_mixins INFO     mongo_db = RTModelCPM, topic = MQTT_RT_DATA created 66cf99ea773e4eb1ef6fc177 succesfully
2024-08-29 03:43:06,831 pop.CPM_RT_mixins INFO     mongo_db = TemporaryRTModelCPM, topic = MQTT_RT_DATA created 66cf99ea773e4eb1ef6fc178 succesfully
2024-08-29 03:43:06,839 pop.CPM_RT_mixins INFO     mongo_db = TodayRTModelCPM, topic = MQTT_RT_DATA created 66cf99ea773e4eb1ef6fc179 succesfully
2024-08-29 03:43:36,939 pop.CPM_RT_mixins INFO     mongo_db = RTModelCPM, topic = MQTT_RT_DATA created 66cf9a08773e4eb1ef6fc17d succesfully
2024-08-29 03:43:36,948 pop.CPM_RT_mixins INFO     mongo_db = TemporaryRTModelCPM, topic = MQTT_RT_DATA created 66cf9a08773e4eb1ef6fc17e succesfully
2024-08-29 03:43:36,955 pop.CPM_RT_mixins INFO     mongo_db = TodayRTModelCPM, topic = MQTT_RT_DATA created 66cf9a08773e4eb1ef6fc17f succesfully
2024-08-29 03:44:07,050 pop.CPM_RT_mixins INFO     mongo_db = RTModelCPM, topic = MQTT_RT_DATA created 66cf9a27773e4eb1ef6fc183 succesfully
2024-08-29 03:44:07,056 pop.CPM_RT_mixins INFO     mongo_db = TemporaryRTModelCPM, topic = MQTT_RT_DATA created 66cf9a27773e4eb1ef6fc184 succesfully
2024-08-29 03:44:07,063 pop.CPM_RT_mixins INFO     mongo_db = TodayRTModelCPM, topic = MQTT_RT_DATA created 66cf9a27773e4eb1ef6fc185 succesfully
2024-08-29 03:44:36,691 pop.CPM_RT_mixins INFO     mongo_db = RTModelCPM, topic = MQTT_RT_DATA created 66cf9a44773e4eb1ef6fc189 succesfully
2024-08-29 03:44:36,698 pop.CPM_RT_mixins INFO     mongo_db = TemporaryRTModelCPM, topic = MQTT_RT_DATA created 66cf9a44773e4eb1ef6fc18a succesfully
2024-08-29 03:44:36,705 pop.CPM_RT_mixins INFO     mongo_db = TodayRTModelCPM, topic = MQTT_RT_DATA created 66cf9a44773e4eb1ef6fc18b succesfully
2024-08-29 03:45:05,837 pop.CPM_RT_mixins INFO     mongo_db = RTModelCPM, topic = MQTT_RT_DATA created 66cf9a61773e4eb1ef6fc18f succesfully
2024-08-29 03:45:05,844 pop.CPM_RT_mixins INFO     mongo_db = TemporaryRTModelCPM, topic = MQTT_RT_DATA created 66cf9a61773e4eb1ef6fc190 succesfully
2024-08-29 03:45:05,850 pop.CPM_RT_mixins INFO     mongo_db = TodayRTModelCPM, topic = MQTT_RT_DATA created 66cf9a61773e4eb1ef6fc191 succesfully
2024-08-29 03:46:07,030 pop.CPM_RT_mixins INFO     mongo_db = RTModelCPM, topic = MQTT_RT_DATA created 66cf9a9f773e4eb1ef6fc198 succesfully
2024-08-29 03:46:07,044 pop.CPM_RT_mixins INFO     mongo_db = TemporaryRTModelCPM, topic = MQTT_RT_DATA created 66cf9a9f773e4eb1ef6fc199 succesfully
2024-08-29 03:46:07,053 pop.CPM_RT_mixins INFO     mongo_db = TodayRTModelCPM, topic = MQTT_RT_DATA created 66cf9a9f773e4eb1ef6fc19a succesfully
2024-08-29 03:46:36,663 pop.CPM_RT_mixins INFO     mongo_db = RTModelCPM, topic = MQTT_RT_DATA created 66cf9abc773e4eb1ef6fc19e succesfully
2024-08-29 03:46:36,670 pop.CPM_RT_mixins INFO     mongo_db = TemporaryRTModelCPM, topic = MQTT_RT_DATA created 66cf9abc773e4eb1ef6fc19f succesfully
2024-08-29 03:46:36,676 pop.CPM_RT_mixins INFO     mongo_db = TodayRTModelCPM, topic = MQTT_RT_DATA created 66cf9abc773e4eb1ef6fc1a0 succesfully
