2025-02-06 15:26:23,920 django.request WARNING  Not Found: /favicon.ico
2025-02-06 15:41:44,334 pop.CPM_ENY_FRZ_mongo_mixins INFO     mongo_db = EnyFrzDataModelCPM, topic = MQTT_ENY_FRZ created 67a483d8486b6766355fa4f6 succesfully
2025-02-06 15:41:44,404 pop.CPM_DAY_DATA_mongo_mixins INFO     mongo_db = DayDataModelCPM, topic = MQTT_DAY_DATA created 67a483d8486b6766355fa4f7 succesfully
2025-02-06 15:41:44,503 pop.CPM_ENY_NOW_mongo_mixins INFO     mongo_db = EnyNowDataModelCPM, topic = MQTT_ENY_NOW created 67a483d8486b6766355fa4f8 succesfully
2025-02-06 15:41:44,548 pop.CPM_ENY_NOW_mongo_mixins INFO     mongo_db = TemporaryEnyNowDataModelCPM, topic = MQTT_ENY_NOW created 67a483d8486b6766355fa4f9 succesfully
2025-02-06 15:41:44,586 pop.CPM_ENY_NOW_mongo_mixins INFO     mongo_db = TodayEnyNowDataModelCPM, topic = MQTT_ENY_NOW created 67a483d8486b6766355fa4fa succesfully
2025-02-06 15:41:44,627 pop.CPM_ENY_NOW_mongo_mixins INFO     mongo_db = Last7DaysEnyNowDataModelCPM, topic = MQTT_ENY_NOW created 67a483d8486b6766355fa4fb succesfully
2025-02-06 15:41:44,688 pop.CPM_RT_mixins INFO     mongo_db = RTModelCPM, topic = MQTT_RT_DATA created 67a483d8486b6766355fa4fc succesfully
2025-02-06 15:41:44,738 pop.CPM_RT_mixins INFO     mongo_db = TemporaryRTModelCPM, topic = MQTT_RT_DATA created 67a483d8486b6766355fa4fd succesfully
2025-02-06 15:41:44,794 pop.CPM_RT_mixins INFO     mongo_db = TodayRTModelCPM, topic = MQTT_RT_DATA created 67a483d8486b6766355fa4fe succesfully
2025-02-06 15:42:01,048 pop.CPM_RT_mixins INFO     mongo_db = RTModelCPM, topic = MQTT_RT_DATA created 67a483e9486b6766355fa4ff succesfully
2025-02-06 15:42:01,061 pop.CPM_RT_mixins INFO     mongo_db = TemporaryRTModelCPM, topic = MQTT_RT_DATA created 67a483e9486b6766355fa500 succesfully
2025-02-06 15:42:01,074 pop.CPM_RT_mixins INFO     mongo_db = TodayRTModelCPM, topic = MQTT_RT_DATA created 67a483e9486b6766355fa501 succesfully
2025-02-06 15:42:40,526 pop.CPM_ENY_FRZ_mongo_mixins INFO     mongo_db = EnyFrzDataModelCPM, topic = MQTT_ENY_FRZ created 67a48410d5afec3047fa01b7 succesfully
2025-02-06 15:42:40,540 pop.CPM_DAY_DATA_mongo_mixins INFO     mongo_db = DayDataModelCPM, topic = MQTT_DAY_DATA created 67a48410d5afec3047fa01b8 succesfully
2025-02-06 15:42:40,583 pop.CPM_ENY_NOW_mongo_mixins INFO     mongo_db = EnyNowDataModelCPM, topic = MQTT_ENY_NOW created 67a48410d5afec3047fa01b9 succesfully
2025-02-06 15:42:40,596 pop.CPM_ENY_NOW_mongo_mixins INFO     mongo_db = TemporaryEnyNowDataModelCPM, topic = MQTT_ENY_NOW created 67a48410d5afec3047fa01ba succesfully
2025-02-06 15:42:40,607 pop.CPM_ENY_NOW_mongo_mixins INFO     mongo_db = TodayEnyNowDataModelCPM, topic = MQTT_ENY_NOW created 67a48410d5afec3047fa01bb succesfully
2025-02-06 15:42:40,617 pop.CPM_ENY_NOW_mongo_mixins INFO     mongo_db = Last7DaysEnyNowDataModelCPM, topic = MQTT_ENY_NOW created 67a48410d5afec3047fa01bc succesfully
2025-02-06 15:42:40,649 pop.CPM_RT_mixins INFO     mongo_db = RTModelCPM, topic = MQTT_RT_DATA created 67a48410d5afec3047fa01bd succesfully
2025-02-06 15:42:40,669 pop.CPM_RT_mixins INFO     mongo_db = TemporaryRTModelCPM, topic = MQTT_RT_DATA created 67a48410d5afec3047fa01be succesfully
2025-02-06 15:42:40,684 pop.CPM_RT_mixins INFO     mongo_db = TodayRTModelCPM, topic = MQTT_RT_DATA created 67a48410d5afec3047fa01bf succesfully
2025-02-06 15:42:59,786 pop.CPM_RT_mixins INFO     mongo_db = RTModelCPM, topic = MQTT_RT_DATA created 67a48423d5afec3047fa01c0 succesfully
2025-02-06 15:42:59,798 pop.CPM_RT_mixins INFO     mongo_db = TemporaryRTModelCPM, topic = MQTT_RT_DATA created 67a48423d5afec3047fa01c1 succesfully
2025-02-06 15:42:59,808 pop.CPM_RT_mixins INFO     mongo_db = TodayRTModelCPM, topic = MQTT_RT_DATA created 67a48423d5afec3047fa01c2 succesfully
2025-02-06 15:43:30,117 pop.CPM_RT_mixins INFO     mongo_db = RTModelCPM, topic = MQTT_RT_DATA created 67a48442d5afec3047fa01c3 succesfully
2025-02-06 15:43:30,142 pop.CPM_RT_mixins INFO     mongo_db = TemporaryRTModelCPM, topic = MQTT_RT_DATA created 67a48442d5afec3047fa01c4 succesfully
2025-02-06 15:43:30,161 pop.CPM_RT_mixins INFO     mongo_db = TodayRTModelCPM, topic = MQTT_RT_DATA created 67a48442d5afec3047fa01c5 succesfully
2025-02-06 15:43:34,131 django.request WARNING  Not Found: /api/v1.0/devices/
2025-02-06 15:43:34,151 django.request WARNING  Unauthorized: /api/v1.0/pop/cpm-latest-enynow-data/
2025-02-06 15:43:34,158 django.request WARNING  Unauthorized: /api/v1.0/pop/pop-devices/
2025-02-06 15:43:34,168 django.request WARNING  Unauthorized: /api/v1.0/pop/cpm-latest-rt-data/
2025-02-06 15:43:44,210 django.request WARNING  Unauthorized: /api/v1.0/pop/cpm-data/
2025-02-06 15:43:44,235 django.request WARNING  Unauthorized: /api/v1.0/pop/cpm-enynow-data/
2025-02-06 15:43:49,145 django.request WARNING  Unauthorized: /api/v1.0/pop/pop-devices/
2025-02-06 15:43:49,163 django.request WARNING  Not Found: /api/v1.0/devices/
2025-02-06 15:43:49,392 django.request WARNING  Unauthorized: /api/v1.0/pop/cpm-data/
2025-02-06 15:43:49,393 django.request WARNING  Unauthorized: /api/v1.0/pop/cpm-enynow-data/
2025-02-06 15:43:54,752 django.request WARNING  Not Found: /api/v1.0/devices/
2025-02-06 15:43:54,755 django.request WARNING  Unauthorized: /api/v1.0/pop/pop-devices/
2025-02-06 15:43:54,885 django.request WARNING  Unauthorized: /api/v1.0/pop/cpm-data/
2025-02-06 15:43:54,889 django.request WARNING  Unauthorized: /api/v1.0/pop/cpm-enynow-data/
2025-02-06 15:44:00,919 pop.CPM_RT_mixins INFO     mongo_db = RTModelCPM, topic = MQTT_RT_DATA created 67a48460d5afec3047fa01c6 succesfully
2025-02-06 15:44:00,931 pop.CPM_RT_mixins INFO     mongo_db = TemporaryRTModelCPM, topic = MQTT_RT_DATA created 67a48460d5afec3047fa01c7 succesfully
2025-02-06 15:44:00,941 pop.CPM_RT_mixins INFO     mongo_db = TodayRTModelCPM, topic = MQTT_RT_DATA created 67a48460d5afec3047fa01c8 succesfully
2025-02-06 15:44:28,050 django.request WARNING  Unauthorized: /api/v1.0/pop/pop-devices/
2025-02-06 15:44:28,056 django.request WARNING  Not Found: /api/v1.0/devices/
2025-02-06 15:44:28,208 django.request WARNING  Unauthorized: /api/v1.0/pop/cpm-enynow-data/
2025-02-06 15:44:28,209 django.request WARNING  Unauthorized: /api/v1.0/pop/cpm-data/
2025-02-06 15:44:29,788 pop.CPM_RT_mixins INFO     mongo_db = RTModelCPM, topic = MQTT_RT_DATA created 67a4847dd5afec3047fa01c9 succesfully
2025-02-06 15:44:29,801 pop.CPM_RT_mixins INFO     mongo_db = TemporaryRTModelCPM, topic = MQTT_RT_DATA created 67a4847dd5afec3047fa01ca succesfully
2025-02-06 15:44:29,812 pop.CPM_RT_mixins INFO     mongo_db = TodayRTModelCPM, topic = MQTT_RT_DATA created 67a4847dd5afec3047fa01cb succesfully
2025-02-06 15:44:37,043 django.request WARNING  Unauthorized: /api/v1.0/pop/cpm-enynow-data/
2025-02-06 15:44:37,045 django.request WARNING  Unauthorized: /api/v1.0/pop/cpm-data/
2025-02-06 15:44:57,771 django.request WARNING  Unauthorized: /api/v1.0/pop/pop-devices/
2025-02-06 15:44:57,787 django.request WARNING  Not Found: /api/v1.0/devices/
2025-02-06 15:44:57,948 django.request WARNING  Unauthorized: /api/v1.0/pop/cpm-data/
2025-02-06 15:44:57,948 django.request WARNING  Unauthorized: /api/v1.0/pop/cpm-enynow-data/
2025-02-06 15:45:00,516 django.request WARNING  Unauthorized: /api/v1.0/pop/pop-devices/
2025-02-06 15:45:00,522 django.request WARNING  Not Found: /api/v1.0/devices/
2025-02-06 15:45:00,844 django.request WARNING  Unauthorized: /api/v1.0/pop/cpm-data/
2025-02-06 15:45:00,846 django.request WARNING  Unauthorized: /api/v1.0/pop/cpm-enynow-data/
2025-02-06 15:45:01,068 pop.CPM_RT_mixins INFO     mongo_db = RTModelCPM, topic = MQTT_RT_DATA created 67a4849dd5afec3047fa01cc succesfully
2025-02-06 15:45:01,082 pop.CPM_RT_mixins INFO     mongo_db = TemporaryRTModelCPM, topic = MQTT_RT_DATA created 67a4849dd5afec3047fa01cd succesfully
2025-02-06 15:45:01,102 pop.CPM_RT_mixins INFO     mongo_db = TodayRTModelCPM, topic = MQTT_RT_DATA created 67a4849dd5afec3047fa01ce succesfully
2025-02-06 15:45:30,040 pop.CPM_RT_mixins INFO     mongo_db = RTModelCPM, topic = MQTT_RT_DATA created 67a484bad5afec3047fa01cf succesfully
2025-02-06 15:45:30,051 pop.CPM_RT_mixins INFO     mongo_db = TemporaryRTModelCPM, topic = MQTT_RT_DATA created 67a484bad5afec3047fa01d0 succesfully
2025-02-06 15:45:30,063 pop.CPM_RT_mixins INFO     mongo_db = TodayRTModelCPM, topic = MQTT_RT_DATA created 67a484bad5afec3047fa01d1 succesfully
2025-02-06 15:46:00,824 django.request WARNING  Unauthorized: /api/v1.0/pop/cpm-data/
2025-02-06 15:46:00,884 pop.CPM_RT_mixins INFO     mongo_db = RTModelCPM, topic = MQTT_RT_DATA created 67a484d8d5afec3047fa01d2 succesfully
2025-02-06 15:46:00,896 pop.CPM_RT_mixins INFO     mongo_db = TemporaryRTModelCPM, topic = MQTT_RT_DATA created 67a484d8d5afec3047fa01d3 succesfully
2025-02-06 15:46:00,909 pop.CPM_RT_mixins INFO     mongo_db = TodayRTModelCPM, topic = MQTT_RT_DATA created 67a484d8d5afec3047fa01d4 succesfully
2025-02-06 15:46:12,575 django.request WARNING  Not Found: /api/v1.0/devices/
2025-02-06 15:46:12,588 django.request WARNING  Unauthorized: /api/v1.0/pop/pop-devices/
2025-02-06 15:46:12,747 django.request WARNING  Unauthorized: /api/v1.0/pop/cpm-enynow-data/
2025-02-06 15:46:12,747 django.request WARNING  Unauthorized: /api/v1.0/pop/cpm-data/
2025-02-06 15:46:30,730 pop.CPM_RT_mixins INFO     mongo_db = RTModelCPM, topic = MQTT_RT_DATA created 67a484f6d5afec3047fa01d5 succesfully
2025-02-06 15:46:30,748 pop.CPM_RT_mixins INFO     mongo_db = TemporaryRTModelCPM, topic = MQTT_RT_DATA created 67a484f6d5afec3047fa01d6 succesfully
2025-02-06 15:46:30,766 pop.CPM_RT_mixins INFO     mongo_db = TodayRTModelCPM, topic = MQTT_RT_DATA created 67a484f6d5afec3047fa01d7 succesfully
2025-02-06 15:46:48,249 django.request WARNING  Unauthorized: /api/v1.0/pop/cpm-latest-rt-data/
2025-02-06 15:46:48,262 django.request WARNING  Unauthorized: /api/v1.0/pop/cpm-latest-enynow-data/
2025-02-06 15:46:52,800 django.request WARNING  Unauthorized: /api/v1.0/pop/cpm-enynow-data/
2025-02-06 15:46:52,801 django.request WARNING  Unauthorized: /api/v1.0/pop/cpm-data/
2025-02-06 15:47:00,044 pop.CPM_RT_mixins INFO     mongo_db = RTModelCPM, topic = MQTT_RT_DATA created 67a48514d5afec3047fa01d8 succesfully
2025-02-06 15:47:00,056 pop.CPM_RT_mixins INFO     mongo_db = TemporaryRTModelCPM, topic = MQTT_RT_DATA created 67a48514d5afec3047fa01d9 succesfully
2025-02-06 15:47:00,067 pop.CPM_RT_mixins INFO     mongo_db = TodayRTModelCPM, topic = MQTT_RT_DATA created 67a48514d5afec3047fa01da succesfully
2025-02-06 15:47:30,820 pop.CPM_RT_mixins INFO     mongo_db = RTModelCPM, topic = MQTT_RT_DATA created 67a48532d5afec3047fa01db succesfully
2025-02-06 15:47:30,832 pop.CPM_RT_mixins INFO     mongo_db = TemporaryRTModelCPM, topic = MQTT_RT_DATA created 67a48532d5afec3047fa01dc succesfully
2025-02-06 15:47:30,844 pop.CPM_RT_mixins INFO     mongo_db = TodayRTModelCPM, topic = MQTT_RT_DATA created 67a48532d5afec3047fa01dd succesfully
2025-02-06 15:47:52,832 django.request WARNING  Unauthorized: /api/v1.0/pop/cpm-data/
2025-02-06 15:48:00,714 pop.CPM_RT_mixins INFO     mongo_db = RTModelCPM, topic = MQTT_RT_DATA created 67a48550d5afec3047fa01de succesfully
2025-02-06 15:48:00,729 pop.CPM_RT_mixins INFO     mongo_db = TemporaryRTModelCPM, topic = MQTT_RT_DATA created 67a48550d5afec3047fa01df succesfully
2025-02-06 15:48:00,740 pop.CPM_RT_mixins INFO     mongo_db = TodayRTModelCPM, topic = MQTT_RT_DATA created 67a48550d5afec3047fa01e0 succesfully
2025-02-06 15:48:31,095 pop.CPM_RT_mixins INFO     mongo_db = RTModelCPM, topic = MQTT_RT_DATA created 67a4856fd5afec3047fa01e1 succesfully
2025-02-06 15:48:31,108 pop.CPM_RT_mixins INFO     mongo_db = TemporaryRTModelCPM, topic = MQTT_RT_DATA created 67a4856fd5afec3047fa01e2 succesfully
2025-02-06 15:48:31,119 pop.CPM_RT_mixins INFO     mongo_db = TodayRTModelCPM, topic = MQTT_RT_DATA created 67a4856fd5afec3047fa01e3 succesfully
2025-02-06 15:48:43,957 django.request WARNING  Not Found: /api/v1.0/devices/
2025-02-06 15:49:00,012 pop.CPM_RT_mixins INFO     mongo_db = RTModelCPM, topic = MQTT_RT_DATA created 67a4858cd5afec3047fa01e4 succesfully
2025-02-06 15:49:00,026 pop.CPM_RT_mixins INFO     mongo_db = TemporaryRTModelCPM, topic = MQTT_RT_DATA created 67a4858cd5afec3047fa01e5 succesfully
2025-02-06 15:49:00,036 pop.CPM_RT_mixins INFO     mongo_db = TodayRTModelCPM, topic = MQTT_RT_DATA created 67a4858cd5afec3047fa01e6 succesfully
2025-02-06 15:49:30,856 pop.CPM_RT_mixins INFO     mongo_db = RTModelCPM, topic = MQTT_RT_DATA created 67a485aad5afec3047fa01e7 succesfully
2025-02-06 15:49:30,871 pop.CPM_RT_mixins INFO     mongo_db = TemporaryRTModelCPM, topic = MQTT_RT_DATA created 67a485aad5afec3047fa01e8 succesfully
2025-02-06 15:49:30,884 pop.CPM_RT_mixins INFO     mongo_db = TodayRTModelCPM, topic = MQTT_RT_DATA created 67a485aad5afec3047fa01e9 succesfully
2025-02-06 15:49:59,713 pop.CPM_RT_mixins INFO     mongo_db = RTModelCPM, topic = MQTT_RT_DATA created 67a485c7d5afec3047fa01ea succesfully
2025-02-06 15:49:59,727 pop.CPM_RT_mixins INFO     mongo_db = TemporaryRTModelCPM, topic = MQTT_RT_DATA created 67a485c7d5afec3047fa01eb succesfully
2025-02-06 15:49:59,742 pop.CPM_RT_mixins INFO     mongo_db = TodayRTModelCPM, topic = MQTT_RT_DATA created 67a485c7d5afec3047fa01ec succesfully
2025-02-06 15:50:31,048 pop.CPM_RT_mixins INFO     mongo_db = RTModelCPM, topic = MQTT_RT_DATA created 67a485e7d5afec3047fa01ed succesfully
2025-02-06 15:50:31,064 pop.CPM_RT_mixins INFO     mongo_db = TemporaryRTModelCPM, topic = MQTT_RT_DATA created 67a485e7d5afec3047fa01ee succesfully
2025-02-06 15:50:31,080 pop.CPM_RT_mixins INFO     mongo_db = TodayRTModelCPM, topic = MQTT_RT_DATA created 67a485e7d5afec3047fa01ef succesfully
2025-02-06 15:51:00,901 pop.CPM_RT_mixins INFO     mongo_db = RTModelCPM, topic = MQTT_RT_DATA created 67a48604d5afec3047fa01f0 succesfully
2025-02-06 15:51:00,923 pop.CPM_RT_mixins INFO     mongo_db = TemporaryRTModelCPM, topic = MQTT_RT_DATA created 67a48604d5afec3047fa01f1 succesfully
2025-02-06 15:51:00,944 pop.CPM_RT_mixins INFO     mongo_db = TodayRTModelCPM, topic = MQTT_RT_DATA created 67a48604d5afec3047fa01f2 succesfully
2025-02-06 15:51:30,161 pop.CPM_RT_mixins INFO     mongo_db = RTModelCPM, topic = MQTT_RT_DATA created 67a48622d5afec3047fa01f3 succesfully
2025-02-06 15:51:30,173 pop.CPM_RT_mixins INFO     mongo_db = TemporaryRTModelCPM, topic = MQTT_RT_DATA created 67a48622d5afec3047fa01f4 succesfully
2025-02-06 15:51:30,185 pop.CPM_RT_mixins INFO     mongo_db = TodayRTModelCPM, topic = MQTT_RT_DATA created 67a48622d5afec3047fa01f5 succesfully
2025-02-06 15:52:00,994 pop.CPM_RT_mixins INFO     mongo_db = RTModelCPM, topic = MQTT_RT_DATA created 67a48640d5afec3047fa01f6 succesfully
2025-02-06 15:52:01,009 pop.CPM_RT_mixins INFO     mongo_db = TemporaryRTModelCPM, topic = MQTT_RT_DATA created 67a48641d5afec3047fa01f7 succesfully
2025-02-06 15:52:01,023 pop.CPM_RT_mixins INFO     mongo_db = TodayRTModelCPM, topic = MQTT_RT_DATA created 67a48641d5afec3047fa01f8 succesfully
2025-02-06 15:52:30,872 pop.CPM_RT_mixins INFO     mongo_db = RTModelCPM, topic = MQTT_RT_DATA created 67a4865ed5afec3047fa01f9 succesfully
2025-02-06 15:52:30,893 pop.CPM_RT_mixins INFO     mongo_db = TemporaryRTModelCPM, topic = MQTT_RT_DATA created 67a4865ed5afec3047fa01fa succesfully
2025-02-06 15:52:30,906 pop.CPM_RT_mixins INFO     mongo_db = TodayRTModelCPM, topic = MQTT_RT_DATA created 67a4865ed5afec3047fa01fb succesfully
2025-02-06 15:53:00,703 pop.CPM_RT_mixins INFO     mongo_db = RTModelCPM, topic = MQTT_RT_DATA created 67a4867cd5afec3047fa01fc succesfully
2025-02-06 15:53:00,717 pop.CPM_RT_mixins INFO     mongo_db = TemporaryRTModelCPM, topic = MQTT_RT_DATA created 67a4867cd5afec3047fa01fd succesfully
2025-02-06 15:53:00,734 pop.CPM_RT_mixins INFO     mongo_db = TodayRTModelCPM, topic = MQTT_RT_DATA created 67a4867cd5afec3047fa01fe succesfully
2025-02-06 15:53:31,044 pop.CPM_RT_mixins INFO     mongo_db = RTModelCPM, topic = MQTT_RT_DATA created 67a4869bd5afec3047fa01ff succesfully
2025-02-06 15:53:31,056 pop.CPM_RT_mixins INFO     mongo_db = TemporaryRTModelCPM, topic = MQTT_RT_DATA created 67a4869bd5afec3047fa0200 succesfully
2025-02-06 15:53:31,068 pop.CPM_RT_mixins INFO     mongo_db = TodayRTModelCPM, topic = MQTT_RT_DATA created 67a4869bd5afec3047fa0201 succesfully
2025-02-06 15:53:37,707 pop.CPM_ENY_NOW_mongo_mixins INFO     mongo_db = EnyNowDataModelCPM, topic = MQTT_ENY_NOW created 67a486a1d5afec3047fa0202 succesfully
2025-02-06 15:53:37,715 pop.CPM_ENY_NOW_mongo_mixins INFO     mongo_db = TemporaryEnyNowDataModelCPM, topic = MQTT_ENY_NOW created 67a486a1d5afec3047fa0203 succesfully
2025-02-06 15:53:37,722 pop.CPM_ENY_NOW_mongo_mixins INFO     mongo_db = TodayEnyNowDataModelCPM, topic = MQTT_ENY_NOW created 67a486a1d5afec3047fa0204 succesfully
2025-02-06 15:53:37,728 pop.CPM_ENY_NOW_mongo_mixins INFO     mongo_db = Last7DaysEnyNowDataModelCPM, topic = MQTT_ENY_NOW created 67a486a1d5afec3047fa0205 succesfully
2025-02-06 15:54:00,028 pop.CPM_RT_mixins INFO     mongo_db = RTModelCPM, topic = MQTT_RT_DATA created 67a486b8d5afec3047fa0206 succesfully
2025-02-06 15:54:00,041 pop.CPM_RT_mixins INFO     mongo_db = TemporaryRTModelCPM, topic = MQTT_RT_DATA created 67a486b8d5afec3047fa0207 succesfully
2025-02-06 15:54:00,054 pop.CPM_RT_mixins INFO     mongo_db = TodayRTModelCPM, topic = MQTT_RT_DATA created 67a486b8d5afec3047fa0208 succesfully
2025-02-06 15:54:23,351 django.request WARNING  Not Found: /api/v1.0/devices/
2025-02-06 15:54:29,862 pop.CPM_RT_mixins INFO     mongo_db = RTModelCPM, topic = MQTT_RT_DATA created 67a486d5d5afec3047fa0209 succesfully
2025-02-06 15:54:29,874 pop.CPM_RT_mixins INFO     mongo_db = TemporaryRTModelCPM, topic = MQTT_RT_DATA created 67a486d5d5afec3047fa020a succesfully
2025-02-06 15:54:29,887 pop.CPM_RT_mixins INFO     mongo_db = TodayRTModelCPM, topic = MQTT_RT_DATA created 67a486d5d5afec3047fa020b succesfully
2025-02-06 15:55:00,696 pop.CPM_RT_mixins INFO     mongo_db = RTModelCPM, topic = MQTT_RT_DATA created 67a486f4d5afec3047fa020c succesfully
2025-02-06 15:55:00,714 pop.CPM_RT_mixins INFO     mongo_db = TemporaryRTModelCPM, topic = MQTT_RT_DATA created 67a486f4d5afec3047fa020d succesfully
2025-02-06 15:55:00,728 pop.CPM_RT_mixins INFO     mongo_db = TodayRTModelCPM, topic = MQTT_RT_DATA created 67a486f4d5afec3047fa020e succesfully
2025-02-06 15:55:06,162 django.request WARNING  Not Found: /api/v1.0/devices/
2025-02-06 15:55:31,044 pop.CPM_RT_mixins INFO     mongo_db = RTModelCPM, topic = MQTT_RT_DATA created 67a48713d5afec3047fa020f succesfully
2025-02-06 15:55:31,064 pop.CPM_RT_mixins INFO     mongo_db = TemporaryRTModelCPM, topic = MQTT_RT_DATA created 67a48713d5afec3047fa0210 succesfully
2025-02-06 15:55:31,089 pop.CPM_RT_mixins INFO     mongo_db = TodayRTModelCPM, topic = MQTT_RT_DATA created 67a48713d5afec3047fa0211 succesfully
2025-02-06 15:55:49,375 django.request WARNING  Not Found: /api/v1.0/devices/
2025-02-06 15:56:00,916 pop.CPM_RT_mixins INFO     mongo_db = RTModelCPM, topic = MQTT_RT_DATA created 67a48730d5afec3047fa0212 succesfully
2025-02-06 15:56:00,941 pop.CPM_RT_mixins INFO     mongo_db = TemporaryRTModelCPM, topic = MQTT_RT_DATA created 67a48730d5afec3047fa0213 succesfully
2025-02-06 15:56:00,957 pop.CPM_RT_mixins INFO     mongo_db = TodayRTModelCPM, topic = MQTT_RT_DATA created 67a48730d5afec3047fa0214 succesfully
2025-02-06 15:56:29,705 pop.CPM_RT_mixins INFO     mongo_db = RTModelCPM, topic = MQTT_RT_DATA created 67a4874dd5afec3047fa0215 succesfully
2025-02-06 15:56:29,717 pop.CPM_RT_mixins INFO     mongo_db = TemporaryRTModelCPM, topic = MQTT_RT_DATA created 67a4874dd5afec3047fa0216 succesfully
2025-02-06 15:56:29,730 pop.CPM_RT_mixins INFO     mongo_db = TodayRTModelCPM, topic = MQTT_RT_DATA created 67a4874dd5afec3047fa0217 succesfully
2025-02-06 15:57:01,042 pop.CPM_RT_mixins INFO     mongo_db = RTModelCPM, topic = MQTT_RT_DATA created 67a4876dd5afec3047fa0218 succesfully
2025-02-06 15:57:01,065 pop.CPM_RT_mixins INFO     mongo_db = TemporaryRTModelCPM, topic = MQTT_RT_DATA created 67a4876dd5afec3047fa0219 succesfully
2025-02-06 15:57:01,091 pop.CPM_RT_mixins INFO     mongo_db = TodayRTModelCPM, topic = MQTT_RT_DATA created 67a4876dd5afec3047fa021a succesfully
2025-02-06 15:57:29,875 pop.CPM_RT_mixins INFO     mongo_db = RTModelCPM, topic = MQTT_RT_DATA created 67a48789d5afec3047fa021b succesfully
2025-02-06 15:57:29,888 pop.CPM_RT_mixins INFO     mongo_db = TemporaryRTModelCPM, topic = MQTT_RT_DATA created 67a48789d5afec3047fa021c succesfully
2025-02-06 15:57:29,900 pop.CPM_RT_mixins INFO     mongo_db = TodayRTModelCPM, topic = MQTT_RT_DATA created 67a48789d5afec3047fa021d succesfully
2025-02-06 15:57:31,506 django.request WARNING  Not Found: /api/v1.0/devices/
2025-02-06 15:57:46,077 django.request WARNING  Not Found: /api/v1.0/devices/
2025-02-06 15:57:59,712 pop.CPM_RT_mixins INFO     mongo_db = RTModelCPM, topic = MQTT_RT_DATA created 67a487a7d5afec3047fa021e succesfully
2025-02-06 15:57:59,723 pop.CPM_RT_mixins INFO     mongo_db = TemporaryRTModelCPM, topic = MQTT_RT_DATA created 67a487a7d5afec3047fa021f succesfully
2025-02-06 15:57:59,737 pop.CPM_RT_mixins INFO     mongo_db = TodayRTModelCPM, topic = MQTT_RT_DATA created 67a487a7d5afec3047fa0220 succesfully
2025-02-06 15:58:31,155 pop.CPM_RT_mixins INFO     mongo_db = RTModelCPM, topic = MQTT_RT_DATA created 67a487c7d5afec3047fa0221 succesfully
2025-02-06 15:58:31,170 pop.CPM_RT_mixins INFO     mongo_db = TemporaryRTModelCPM, topic = MQTT_RT_DATA created 67a487c7d5afec3047fa0222 succesfully
2025-02-06 15:58:31,181 pop.CPM_RT_mixins INFO     mongo_db = TodayRTModelCPM, topic = MQTT_RT_DATA created 67a487c7d5afec3047fa0223 succesfully
2025-02-06 15:59:01,038 pop.CPM_RT_mixins INFO     mongo_db = RTModelCPM, topic = MQTT_RT_DATA created 67a487e5d5afec3047fa0224 succesfully
2025-02-06 15:59:01,055 pop.CPM_RT_mixins INFO     mongo_db = TemporaryRTModelCPM, topic = MQTT_RT_DATA created 67a487e5d5afec3047fa0225 succesfully
2025-02-06 15:59:01,069 pop.CPM_RT_mixins INFO     mongo_db = TodayRTModelCPM, topic = MQTT_RT_DATA created 67a487e5d5afec3047fa0226 succesfully
2025-02-06 15:59:30,766 pop.CPM_RT_mixins INFO     mongo_db = RTModelCPM, topic = MQTT_RT_DATA created 67a48802d5afec3047fa0227 succesfully
2025-02-06 15:59:30,781 pop.CPM_RT_mixins INFO     mongo_db = TemporaryRTModelCPM, topic = MQTT_RT_DATA created 67a48802d5afec3047fa0228 succesfully
2025-02-06 15:59:30,801 pop.CPM_RT_mixins INFO     mongo_db = TodayRTModelCPM, topic = MQTT_RT_DATA created 67a48802d5afec3047fa0229 succesfully
2025-02-06 16:00:01,083 pop.CPM_RT_mixins INFO     mongo_db = RTModelCPM, topic = MQTT_RT_DATA created 67a48821d5afec3047fa022a succesfully
2025-02-06 16:00:01,097 pop.CPM_RT_mixins INFO     mongo_db = TemporaryRTModelCPM, topic = MQTT_RT_DATA created 67a48821d5afec3047fa022b succesfully
2025-02-06 16:00:01,110 pop.CPM_RT_mixins INFO     mongo_db = TodayRTModelCPM, topic = MQTT_RT_DATA created 67a48821d5afec3047fa022c succesfully
2025-02-06 16:00:29,954 pop.CPM_RT_mixins INFO     mongo_db = RTModelCPM, topic = MQTT_RT_DATA created 67a4883dd5afec3047fa022d succesfully
2025-02-06 16:00:29,969 pop.CPM_RT_mixins INFO     mongo_db = TemporaryRTModelCPM, topic = MQTT_RT_DATA created 67a4883dd5afec3047fa022e succesfully
2025-02-06 16:00:29,982 pop.CPM_RT_mixins INFO     mongo_db = TodayRTModelCPM, topic = MQTT_RT_DATA created 67a4883dd5afec3047fa022f succesfully
2025-02-06 16:01:00,765 pop.CPM_RT_mixins INFO     mongo_db = RTModelCPM, topic = MQTT_RT_DATA created 67a4885cd5afec3047fa0230 succesfully
2025-02-06 16:01:00,783 pop.CPM_RT_mixins INFO     mongo_db = TemporaryRTModelCPM, topic = MQTT_RT_DATA created 67a4885cd5afec3047fa0231 succesfully
2025-02-06 16:01:00,801 pop.CPM_RT_mixins INFO     mongo_db = TodayRTModelCPM, topic = MQTT_RT_DATA created 67a4885cd5afec3047fa0232 succesfully
2025-02-06 16:01:31,085 pop.CPM_RT_mixins INFO     mongo_db = RTModelCPM, topic = MQTT_RT_DATA created 67a4887bd5afec3047fa0233 succesfully
2025-02-06 16:01:31,105 pop.CPM_RT_mixins INFO     mongo_db = TemporaryRTModelCPM, topic = MQTT_RT_DATA created 67a4887bd5afec3047fa0234 succesfully
2025-02-06 16:01:31,163 pop.CPM_RT_mixins INFO     mongo_db = TodayRTModelCPM, topic = MQTT_RT_DATA created 67a4887bd5afec3047fa0235 succesfully
2025-02-06 16:02:00,878 pop.CPM_RT_mixins INFO     mongo_db = RTModelCPM, topic = MQTT_RT_DATA created 67a48898d5afec3047fa0236 succesfully
2025-02-06 16:02:00,893 pop.CPM_RT_mixins INFO     mongo_db = TemporaryRTModelCPM, topic = MQTT_RT_DATA created 67a48898d5afec3047fa0237 succesfully
2025-02-06 16:02:00,912 pop.CPM_RT_mixins INFO     mongo_db = TodayRTModelCPM, topic = MQTT_RT_DATA created 67a48898d5afec3047fa0238 succesfully
2025-02-06 16:02:30,717 pop.CPM_RT_mixins INFO     mongo_db = RTModelCPM, topic = MQTT_RT_DATA created 67a488b6d5afec3047fa0239 succesfully
2025-02-06 16:02:30,731 pop.CPM_RT_mixins INFO     mongo_db = TemporaryRTModelCPM, topic = MQTT_RT_DATA created 67a488b6d5afec3047fa023a succesfully
2025-02-06 16:02:30,743 pop.CPM_RT_mixins INFO     mongo_db = TodayRTModelCPM, topic = MQTT_RT_DATA created 67a488b6d5afec3047fa023b succesfully
2025-02-06 16:03:30,094 pop.CPM_RT_mixins INFO     mongo_db = RTModelCPM, topic = MQTT_RT_DATA created 67a488f2d5afec3047fa023c succesfully
2025-02-06 16:03:30,111 pop.CPM_RT_mixins INFO     mongo_db = TemporaryRTModelCPM, topic = MQTT_RT_DATA created 67a488f2d5afec3047fa023d succesfully
2025-02-06 16:03:30,122 pop.CPM_RT_mixins INFO     mongo_db = TodayRTModelCPM, topic = MQTT_RT_DATA created 67a488f2d5afec3047fa023e succesfully
2025-02-06 16:04:29,939 pop.CPM_RT_mixins INFO     mongo_db = RTModelCPM, topic = MQTT_RT_DATA created 67a4892dd5afec3047fa023f succesfully
2025-02-06 16:04:29,954 pop.CPM_RT_mixins INFO     mongo_db = TemporaryRTModelCPM, topic = MQTT_RT_DATA created 67a4892dd5afec3047fa0240 succesfully
2025-02-06 16:04:29,968 pop.CPM_RT_mixins INFO     mongo_db = TodayRTModelCPM, topic = MQTT_RT_DATA created 67a4892dd5afec3047fa0241 succesfully
2025-02-06 16:05:30,771 pop.CPM_RT_mixins INFO     mongo_db = RTModelCPM, topic = MQTT_RT_DATA created 67a4896ad5afec3047fa0242 succesfully
2025-02-06 16:05:30,784 pop.CPM_RT_mixins INFO     mongo_db = TemporaryRTModelCPM, topic = MQTT_RT_DATA created 67a4896ad5afec3047fa0243 succesfully
2025-02-06 16:05:30,800 pop.CPM_RT_mixins INFO     mongo_db = TodayRTModelCPM, topic = MQTT_RT_DATA created 67a4896ad5afec3047fa0244 succesfully
2025-02-06 16:05:57,919 django.request WARNING  Not Found: /api/v1.0/devices/
2025-02-06 16:06:00,081 pop.CPM_RT_mixins INFO     mongo_db = RTModelCPM, topic = MQTT_RT_DATA created 67a48988d5afec3047fa0245 succesfully
2025-02-06 16:06:00,096 pop.CPM_RT_mixins INFO     mongo_db = TemporaryRTModelCPM, topic = MQTT_RT_DATA created 67a48988d5afec3047fa0246 succesfully
2025-02-06 16:06:00,110 pop.CPM_RT_mixins INFO     mongo_db = TodayRTModelCPM, topic = MQTT_RT_DATA created 67a48988d5afec3047fa0247 succesfully
2025-02-06 16:06:30,923 pop.CPM_RT_mixins INFO     mongo_db = RTModelCPM, topic = MQTT_RT_DATA created 67a489a6d5afec3047fa0248 succesfully
2025-02-06 16:06:30,943 pop.CPM_RT_mixins INFO     mongo_db = TemporaryRTModelCPM, topic = MQTT_RT_DATA created 67a489a6d5afec3047fa0249 succesfully
2025-02-06 16:06:30,959 pop.CPM_RT_mixins INFO     mongo_db = TodayRTModelCPM, topic = MQTT_RT_DATA created 67a489a6d5afec3047fa024a succesfully
2025-02-06 16:06:59,748 pop.CPM_RT_mixins INFO     mongo_db = RTModelCPM, topic = MQTT_RT_DATA created 67a489c3d5afec3047fa024b succesfully
2025-02-06 16:06:59,759 pop.CPM_RT_mixins INFO     mongo_db = TemporaryRTModelCPM, topic = MQTT_RT_DATA created 67a489c3d5afec3047fa024c succesfully
2025-02-06 16:06:59,771 pop.CPM_RT_mixins INFO     mongo_db = TodayRTModelCPM, topic = MQTT_RT_DATA created 67a489c3d5afec3047fa024d succesfully
2025-02-06 16:07:30,109 pop.CPM_RT_mixins INFO     mongo_db = RTModelCPM, topic = MQTT_RT_DATA created 67a489e2d5afec3047fa024e succesfully
2025-02-06 16:07:30,121 pop.CPM_RT_mixins INFO     mongo_db = TemporaryRTModelCPM, topic = MQTT_RT_DATA created 67a489e2d5afec3047fa024f succesfully
2025-02-06 16:07:30,133 pop.CPM_RT_mixins INFO     mongo_db = TodayRTModelCPM, topic = MQTT_RT_DATA created 67a489e2d5afec3047fa0250 succesfully
2025-02-06 16:08:00,000 pop.CPM_RT_mixins INFO     mongo_db = RTModelCPM, topic = MQTT_RT_DATA created 67a489ffd5afec3047fa0251 succesfully
2025-02-06 16:08:00,016 pop.CPM_RT_mixins INFO     mongo_db = TemporaryRTModelCPM, topic = MQTT_RT_DATA created 67a48a00d5afec3047fa0252 succesfully
2025-02-06 16:08:00,030 pop.CPM_RT_mixins INFO     mongo_db = TodayRTModelCPM, topic = MQTT_RT_DATA created 67a48a00d5afec3047fa0253 succesfully
2025-02-06 16:08:30,880 pop.CPM_RT_mixins INFO     mongo_db = RTModelCPM, topic = MQTT_RT_DATA created 67a48a1ed5afec3047fa0254 succesfully
2025-02-06 16:08:30,893 pop.CPM_RT_mixins INFO     mongo_db = TemporaryRTModelCPM, topic = MQTT_RT_DATA created 67a48a1ed5afec3047fa0255 succesfully
2025-02-06 16:08:30,903 pop.CPM_RT_mixins INFO     mongo_db = TodayRTModelCPM, topic = MQTT_RT_DATA created 67a48a1ed5afec3047fa0256 succesfully
2025-02-06 16:08:37,522 pop.CPM_ENY_NOW_mongo_mixins INFO     mongo_db = EnyNowDataModelCPM, topic = MQTT_ENY_NOW created 67a48a25d5afec3047fa0257 succesfully
2025-02-06 16:08:37,532 pop.CPM_ENY_NOW_mongo_mixins INFO     mongo_db = TemporaryEnyNowDataModelCPM, topic = MQTT_ENY_NOW created 67a48a25d5afec3047fa0258 succesfully
2025-02-06 16:08:37,541 pop.CPM_ENY_NOW_mongo_mixins INFO     mongo_db = TodayEnyNowDataModelCPM, topic = MQTT_ENY_NOW created 67a48a25d5afec3047fa0259 succesfully
2025-02-06 16:08:37,548 pop.CPM_ENY_NOW_mongo_mixins INFO     mongo_db = Last7DaysEnyNowDataModelCPM, topic = MQTT_ENY_NOW created 67a48a25d5afec3047fa025a succesfully
2025-02-06 16:09:00,933 pop.CPM_RT_mixins INFO     mongo_db = RTModelCPM, topic = MQTT_RT_DATA created 67a48a3cd5afec3047fa025b succesfully
2025-02-06 16:09:00,946 pop.CPM_RT_mixins INFO     mongo_db = TemporaryRTModelCPM, topic = MQTT_RT_DATA created 67a48a3cd5afec3047fa025c succesfully
2025-02-06 16:09:00,956 pop.CPM_RT_mixins INFO     mongo_db = TodayRTModelCPM, topic = MQTT_RT_DATA created 67a48a3cd5afec3047fa025d succesfully
2025-02-06 16:09:30,738 pop.CPM_RT_mixins INFO     mongo_db = RTModelCPM, topic = MQTT_RT_DATA created 67a48a5ad5afec3047fa025e succesfully
2025-02-06 16:09:30,750 pop.CPM_RT_mixins INFO     mongo_db = TemporaryRTModelCPM, topic = MQTT_RT_DATA created 67a48a5ad5afec3047fa025f succesfully
2025-02-06 16:09:30,761 pop.CPM_RT_mixins INFO     mongo_db = TodayRTModelCPM, topic = MQTT_RT_DATA created 67a48a5ad5afec3047fa0260 succesfully
2025-02-06 16:10:01,037 pop.CPM_RT_mixins INFO     mongo_db = RTModelCPM, topic = MQTT_RT_DATA created 67a48a79d5afec3047fa0261 succesfully
2025-02-06 16:10:01,049 pop.CPM_RT_mixins INFO     mongo_db = TemporaryRTModelCPM, topic = MQTT_RT_DATA created 67a48a79d5afec3047fa0262 succesfully
2025-02-06 16:10:01,062 pop.CPM_RT_mixins INFO     mongo_db = TodayRTModelCPM, topic = MQTT_RT_DATA created 67a48a79d5afec3047fa0263 succesfully
2025-02-06 16:10:29,868 pop.CPM_RT_mixins INFO     mongo_db = RTModelCPM, topic = MQTT_RT_DATA created 67a48a95d5afec3047fa0264 succesfully
2025-02-06 16:10:29,879 pop.CPM_RT_mixins INFO     mongo_db = TemporaryRTModelCPM, topic = MQTT_RT_DATA created 67a48a95d5afec3047fa0265 succesfully
2025-02-06 16:10:29,891 pop.CPM_RT_mixins INFO     mongo_db = TodayRTModelCPM, topic = MQTT_RT_DATA created 67a48a95d5afec3047fa0266 succesfully
2025-02-06 16:11:00,767 pop.CPM_RT_mixins INFO     mongo_db = RTModelCPM, topic = MQTT_RT_DATA created 67a48ab4d5afec3047fa0267 succesfully
2025-02-06 16:11:00,777 pop.CPM_RT_mixins INFO     mongo_db = TemporaryRTModelCPM, topic = MQTT_RT_DATA created 67a48ab4d5afec3047fa0268 succesfully
2025-02-06 16:11:00,788 pop.CPM_RT_mixins INFO     mongo_db = TodayRTModelCPM, topic = MQTT_RT_DATA created 67a48ab4d5afec3047fa0269 succesfully
2025-02-06 16:11:30,284 pop.CPM_RT_mixins INFO     mongo_db = RTModelCPM, topic = MQTT_RT_DATA created 67a48ad2d5afec3047fa026a succesfully
2025-02-06 16:11:30,297 pop.CPM_RT_mixins INFO     mongo_db = TemporaryRTModelCPM, topic = MQTT_RT_DATA created 67a48ad2d5afec3047fa026b succesfully
2025-02-06 16:11:30,311 pop.CPM_RT_mixins INFO     mongo_db = TodayRTModelCPM, topic = MQTT_RT_DATA created 67a48ad2d5afec3047fa026c succesfully
2025-02-06 16:12:00,733 pop.CPM_RT_mixins INFO     mongo_db = RTModelCPM, topic = MQTT_RT_DATA created 67a48af0d5afec3047fa026d succesfully
2025-02-06 16:12:00,746 pop.CPM_RT_mixins INFO     mongo_db = TemporaryRTModelCPM, topic = MQTT_RT_DATA created 67a48af0d5afec3047fa026e succesfully
2025-02-06 16:12:00,760 pop.CPM_RT_mixins INFO     mongo_db = TodayRTModelCPM, topic = MQTT_RT_DATA created 67a48af0d5afec3047fa026f succesfully
2025-02-06 16:12:29,754 pop.CPM_RT_mixins INFO     mongo_db = RTModelCPM, topic = MQTT_RT_DATA created 67a48b0dd5afec3047fa0270 succesfully
2025-02-06 16:12:29,766 pop.CPM_RT_mixins INFO     mongo_db = TemporaryRTModelCPM, topic = MQTT_RT_DATA created 67a48b0dd5afec3047fa0271 succesfully
2025-02-06 16:12:29,778 pop.CPM_RT_mixins INFO     mongo_db = TodayRTModelCPM, topic = MQTT_RT_DATA created 67a48b0dd5afec3047fa0272 succesfully
2025-02-06 16:13:30,055 pop.CPM_RT_mixins INFO     mongo_db = RTModelCPM, topic = MQTT_RT_DATA created 67a48b4ad5afec3047fa0273 succesfully
2025-02-06 16:13:30,069 pop.CPM_RT_mixins INFO     mongo_db = TemporaryRTModelCPM, topic = MQTT_RT_DATA created 67a48b4ad5afec3047fa0274 succesfully
2025-02-06 16:13:30,082 pop.CPM_RT_mixins INFO     mongo_db = TodayRTModelCPM, topic = MQTT_RT_DATA created 67a48b4ad5afec3047fa0275 succesfully
2025-02-06 16:14:01,185 pop.CPM_RT_mixins INFO     mongo_db = RTModelCPM, topic = MQTT_RT_DATA created 67a48b69d5afec3047fa0276 succesfully
2025-02-06 16:14:01,198 pop.CPM_RT_mixins INFO     mongo_db = TemporaryRTModelCPM, topic = MQTT_RT_DATA created 67a48b69d5afec3047fa0277 succesfully
2025-02-06 16:14:01,210 pop.CPM_RT_mixins INFO     mongo_db = TodayRTModelCPM, topic = MQTT_RT_DATA created 67a48b69d5afec3047fa0278 succesfully
2025-02-06 16:14:30,335 pop.CPM_RT_mixins INFO     mongo_db = RTModelCPM, topic = MQTT_RT_DATA created 67a48b86d5afec3047fa0279 succesfully
2025-02-06 16:14:30,345 pop.CPM_RT_mixins INFO     mongo_db = TemporaryRTModelCPM, topic = MQTT_RT_DATA created 67a48b86d5afec3047fa027a succesfully
2025-02-06 16:14:30,356 pop.CPM_RT_mixins INFO     mongo_db = TodayRTModelCPM, topic = MQTT_RT_DATA created 67a48b86d5afec3047fa027b succesfully
2025-02-06 16:15:31,060 pop.CPM_RT_mixins INFO     mongo_db = RTModelCPM, topic = MQTT_RT_DATA created 67a48bc3d5afec3047fa027c succesfully
2025-02-06 16:15:31,076 pop.CPM_RT_mixins INFO     mongo_db = TemporaryRTModelCPM, topic = MQTT_RT_DATA created 67a48bc3d5afec3047fa027d succesfully
2025-02-06 16:15:31,089 pop.CPM_RT_mixins INFO     mongo_db = TodayRTModelCPM, topic = MQTT_RT_DATA created 67a48bc3d5afec3047fa027e succesfully
2025-02-06 16:15:57,624 django.request WARNING  Not Found: /api/v1.0/devices/
2025-02-06 16:16:00,976 pop.CPM_RT_mixins INFO     mongo_db = RTModelCPM, topic = MQTT_RT_DATA created 67a48be0d5afec3047fa027f succesfully
2025-02-06 16:16:00,988 pop.CPM_RT_mixins INFO     mongo_db = TemporaryRTModelCPM, topic = MQTT_RT_DATA created 67a48be0d5afec3047fa0280 succesfully
2025-02-06 16:16:01,001 pop.CPM_RT_mixins INFO     mongo_db = TodayRTModelCPM, topic = MQTT_RT_DATA created 67a48be1d5afec3047fa0281 succesfully
2025-02-06 16:16:30,948 pop.CPM_RT_mixins INFO     mongo_db = RTModelCPM, topic = MQTT_RT_DATA created 67a48bfed5afec3047fa0282 succesfully
2025-02-06 16:16:30,960 pop.CPM_RT_mixins INFO     mongo_db = TemporaryRTModelCPM, topic = MQTT_RT_DATA created 67a48bfed5afec3047fa0283 succesfully
2025-02-06 16:16:30,971 pop.CPM_RT_mixins INFO     mongo_db = TodayRTModelCPM, topic = MQTT_RT_DATA created 67a48bfed5afec3047fa0284 succesfully
2025-02-06 16:17:00,816 pop.CPM_RT_mixins INFO     mongo_db = RTModelCPM, topic = MQTT_RT_DATA created 67a48c1cd5afec3047fa0285 succesfully
2025-02-06 16:17:00,838 pop.CPM_RT_mixins INFO     mongo_db = TemporaryRTModelCPM, topic = MQTT_RT_DATA created 67a48c1cd5afec3047fa0286 succesfully
2025-02-06 16:17:00,867 pop.CPM_RT_mixins INFO     mongo_db = TodayRTModelCPM, topic = MQTT_RT_DATA created 67a48c1cd5afec3047fa0287 succesfully
2025-02-06 16:17:30,192 pop.CPM_RT_mixins INFO     mongo_db = RTModelCPM, topic = MQTT_RT_DATA created 67a48c3ad5afec3047fa0288 succesfully
2025-02-06 16:17:30,203 pop.CPM_RT_mixins INFO     mongo_db = TemporaryRTModelCPM, topic = MQTT_RT_DATA created 67a48c3ad5afec3047fa0289 succesfully
2025-02-06 16:17:30,214 pop.CPM_RT_mixins INFO     mongo_db = TodayRTModelCPM, topic = MQTT_RT_DATA created 67a48c3ad5afec3047fa028a succesfully
2025-02-06 16:18:30,769 pop.CPM_RT_mixins INFO     mongo_db = RTModelCPM, topic = MQTT_RT_DATA created 67a48c76d5afec3047fa028b succesfully
2025-02-06 16:18:30,781 pop.CPM_RT_mixins INFO     mongo_db = TemporaryRTModelCPM, topic = MQTT_RT_DATA created 67a48c76d5afec3047fa028c succesfully
2025-02-06 16:18:30,793 pop.CPM_RT_mixins INFO     mongo_db = TodayRTModelCPM, topic = MQTT_RT_DATA created 67a48c76d5afec3047fa028d succesfully
2025-02-06 16:19:01,119 pop.CPM_RT_mixins INFO     mongo_db = RTModelCPM, topic = MQTT_RT_DATA created 67a48c95d5afec3047fa028e succesfully
2025-02-06 16:19:01,140 pop.CPM_RT_mixins INFO     mongo_db = TemporaryRTModelCPM, topic = MQTT_RT_DATA created 67a48c95d5afec3047fa028f succesfully
2025-02-06 16:19:01,165 pop.CPM_RT_mixins INFO     mongo_db = TodayRTModelCPM, topic = MQTT_RT_DATA created 67a48c95d5afec3047fa0290 succesfully
2025-02-06 16:19:29,924 pop.CPM_RT_mixins INFO     mongo_db = RTModelCPM, topic = MQTT_RT_DATA created 67a48cb1d5afec3047fa0291 succesfully
2025-02-06 16:19:29,937 pop.CPM_RT_mixins INFO     mongo_db = TemporaryRTModelCPM, topic = MQTT_RT_DATA created 67a48cb1d5afec3047fa0292 succesfully
2025-02-06 16:19:29,949 pop.CPM_RT_mixins INFO     mongo_db = TodayRTModelCPM, topic = MQTT_RT_DATA created 67a48cb1d5afec3047fa0293 succesfully
2025-02-06 16:20:00,760 pop.CPM_RT_mixins INFO     mongo_db = RTModelCPM, topic = MQTT_RT_DATA created 67a48cd0d5afec3047fa0294 succesfully
2025-02-06 16:20:00,772 pop.CPM_RT_mixins INFO     mongo_db = TemporaryRTModelCPM, topic = MQTT_RT_DATA created 67a48cd0d5afec3047fa0295 succesfully
2025-02-06 16:20:00,795 pop.CPM_RT_mixins INFO     mongo_db = TodayRTModelCPM, topic = MQTT_RT_DATA created 67a48cd0d5afec3047fa0296 succesfully
2025-02-06 16:20:30,104 pop.CPM_RT_mixins INFO     mongo_db = RTModelCPM, topic = MQTT_RT_DATA created 67a48ceed5afec3047fa0297 succesfully
2025-02-06 16:20:30,117 pop.CPM_RT_mixins INFO     mongo_db = TemporaryRTModelCPM, topic = MQTT_RT_DATA created 67a48ceed5afec3047fa0298 succesfully
2025-02-06 16:20:30,128 pop.CPM_RT_mixins INFO     mongo_db = TodayRTModelCPM, topic = MQTT_RT_DATA created 67a48ceed5afec3047fa0299 succesfully
2025-02-06 16:20:59,952 pop.CPM_RT_mixins INFO     mongo_db = RTModelCPM, topic = MQTT_RT_DATA created 67a48d0bd5afec3047fa029a succesfully
2025-02-06 16:20:59,967 pop.CPM_RT_mixins INFO     mongo_db = TemporaryRTModelCPM, topic = MQTT_RT_DATA created 67a48d0bd5afec3047fa029b succesfully
2025-02-06 16:20:59,979 pop.CPM_RT_mixins INFO     mongo_db = TodayRTModelCPM, topic = MQTT_RT_DATA created 67a48d0bd5afec3047fa029c succesfully
2025-02-06 16:21:29,802 pop.CPM_RT_mixins INFO     mongo_db = RTModelCPM, topic = MQTT_RT_DATA created 67a48d29d5afec3047fa029d succesfully
2025-02-06 16:21:29,815 pop.CPM_RT_mixins INFO     mongo_db = TemporaryRTModelCPM, topic = MQTT_RT_DATA created 67a48d29d5afec3047fa029e succesfully
2025-02-06 16:21:29,827 pop.CPM_RT_mixins INFO     mongo_db = TodayRTModelCPM, topic = MQTT_RT_DATA created 67a48d29d5afec3047fa029f succesfully
2025-02-06 16:22:00,163 pop.CPM_RT_mixins INFO     mongo_db = RTModelCPM, topic = MQTT_RT_DATA created 67a48d48d5afec3047fa02a0 succesfully
2025-02-06 16:22:00,175 pop.CPM_RT_mixins INFO     mongo_db = TemporaryRTModelCPM, topic = MQTT_RT_DATA created 67a48d48d5afec3047fa02a1 succesfully
2025-02-06 16:22:00,184 pop.CPM_RT_mixins INFO     mongo_db = TodayRTModelCPM, topic = MQTT_RT_DATA created 67a48d48d5afec3047fa02a2 succesfully
2025-02-06 16:22:13,295 django.request WARNING  Not Found: /api/v1.0/devices/
2025-02-06 16:22:30,025 pop.CPM_RT_mixins INFO     mongo_db = RTModelCPM, topic = MQTT_RT_DATA created 67a48d66d5afec3047fa02a3 succesfully
2025-02-06 16:22:30,038 pop.CPM_RT_mixins INFO     mongo_db = TemporaryRTModelCPM, topic = MQTT_RT_DATA created 67a48d66d5afec3047fa02a4 succesfully
2025-02-06 16:22:30,048 pop.CPM_RT_mixins INFO     mongo_db = TodayRTModelCPM, topic = MQTT_RT_DATA created 67a48d66d5afec3047fa02a5 succesfully
2025-02-06 16:22:30,769 django.request WARNING  Unauthorized: /api/v1.0/accounts/token/
2025-02-06 16:22:39,246 django.request WARNING  Unauthorized: /api/v1.0/accounts/token/
2025-02-06 16:22:44,962 django.request WARNING  Not Found: /api/v1.0/devices/
2025-02-06 16:23:29,971 pop.CPM_RT_mixins INFO     mongo_db = RTModelCPM, topic = MQTT_RT_DATA created 67a48da1d5afec3047fa02a6 succesfully
2025-02-06 16:23:29,983 pop.CPM_RT_mixins INFO     mongo_db = TemporaryRTModelCPM, topic = MQTT_RT_DATA created 67a48da1d5afec3047fa02a7 succesfully
2025-02-06 16:23:29,993 pop.CPM_RT_mixins INFO     mongo_db = TodayRTModelCPM, topic = MQTT_RT_DATA created 67a48da1d5afec3047fa02a8 succesfully
2025-02-06 16:23:36,622 pop.CPM_ENY_NOW_mongo_mixins INFO     mongo_db = EnyNowDataModelCPM, topic = MQTT_ENY_NOW created 67a48da8d5afec3047fa02a9 succesfully
2025-02-06 16:23:36,630 pop.CPM_ENY_NOW_mongo_mixins INFO     mongo_db = TemporaryEnyNowDataModelCPM, topic = MQTT_ENY_NOW created 67a48da8d5afec3047fa02aa succesfully
2025-02-06 16:23:36,636 pop.CPM_ENY_NOW_mongo_mixins INFO     mongo_db = TodayEnyNowDataModelCPM, topic = MQTT_ENY_NOW created 67a48da8d5afec3047fa02ab succesfully
2025-02-06 16:23:36,642 pop.CPM_ENY_NOW_mongo_mixins INFO     mongo_db = Last7DaysEnyNowDataModelCPM, topic = MQTT_ENY_NOW created 67a48da8d5afec3047fa02ac succesfully
2025-02-06 16:24:00,007 pop.CPM_RT_mixins INFO     mongo_db = RTModelCPM, topic = MQTT_RT_DATA created 67a48dc0d5afec3047fa02ad succesfully
2025-02-06 16:24:00,020 pop.CPM_RT_mixins INFO     mongo_db = TemporaryRTModelCPM, topic = MQTT_RT_DATA created 67a48dc0d5afec3047fa02ae succesfully
2025-02-06 16:24:00,031 pop.CPM_RT_mixins INFO     mongo_db = TodayRTModelCPM, topic = MQTT_RT_DATA created 67a48dc0d5afec3047fa02af succesfully
2025-02-06 16:24:29,890 pop.CPM_RT_mixins INFO     mongo_db = RTModelCPM, topic = MQTT_RT_DATA created 67a48dddd5afec3047fa02b0 succesfully
2025-02-06 16:24:29,903 pop.CPM_RT_mixins INFO     mongo_db = TemporaryRTModelCPM, topic = MQTT_RT_DATA created 67a48dddd5afec3047fa02b1 succesfully
2025-02-06 16:24:29,915 pop.CPM_RT_mixins INFO     mongo_db = TodayRTModelCPM, topic = MQTT_RT_DATA created 67a48dddd5afec3047fa02b2 succesfully
2025-02-06 16:25:00,764 pop.CPM_RT_mixins INFO     mongo_db = RTModelCPM, topic = MQTT_RT_DATA created 67a48dfcd5afec3047fa02b3 succesfully
2025-02-06 16:25:00,777 pop.CPM_RT_mixins INFO     mongo_db = TemporaryRTModelCPM, topic = MQTT_RT_DATA created 67a48dfcd5afec3047fa02b4 succesfully
2025-02-06 16:25:00,787 pop.CPM_RT_mixins INFO     mongo_db = TodayRTModelCPM, topic = MQTT_RT_DATA created 67a48dfcd5afec3047fa02b5 succesfully
2025-02-06 16:25:30,167 pop.CPM_RT_mixins INFO     mongo_db = RTModelCPM, topic = MQTT_RT_DATA created 67a48e1ad5afec3047fa02b6 succesfully
2025-02-06 16:25:30,179 pop.CPM_RT_mixins INFO     mongo_db = TemporaryRTModelCPM, topic = MQTT_RT_DATA created 67a48e1ad5afec3047fa02b7 succesfully
2025-02-06 16:25:30,190 pop.CPM_RT_mixins INFO     mongo_db = TodayRTModelCPM, topic = MQTT_RT_DATA created 67a48e1ad5afec3047fa02b8 succesfully
2025-02-06 16:26:31,125 pop.CPM_RT_mixins INFO     mongo_db = RTModelCPM, topic = MQTT_RT_DATA created 67a48e57d5afec3047fa02b9 succesfully
2025-02-06 16:26:31,138 pop.CPM_RT_mixins INFO     mongo_db = TemporaryRTModelCPM, topic = MQTT_RT_DATA created 67a48e57d5afec3047fa02ba succesfully
2025-02-06 16:26:31,149 pop.CPM_RT_mixins INFO     mongo_db = TodayRTModelCPM, topic = MQTT_RT_DATA created 67a48e57d5afec3047fa02bb succesfully
2025-02-06 16:27:01,030 pop.CPM_RT_mixins INFO     mongo_db = RTModelCPM, topic = MQTT_RT_DATA created 67a48e75d5afec3047fa02bc succesfully
2025-02-06 16:27:01,042 pop.CPM_RT_mixins INFO     mongo_db = TemporaryRTModelCPM, topic = MQTT_RT_DATA created 67a48e75d5afec3047fa02bd succesfully
2025-02-06 16:27:01,053 pop.CPM_RT_mixins INFO     mongo_db = TodayRTModelCPM, topic = MQTT_RT_DATA created 67a48e75d5afec3047fa02be succesfully
2025-02-06 16:27:29,896 pop.CPM_RT_mixins INFO     mongo_db = RTModelCPM, topic = MQTT_RT_DATA created 67a48e91d5afec3047fa02bf succesfully
2025-02-06 16:27:29,909 pop.CPM_RT_mixins INFO     mongo_db = TemporaryRTModelCPM, topic = MQTT_RT_DATA created 67a48e91d5afec3047fa02c0 succesfully
2025-02-06 16:27:29,919 pop.CPM_RT_mixins INFO     mongo_db = TodayRTModelCPM, topic = MQTT_RT_DATA created 67a48e91d5afec3047fa02c1 succesfully
2025-02-06 16:28:29,817 pop.CPM_RT_mixins INFO     mongo_db = RTModelCPM, topic = MQTT_RT_DATA created 67a48ecdd5afec3047fa02c2 succesfully
2025-02-06 16:28:29,828 pop.CPM_RT_mixins INFO     mongo_db = TemporaryRTModelCPM, topic = MQTT_RT_DATA created 67a48ecdd5afec3047fa02c3 succesfully
2025-02-06 16:28:29,839 pop.CPM_RT_mixins INFO     mongo_db = TodayRTModelCPM, topic = MQTT_RT_DATA created 67a48ecdd5afec3047fa02c4 succesfully
2025-02-06 16:48:53,472 pop.CPM_ENY_FRZ_mongo_mixins INFO     mongo_db = EnyFrzDataModelCPM, topic = MQTT_ENY_FRZ created 67a49395020d761df39805d5 succesfully
2025-02-06 16:48:53,488 pop.CPM_DAY_DATA_mongo_mixins INFO     mongo_db = DayDataModelCPM, topic = MQTT_DAY_DATA created 67a49395020d761df39805d6 succesfully
2025-02-06 16:48:53,536 pop.CPM_ENY_NOW_mongo_mixins INFO     mongo_db = EnyNowDataModelCPM, topic = MQTT_ENY_NOW created 67a49395020d761df39805d7 succesfully
2025-02-06 16:48:53,553 pop.CPM_ENY_NOW_mongo_mixins INFO     mongo_db = TemporaryEnyNowDataModelCPM, topic = MQTT_ENY_NOW created 67a49395020d761df39805d8 succesfully
2025-02-06 16:48:53,567 pop.CPM_ENY_NOW_mongo_mixins INFO     mongo_db = TodayEnyNowDataModelCPM, topic = MQTT_ENY_NOW created 67a49395020d761df39805d9 succesfully
2025-02-06 16:48:53,577 pop.CPM_ENY_NOW_mongo_mixins INFO     mongo_db = Last7DaysEnyNowDataModelCPM, topic = MQTT_ENY_NOW created 67a49395020d761df39805da succesfully
2025-02-06 16:48:53,610 pop.CPM_RT_mixins INFO     mongo_db = RTModelCPM, topic = MQTT_RT_DATA created 67a49395020d761df39805db succesfully
2025-02-06 16:48:53,627 pop.CPM_RT_mixins INFO     mongo_db = TemporaryRTModelCPM, topic = MQTT_RT_DATA created 67a49395020d761df39805dc succesfully
2025-02-06 16:48:53,644 pop.CPM_RT_mixins INFO     mongo_db = TodayRTModelCPM, topic = MQTT_RT_DATA created 67a49395020d761df39805dd succesfully
2025-02-06 16:48:59,374 django.request WARNING  Not Found: /api/v1.0/devices/
2025-02-06 16:49:04,410 django.request WARNING  Not Found: /api/v1.0/devices/
2025-02-06 16:49:17,911 django.request WARNING  Not Found: /api/v1.0/devices/
2025-02-06 16:49:31,092 pop.CPM_RT_mixins INFO     mongo_db = RTModelCPM, topic = MQTT_RT_DATA created 67a493bb020d761df39805de succesfully
2025-02-06 16:49:31,104 pop.CPM_RT_mixins INFO     mongo_db = TemporaryRTModelCPM, topic = MQTT_RT_DATA created 67a493bb020d761df39805df succesfully
2025-02-06 16:49:31,115 pop.CPM_RT_mixins INFO     mongo_db = TodayRTModelCPM, topic = MQTT_RT_DATA created 67a493bb020d761df39805e0 succesfully
2025-02-06 16:49:35,964 django.request WARNING  Not Found: /api/v1.0/devices/
2025-02-06 16:49:43,664 django.request WARNING  Not Found: /api/v1.0/devices/
2025-02-06 16:49:54,316 django.request WARNING  Not Found: /api/v1.0/devices/
2025-02-06 16:49:59,990 pop.CPM_RT_mixins INFO     mongo_db = RTModelCPM, topic = MQTT_RT_DATA created 67a493d7020d761df39805e1 succesfully
2025-02-06 16:50:00,003 pop.CPM_RT_mixins INFO     mongo_db = TemporaryRTModelCPM, topic = MQTT_RT_DATA created 67a493d8020d761df39805e2 succesfully
2025-02-06 16:50:00,021 pop.CPM_RT_mixins INFO     mongo_db = TodayRTModelCPM, topic = MQTT_RT_DATA created 67a493d8020d761df39805e3 succesfully
2025-02-06 16:50:06,586 django.request WARNING  Not Found: /api/v1.0/devices/
2025-02-06 16:50:09,453 django.request WARNING  Not Found: /api/v1.0/devices/
2025-02-06 16:50:30,818 pop.CPM_RT_mixins INFO     mongo_db = RTModelCPM, topic = MQTT_RT_DATA created 67a493f6020d761df39805e4 succesfully
2025-02-06 16:50:30,829 pop.CPM_RT_mixins INFO     mongo_db = TemporaryRTModelCPM, topic = MQTT_RT_DATA created 67a493f6020d761df39805e5 succesfully
2025-02-06 16:50:30,839 pop.CPM_RT_mixins INFO     mongo_db = TodayRTModelCPM, topic = MQTT_RT_DATA created 67a493f6020d761df39805e6 succesfully
2025-02-06 16:50:35,885 django.request WARNING  Not Found: /api/v1.0/devices/
2025-02-06 16:50:54,105 django.request WARNING  Not Found: /api/v1.0/devices/
2025-02-06 16:51:00,305 pop.CPM_RT_mixins INFO     mongo_db = RTModelCPM, topic = MQTT_RT_DATA created 67a49414020d761df39805e7 succesfully
2025-02-06 16:51:00,315 pop.CPM_RT_mixins INFO     mongo_db = TemporaryRTModelCPM, topic = MQTT_RT_DATA created 67a49414020d761df39805e8 succesfully
2025-02-06 16:51:00,325 pop.CPM_RT_mixins INFO     mongo_db = TodayRTModelCPM, topic = MQTT_RT_DATA created 67a49414020d761df39805e9 succesfully
2025-02-06 16:51:03,431 django.request WARNING  Unauthorized: /api/v1.0/accounts/token/
2025-02-06 16:51:16,120 django.request WARNING  Not Found: /api/v1.0/devices/
2025-02-06 16:51:30,078 pop.CPM_RT_mixins INFO     mongo_db = RTModelCPM, topic = MQTT_RT_DATA created 67a49432020d761df39805ea succesfully
2025-02-06 16:51:30,094 pop.CPM_RT_mixins INFO     mongo_db = TemporaryRTModelCPM, topic = MQTT_RT_DATA created 67a49432020d761df39805eb succesfully
2025-02-06 16:51:30,106 pop.CPM_RT_mixins INFO     mongo_db = TodayRTModelCPM, topic = MQTT_RT_DATA created 67a49432020d761df39805ec succesfully
2025-02-06 16:52:21,302 django.request WARNING  Not Found: /api/v1.0/devices/
2025-02-06 16:52:31,014 pop.CPM_RT_mixins INFO     mongo_db = RTModelCPM, topic = MQTT_RT_DATA created 67a4946f020d761df39805ed succesfully
2025-02-06 16:52:31,026 pop.CPM_RT_mixins INFO     mongo_db = TemporaryRTModelCPM, topic = MQTT_RT_DATA created 67a4946f020d761df39805ee succesfully
2025-02-06 16:52:31,037 pop.CPM_RT_mixins INFO     mongo_db = TodayRTModelCPM, topic = MQTT_RT_DATA created 67a4946f020d761df39805ef succesfully
2025-02-06 16:53:00,905 pop.CPM_RT_mixins INFO     mongo_db = RTModelCPM, topic = MQTT_RT_DATA created 67a4948c020d761df39805f0 succesfully
2025-02-06 16:53:00,917 pop.CPM_RT_mixins INFO     mongo_db = TemporaryRTModelCPM, topic = MQTT_RT_DATA created 67a4948c020d761df39805f1 succesfully
2025-02-06 16:53:00,928 pop.CPM_RT_mixins INFO     mongo_db = TodayRTModelCPM, topic = MQTT_RT_DATA created 67a4948c020d761df39805f2 succesfully
2025-02-06 16:53:30,723 pop.CPM_RT_mixins INFO     mongo_db = RTModelCPM, topic = MQTT_RT_DATA created 67a494aa020d761df39805f3 succesfully
2025-02-06 16:53:30,735 pop.CPM_RT_mixins INFO     mongo_db = TemporaryRTModelCPM, topic = MQTT_RT_DATA created 67a494aa020d761df39805f4 succesfully
2025-02-06 16:53:30,745 pop.CPM_RT_mixins INFO     mongo_db = TodayRTModelCPM, topic = MQTT_RT_DATA created 67a494aa020d761df39805f5 succesfully
2025-02-06 16:53:37,353 pop.CPM_ENY_NOW_mongo_mixins INFO     mongo_db = EnyNowDataModelCPM, topic = MQTT_ENY_NOW created 67a494b1020d761df39805f6 succesfully
2025-02-06 16:53:37,361 pop.CPM_ENY_NOW_mongo_mixins INFO     mongo_db = TemporaryEnyNowDataModelCPM, topic = MQTT_ENY_NOW created 67a494b1020d761df39805f7 succesfully
2025-02-06 16:53:37,367 pop.CPM_ENY_NOW_mongo_mixins INFO     mongo_db = TodayEnyNowDataModelCPM, topic = MQTT_ENY_NOW created 67a494b1020d761df39805f8 succesfully
2025-02-06 16:53:37,374 pop.CPM_ENY_NOW_mongo_mixins INFO     mongo_db = Last7DaysEnyNowDataModelCPM, topic = MQTT_ENY_NOW created 67a494b1020d761df39805f9 succesfully
2025-02-06 16:53:59,682 pop.CPM_RT_mixins INFO     mongo_db = RTModelCPM, topic = MQTT_RT_DATA created 67a494c7020d761df39805fa succesfully
2025-02-06 16:53:59,692 pop.CPM_RT_mixins INFO     mongo_db = TemporaryRTModelCPM, topic = MQTT_RT_DATA created 67a494c7020d761df39805fb succesfully
2025-02-06 16:53:59,702 pop.CPM_RT_mixins INFO     mongo_db = TodayRTModelCPM, topic = MQTT_RT_DATA created 67a494c7020d761df39805fc succesfully
2025-02-06 16:54:22,320 django.request WARNING  Not Found: /api/v1.0/devices/
2025-02-06 16:54:31,170 pop.CPM_RT_mixins INFO     mongo_db = RTModelCPM, topic = MQTT_RT_DATA created 67a494e7020d761df39805fd succesfully
2025-02-06 16:54:31,186 pop.CPM_RT_mixins INFO     mongo_db = TemporaryRTModelCPM, topic = MQTT_RT_DATA created 67a494e7020d761df39805fe succesfully
2025-02-06 16:54:31,197 pop.CPM_RT_mixins INFO     mongo_db = TodayRTModelCPM, topic = MQTT_RT_DATA created 67a494e7020d761df39805ff succesfully
2025-02-06 16:55:01,111 pop.CPM_RT_mixins INFO     mongo_db = RTModelCPM, topic = MQTT_RT_DATA created 67a49505020d761df3980600 succesfully
2025-02-06 16:55:01,122 pop.CPM_RT_mixins INFO     mongo_db = TemporaryRTModelCPM, topic = MQTT_RT_DATA created 67a49505020d761df3980601 succesfully
2025-02-06 16:55:01,133 pop.CPM_RT_mixins INFO     mongo_db = TodayRTModelCPM, topic = MQTT_RT_DATA created 67a49505020d761df3980602 succesfully
2025-02-06 16:55:07,992 django.request WARNING  Not Found: /api/v1.0/devices/
2025-02-06 16:55:29,899 pop.CPM_RT_mixins INFO     mongo_db = RTModelCPM, topic = MQTT_RT_DATA created 67a49521020d761df3980603 succesfully
2025-02-06 16:55:29,912 pop.CPM_RT_mixins INFO     mongo_db = TemporaryRTModelCPM, topic = MQTT_RT_DATA created 67a49521020d761df3980604 succesfully
2025-02-06 16:55:29,923 pop.CPM_RT_mixins INFO     mongo_db = TodayRTModelCPM, topic = MQTT_RT_DATA created 67a49521020d761df3980605 succesfully
2025-02-06 16:56:30,846 pop.CPM_RT_mixins INFO     mongo_db = RTModelCPM, topic = MQTT_RT_DATA created 67a4955e020d761df3980606 succesfully
2025-02-06 16:56:30,860 pop.CPM_RT_mixins INFO     mongo_db = TemporaryRTModelCPM, topic = MQTT_RT_DATA created 67a4955e020d761df3980607 succesfully
2025-02-06 16:56:30,873 pop.CPM_RT_mixins INFO     mongo_db = TodayRTModelCPM, topic = MQTT_RT_DATA created 67a4955e020d761df3980608 succesfully
2025-02-06 16:57:00,220 pop.CPM_RT_mixins INFO     mongo_db = RTModelCPM, topic = MQTT_RT_DATA created 67a4957c020d761df3980609 succesfully
2025-02-06 16:57:00,229 pop.CPM_RT_mixins INFO     mongo_db = TemporaryRTModelCPM, topic = MQTT_RT_DATA created 67a4957c020d761df398060a succesfully
2025-02-06 16:57:00,239 pop.CPM_RT_mixins INFO     mongo_db = TodayRTModelCPM, topic = MQTT_RT_DATA created 67a4957c020d761df398060b succesfully
2025-02-06 16:57:30,970 pop.CPM_RT_mixins INFO     mongo_db = RTModelCPM, topic = MQTT_RT_DATA created 67a4959a020d761df398060c succesfully
2025-02-06 16:57:30,979 pop.CPM_RT_mixins INFO     mongo_db = TemporaryRTModelCPM, topic = MQTT_RT_DATA created 67a4959a020d761df398060d succesfully
2025-02-06 16:57:30,988 pop.CPM_RT_mixins INFO     mongo_db = TodayRTModelCPM, topic = MQTT_RT_DATA created 67a4959a020d761df398060e succesfully
2025-02-06 16:57:59,874 pop.CPM_RT_mixins INFO     mongo_db = RTModelCPM, topic = MQTT_RT_DATA created 67a495b7020d761df398060f succesfully
2025-02-06 16:57:59,884 pop.CPM_RT_mixins INFO     mongo_db = TemporaryRTModelCPM, topic = MQTT_RT_DATA created 67a495b7020d761df3980610 succesfully
2025-02-06 16:57:59,896 pop.CPM_RT_mixins INFO     mongo_db = TodayRTModelCPM, topic = MQTT_RT_DATA created 67a495b7020d761df3980611 succesfully
2025-02-06 16:58:15,506 django.request ERROR    Internal Server Error: /api/v1.0/pop/thermohygrometer-data/
Traceback (most recent call last):
  File "/opt/venv/lib/python3.9/site-packages/django/core/handlers/exception.py", line 55, in inner
    response = get_response(request)
  File "/opt/venv/lib/python3.9/site-packages/django/core/handlers/base.py", line 197, in _get_response
    response = wrapped_callback(request, *callback_args, **callback_kwargs)
  File "/opt/venv/lib/python3.9/site-packages/django/views/decorators/csrf.py", line 54, in wrapped_view
    return view_func(*args, **kwargs)
  File "/opt/venv/lib/python3.9/site-packages/rest_framework/viewsets.py", line 125, in view
    return self.dispatch(request, *args, **kwargs)
  File "/opt/venv/lib/python3.9/site-packages/rest_framework/views.py", line 509, in dispatch
    response = self.handle_exception(exc)
  File "/opt/venv/lib/python3.9/site-packages/rest_framework/views.py", line 469, in handle_exception
    self.raise_uncaught_exception(exc)
  File "/opt/venv/lib/python3.9/site-packages/rest_framework/views.py", line 480, in raise_uncaught_exception
    raise exc
  File "/opt/venv/lib/python3.9/site-packages/rest_framework/views.py", line 506, in dispatch
    response = handler(request, *args, **kwargs)
  File "/opt/app/pop/api/views.py", line 233, in list
    return Response(serializer)
UnboundLocalError: local variable 'serializer' referenced before assignment
2025-02-06 16:58:30,306 pop.CPM_RT_mixins INFO     mongo_db = RTModelCPM, topic = MQTT_RT_DATA created 67a495d6020d761df3980612 succesfully
2025-02-06 16:58:30,319 pop.CPM_RT_mixins INFO     mongo_db = TemporaryRTModelCPM, topic = MQTT_RT_DATA created 67a495d6020d761df3980613 succesfully
2025-02-06 16:58:30,330 pop.CPM_RT_mixins INFO     mongo_db = TodayRTModelCPM, topic = MQTT_RT_DATA created 67a495d6020d761df3980614 succesfully
2025-02-06 16:59:01,105 pop.CPM_RT_mixins INFO     mongo_db = RTModelCPM, topic = MQTT_RT_DATA created 67a495f5020d761df3980615 succesfully
2025-02-06 16:59:01,116 pop.CPM_RT_mixins INFO     mongo_db = TemporaryRTModelCPM, topic = MQTT_RT_DATA created 67a495f5020d761df3980616 succesfully
2025-02-06 16:59:01,127 pop.CPM_RT_mixins INFO     mongo_db = TodayRTModelCPM, topic = MQTT_RT_DATA created 67a495f5020d761df3980617 succesfully
2025-02-06 16:59:30,090 pop.CPM_RT_mixins INFO     mongo_db = RTModelCPM, topic = MQTT_RT_DATA created 67a49612020d761df3980618 succesfully
2025-02-06 16:59:30,101 pop.CPM_RT_mixins INFO     mongo_db = TemporaryRTModelCPM, topic = MQTT_RT_DATA created 67a49612020d761df3980619 succesfully
2025-02-06 16:59:30,117 pop.CPM_RT_mixins INFO     mongo_db = TodayRTModelCPM, topic = MQTT_RT_DATA created 67a49612020d761df398061a succesfully
2025-02-06 17:00:01,027 pop.CPM_RT_mixins INFO     mongo_db = RTModelCPM, topic = MQTT_RT_DATA created 67a49631020d761df398061b succesfully
2025-02-06 17:00:01,038 pop.CPM_RT_mixins INFO     mongo_db = TemporaryRTModelCPM, topic = MQTT_RT_DATA created 67a49631020d761df398061c succesfully
2025-02-06 17:00:01,049 pop.CPM_RT_mixins INFO     mongo_db = TodayRTModelCPM, topic = MQTT_RT_DATA created 67a49631020d761df398061d succesfully
2025-02-06 17:00:29,880 pop.CPM_RT_mixins INFO     mongo_db = RTModelCPM, topic = MQTT_RT_DATA created 67a4964d020d761df398061e succesfully
2025-02-06 17:00:29,893 pop.CPM_RT_mixins INFO     mongo_db = TemporaryRTModelCPM, topic = MQTT_RT_DATA created 67a4964d020d761df398061f succesfully
2025-02-06 17:00:29,903 pop.CPM_RT_mixins INFO     mongo_db = TodayRTModelCPM, topic = MQTT_RT_DATA created 67a4964d020d761df3980620 succesfully
2025-02-06 17:01:01,215 pop.CPM_RT_mixins INFO     mongo_db = RTModelCPM, topic = MQTT_RT_DATA created 67a4966d020d761df3980621 succesfully
2025-02-06 17:01:01,226 pop.CPM_RT_mixins INFO     mongo_db = TemporaryRTModelCPM, topic = MQTT_RT_DATA created 67a4966d020d761df3980622 succesfully
2025-02-06 17:01:01,238 pop.CPM_RT_mixins INFO     mongo_db = TodayRTModelCPM, topic = MQTT_RT_DATA created 67a4966d020d761df3980623 succesfully
2025-02-06 17:01:31,138 pop.CPM_RT_mixins INFO     mongo_db = RTModelCPM, topic = MQTT_RT_DATA created 67a4968b020d761df3980624 succesfully
2025-02-06 17:01:31,151 pop.CPM_RT_mixins INFO     mongo_db = TemporaryRTModelCPM, topic = MQTT_RT_DATA created 67a4968b020d761df3980625 succesfully
2025-02-06 17:01:31,172 pop.CPM_RT_mixins INFO     mongo_db = TodayRTModelCPM, topic = MQTT_RT_DATA created 67a4968b020d761df3980626 succesfully
2025-02-06 17:02:01,037 pop.CPM_RT_mixins INFO     mongo_db = RTModelCPM, topic = MQTT_RT_DATA created 67a496a9020d761df3980627 succesfully
2025-02-06 17:02:01,046 pop.CPM_RT_mixins INFO     mongo_db = TemporaryRTModelCPM, topic = MQTT_RT_DATA created 67a496a9020d761df3980628 succesfully
2025-02-06 17:02:01,057 pop.CPM_RT_mixins INFO     mongo_db = TodayRTModelCPM, topic = MQTT_RT_DATA created 67a496a9020d761df3980629 succesfully
2025-02-06 17:02:30,920 pop.CPM_RT_mixins INFO     mongo_db = RTModelCPM, topic = MQTT_RT_DATA created 67a496c6020d761df398062a succesfully
2025-02-06 17:02:30,933 pop.CPM_RT_mixins INFO     mongo_db = TemporaryRTModelCPM, topic = MQTT_RT_DATA created 67a496c6020d761df398062b succesfully
2025-02-06 17:02:30,943 pop.CPM_RT_mixins INFO     mongo_db = TodayRTModelCPM, topic = MQTT_RT_DATA created 67a496c6020d761df398062c succesfully
2025-02-06 17:03:00,330 pop.CPM_RT_mixins INFO     mongo_db = RTModelCPM, topic = MQTT_RT_DATA created 67a496e4020d761df398062d succesfully
2025-02-06 17:03:00,343 pop.CPM_RT_mixins INFO     mongo_db = TemporaryRTModelCPM, topic = MQTT_RT_DATA created 67a496e4020d761df398062e succesfully
2025-02-06 17:03:00,353 pop.CPM_RT_mixins INFO     mongo_db = TodayRTModelCPM, topic = MQTT_RT_DATA created 67a496e4020d761df398062f succesfully
