2025-02-11 14:16:46,041 django.request WARNING  Not Found: /favicon.ico
2025-02-11 14:19:59,921 django.security.csrf WARNING  Forbidden (Origin checking failed - http://localhost:8000 does not match any trusted origins.): /admin/login/
2025-02-11 14:51:12,587 pop.CPM_ENY_FRZ_mongo_mixins INFO     mongo_db = EnyFrzDataModelCPM, topic = MQTT_ENY_FRZ created 67ab0f804591d34851dfe084 succesfully
2025-02-11 14:51:12,602 pop.CPM_DAY_DATA_mongo_mixins INFO     mongo_db = DayDataModelCPM, topic = MQTT_DAY_DATA created 67ab0f804591d34851dfe085 succesfully
2025-02-11 14:51:12,642 pop.CPM_ENY_NOW_mongo_mixins INFO     mongo_db = EnyNowDataModelCPM, topic = MQTT_ENY_NOW created 67ab0f804591d34851dfe086 succesfully
2025-02-11 14:51:12,653 pop.CPM_ENY_NOW_mongo_mixins INFO     mongo_db = TemporaryEnyNowDataModelCPM, topic = MQTT_ENY_NOW created 67ab0f804591d34851dfe087 succesfully
2025-02-11 14:51:12,664 pop.CPM_ENY_NOW_mongo_mixins INFO     mongo_db = TodayEnyNowDataModelCPM, topic = MQTT_ENY_NOW created 67ab0f804591d34851dfe088 succesfully
2025-02-11 14:51:12,675 pop.CPM_ENY_NOW_mongo_mixins INFO     mongo_db = Last7DaysEnyNowDataModelCPM, topic = MQTT_ENY_NOW created 67ab0f804591d34851dfe089 succesfully
2025-02-11 14:51:12,710 pop.CPM_RT_mixins INFO     mongo_db = RTModelCPM, topic = MQTT_RT_DATA created 67ab0f804591d34851dfe08a succesfully
2025-02-11 14:51:12,728 pop.CPM_RT_mixins INFO     mongo_db = TemporaryRTModelCPM, topic = MQTT_RT_DATA created 67ab0f804591d34851dfe08b succesfully
2025-02-11 14:51:12,750 pop.CPM_RT_mixins INFO     mongo_db = TodayRTModelCPM, topic = MQTT_RT_DATA created 67ab0f804591d34851dfe08c succesfully
2025-02-11 14:51:52,042 pop.CPM_ENY_FRZ_mongo_mixins INFO     mongo_db = EnyFrzDataModelCPM, topic = MQTT_ENY_FRZ created 67ab0fa846f9f35e2e7d08f9 succesfully
2025-02-11 14:51:52,054 pop.CPM_DAY_DATA_mongo_mixins INFO     mongo_db = DayDataModelCPM, topic = MQTT_DAY_DATA created 67ab0fa846f9f35e2e7d08fa succesfully
2025-02-11 14:51:52,095 pop.CPM_ENY_NOW_mongo_mixins INFO     mongo_db = EnyNowDataModelCPM, topic = MQTT_ENY_NOW created 67ab0fa846f9f35e2e7d08fb succesfully
2025-02-11 14:51:52,106 pop.CPM_ENY_NOW_mongo_mixins INFO     mongo_db = TemporaryEnyNowDataModelCPM, topic = MQTT_ENY_NOW created 67ab0fa846f9f35e2e7d08fc succesfully
2025-02-11 14:51:52,115 pop.CPM_ENY_NOW_mongo_mixins INFO     mongo_db = TodayEnyNowDataModelCPM, topic = MQTT_ENY_NOW created 67ab0fa846f9f35e2e7d08fd succesfully
2025-02-11 14:51:52,125 pop.CPM_ENY_NOW_mongo_mixins INFO     mongo_db = Last7DaysEnyNowDataModelCPM, topic = MQTT_ENY_NOW created 67ab0fa846f9f35e2e7d08fe succesfully
2025-02-11 14:51:52,183 pop.CPM_RT_mixins INFO     mongo_db = RTModelCPM, topic = MQTT_RT_DATA created 67ab0fa846f9f35e2e7d08ff succesfully
2025-02-11 14:51:52,209 pop.CPM_RT_mixins INFO     mongo_db = TemporaryRTModelCPM, topic = MQTT_RT_DATA created 67ab0fa846f9f35e2e7d0900 succesfully
2025-02-11 14:51:52,233 pop.CPM_RT_mixins INFO     mongo_db = TodayRTModelCPM, topic = MQTT_RT_DATA created 67ab0fa846f9f35e2e7d0901 succesfully
2025-02-11 14:52:12,295 django.request WARNING  Not Found: /api/v1.0/devices/
2025-02-11 14:52:31,902 pop.CPM_RT_mixins INFO     mongo_db = RTModelCPM, topic = MQTT_RT_DATA created 67ab0fcf46f9f35e2e7d0905 succesfully
2025-02-11 14:52:31,913 pop.CPM_RT_mixins INFO     mongo_db = TemporaryRTModelCPM, topic = MQTT_RT_DATA created 67ab0fcf46f9f35e2e7d0906 succesfully
2025-02-11 14:52:31,928 pop.CPM_RT_mixins INFO     mongo_db = TodayRTModelCPM, topic = MQTT_RT_DATA created 67ab0fcf46f9f35e2e7d0907 succesfully
2025-02-11 14:52:39,043 django.request WARNING  Not Found: /api/v1.0/devices/
2025-02-11 14:53:32,014 pop.CPM_RT_mixins INFO     mongo_db = RTModelCPM, topic = MQTT_RT_DATA created 67ab100c46f9f35e2e7d090e succesfully
2025-02-11 14:53:32,027 pop.CPM_RT_mixins INFO     mongo_db = TemporaryRTModelCPM, topic = MQTT_RT_DATA created 67ab100c46f9f35e2e7d090f succesfully
2025-02-11 14:53:32,042 pop.CPM_RT_mixins INFO     mongo_db = TodayRTModelCPM, topic = MQTT_RT_DATA created 67ab100c46f9f35e2e7d0910 succesfully
2025-02-11 14:53:38,675 pop.CPM_ENY_NOW_mongo_mixins INFO     mongo_db = EnyNowDataModelCPM, topic = MQTT_ENY_NOW created 67ab101246f9f35e2e7d0911 succesfully
2025-02-11 14:53:38,682 pop.CPM_ENY_NOW_mongo_mixins INFO     mongo_db = TemporaryEnyNowDataModelCPM, topic = MQTT_ENY_NOW created 67ab101246f9f35e2e7d0912 succesfully
2025-02-11 14:53:38,688 pop.CPM_ENY_NOW_mongo_mixins INFO     mongo_db = TodayEnyNowDataModelCPM, topic = MQTT_ENY_NOW created 67ab101246f9f35e2e7d0913 succesfully
2025-02-11 14:53:38,695 pop.CPM_ENY_NOW_mongo_mixins INFO     mongo_db = Last7DaysEnyNowDataModelCPM, topic = MQTT_ENY_NOW created 67ab101246f9f35e2e7d0914 succesfully
2025-02-11 14:54:02,070 pop.CPM_RT_mixins INFO     mongo_db = RTModelCPM, topic = MQTT_RT_DATA created 67ab102a46f9f35e2e7d0918 succesfully
2025-02-11 14:54:02,085 pop.CPM_RT_mixins INFO     mongo_db = TemporaryRTModelCPM, topic = MQTT_RT_DATA created 67ab102a46f9f35e2e7d0919 succesfully
2025-02-11 14:54:02,103 pop.CPM_RT_mixins INFO     mongo_db = TodayRTModelCPM, topic = MQTT_RT_DATA created 67ab102a46f9f35e2e7d091a succesfully
2025-02-11 14:54:31,970 pop.CPM_RT_mixins INFO     mongo_db = RTModelCPM, topic = MQTT_RT_DATA created 67ab104746f9f35e2e7d091e succesfully
2025-02-11 14:54:31,985 pop.CPM_RT_mixins INFO     mongo_db = TemporaryRTModelCPM, topic = MQTT_RT_DATA created 67ab104746f9f35e2e7d091f succesfully
2025-02-11 14:54:31,999 pop.CPM_RT_mixins INFO     mongo_db = TodayRTModelCPM, topic = MQTT_RT_DATA created 67ab104746f9f35e2e7d0920 succesfully
2025-02-11 14:55:03,015 pop.CPM_RT_mixins INFO     mongo_db = RTModelCPM, topic = MQTT_RT_DATA created 67ab106746f9f35e2e7d0924 succesfully
2025-02-11 14:55:03,048 pop.CPM_RT_mixins INFO     mongo_db = TemporaryRTModelCPM, topic = MQTT_RT_DATA created 67ab106746f9f35e2e7d0925 succesfully
2025-02-11 14:55:03,079 pop.CPM_RT_mixins INFO     mongo_db = TodayRTModelCPM, topic = MQTT_RT_DATA created 67ab106746f9f35e2e7d0926 succesfully
2025-02-11 14:55:31,894 pop.CPM_RT_mixins INFO     mongo_db = RTModelCPM, topic = MQTT_RT_DATA created 67ab108346f9f35e2e7d092a succesfully
2025-02-11 14:55:31,908 pop.CPM_RT_mixins INFO     mongo_db = TemporaryRTModelCPM, topic = MQTT_RT_DATA created 67ab108346f9f35e2e7d092b succesfully
2025-02-11 14:55:31,923 pop.CPM_RT_mixins INFO     mongo_db = TodayRTModelCPM, topic = MQTT_RT_DATA created 67ab108346f9f35e2e7d092c succesfully
2025-02-11 14:56:01,913 pop.CPM_RT_mixins INFO     mongo_db = RTModelCPM, topic = MQTT_RT_DATA created 67ab10a146f9f35e2e7d0930 succesfully
2025-02-11 14:56:01,931 pop.CPM_RT_mixins INFO     mongo_db = TemporaryRTModelCPM, topic = MQTT_RT_DATA created 67ab10a146f9f35e2e7d0931 succesfully
2025-02-11 14:56:01,983 pop.CPM_RT_mixins INFO     mongo_db = TodayRTModelCPM, topic = MQTT_RT_DATA created 67ab10a146f9f35e2e7d0932 succesfully
2025-02-11 14:56:31,812 pop.CPM_RT_mixins INFO     mongo_db = RTModelCPM, topic = MQTT_RT_DATA created 67ab10bf46f9f35e2e7d0936 succesfully
2025-02-11 14:56:31,823 pop.CPM_RT_mixins INFO     mongo_db = TemporaryRTModelCPM, topic = MQTT_RT_DATA created 67ab10bf46f9f35e2e7d0937 succesfully
2025-02-11 14:56:31,836 pop.CPM_RT_mixins INFO     mongo_db = TodayRTModelCPM, topic = MQTT_RT_DATA created 67ab10bf46f9f35e2e7d0938 succesfully
2025-02-11 14:56:45,665 django.request WARNING  Not Found: /api/v1.0/devices/
2025-02-11 14:57:02,730 pop.CPM_RT_mixins INFO     mongo_db = RTModelCPM, topic = MQTT_RT_DATA created 67ab10de46f9f35e2e7d093c succesfully
2025-02-11 14:57:02,749 pop.CPM_RT_mixins INFO     mongo_db = TemporaryRTModelCPM, topic = MQTT_RT_DATA created 67ab10de46f9f35e2e7d093d succesfully
2025-02-11 14:57:02,765 pop.CPM_RT_mixins INFO     mongo_db = TodayRTModelCPM, topic = MQTT_RT_DATA created 67ab10de46f9f35e2e7d093e succesfully
2025-02-11 14:57:31,665 pop.CPM_RT_mixins INFO     mongo_db = RTModelCPM, topic = MQTT_RT_DATA created 67ab10fb46f9f35e2e7d0942 succesfully
2025-02-11 14:57:31,678 pop.CPM_RT_mixins INFO     mongo_db = TemporaryRTModelCPM, topic = MQTT_RT_DATA created 67ab10fb46f9f35e2e7d0943 succesfully
2025-02-11 14:57:31,690 pop.CPM_RT_mixins INFO     mongo_db = TodayRTModelCPM, topic = MQTT_RT_DATA created 67ab10fb46f9f35e2e7d0944 succesfully
2025-02-11 14:58:02,102 pop.CPM_RT_mixins INFO     mongo_db = RTModelCPM, topic = MQTT_RT_DATA created 67ab111a46f9f35e2e7d0948 succesfully
2025-02-11 14:58:02,150 pop.CPM_RT_mixins INFO     mongo_db = TemporaryRTModelCPM, topic = MQTT_RT_DATA created 67ab111a46f9f35e2e7d0949 succesfully
2025-02-11 14:58:02,167 pop.CPM_RT_mixins INFO     mongo_db = TodayRTModelCPM, topic = MQTT_RT_DATA created 67ab111a46f9f35e2e7d094a succesfully
2025-02-11 14:58:06,874 django.request WARNING  Not Found: /api/v1.0/devices/
2025-02-11 14:58:32,097 pop.CPM_RT_mixins INFO     mongo_db = RTModelCPM, topic = MQTT_RT_DATA created 67ab113846f9f35e2e7d094e succesfully
2025-02-11 14:58:32,110 pop.CPM_RT_mixins INFO     mongo_db = TemporaryRTModelCPM, topic = MQTT_RT_DATA created 67ab113846f9f35e2e7d094f succesfully
2025-02-11 14:58:32,124 pop.CPM_RT_mixins INFO     mongo_db = TodayRTModelCPM, topic = MQTT_RT_DATA created 67ab113846f9f35e2e7d0950 succesfully
2025-02-11 14:59:33,103 pop.CPM_RT_mixins INFO     mongo_db = RTModelCPM, topic = MQTT_RT_DATA created 67ab117546f9f35e2e7d0957 succesfully
2025-02-11 14:59:33,118 pop.CPM_RT_mixins INFO     mongo_db = TemporaryRTModelCPM, topic = MQTT_RT_DATA created 67ab117546f9f35e2e7d0958 succesfully
2025-02-11 14:59:33,133 pop.CPM_RT_mixins INFO     mongo_db = TodayRTModelCPM, topic = MQTT_RT_DATA created 67ab117546f9f35e2e7d0959 succesfully
2025-02-11 15:00:32,214 pop.CPM_RT_mixins INFO     mongo_db = RTModelCPM, topic = MQTT_RT_DATA created 67ab11b046f9f35e2e7d0960 succesfully
2025-02-11 15:00:32,228 pop.CPM_RT_mixins INFO     mongo_db = TemporaryRTModelCPM, topic = MQTT_RT_DATA created 67ab11b046f9f35e2e7d0961 succesfully
2025-02-11 15:00:32,241 pop.CPM_RT_mixins INFO     mongo_db = TodayRTModelCPM, topic = MQTT_RT_DATA created 67ab11b046f9f35e2e7d0962 succesfully
2025-02-11 15:01:31,696 pop.CPM_RT_mixins INFO     mongo_db = RTModelCPM, topic = MQTT_RT_DATA created 67ab11eb46f9f35e2e7d0969 succesfully
2025-02-11 15:01:31,712 pop.CPM_RT_mixins INFO     mongo_db = TemporaryRTModelCPM, topic = MQTT_RT_DATA created 67ab11eb46f9f35e2e7d096a succesfully
2025-02-11 15:01:31,728 pop.CPM_RT_mixins INFO     mongo_db = TodayRTModelCPM, topic = MQTT_RT_DATA created 67ab11eb46f9f35e2e7d096b succesfully
2025-02-11 15:02:02,246 pop.CPM_RT_mixins INFO     mongo_db = RTModelCPM, topic = MQTT_RT_DATA created 67ab120a46f9f35e2e7d096f succesfully
2025-02-11 15:02:02,278 pop.CPM_RT_mixins INFO     mongo_db = TemporaryRTModelCPM, topic = MQTT_RT_DATA created 67ab120a46f9f35e2e7d0970 succesfully
2025-02-11 15:02:02,294 pop.CPM_RT_mixins INFO     mongo_db = TodayRTModelCPM, topic = MQTT_RT_DATA created 67ab120a46f9f35e2e7d0971 succesfully
2025-02-11 15:02:33,091 pop.CPM_RT_mixins INFO     mongo_db = RTModelCPM, topic = MQTT_RT_DATA created 67ab122946f9f35e2e7d0975 succesfully
2025-02-11 15:02:33,108 pop.CPM_RT_mixins INFO     mongo_db = TemporaryRTModelCPM, topic = MQTT_RT_DATA created 67ab122946f9f35e2e7d0976 succesfully
2025-02-11 15:02:33,125 pop.CPM_RT_mixins INFO     mongo_db = TodayRTModelCPM, topic = MQTT_RT_DATA created 67ab122946f9f35e2e7d0977 succesfully
2025-02-11 15:03:03,102 pop.CPM_RT_mixins INFO     mongo_db = RTModelCPM, topic = MQTT_RT_DATA created 67ab124746f9f35e2e7d097b succesfully
2025-02-11 15:03:03,121 pop.CPM_RT_mixins INFO     mongo_db = TemporaryRTModelCPM, topic = MQTT_RT_DATA created 67ab124746f9f35e2e7d097c succesfully
2025-02-11 15:03:03,149 pop.CPM_RT_mixins INFO     mongo_db = TodayRTModelCPM, topic = MQTT_RT_DATA created 67ab124746f9f35e2e7d097d succesfully
2025-02-11 15:03:32,985 pop.CPM_RT_mixins INFO     mongo_db = RTModelCPM, topic = MQTT_RT_DATA created 67ab126446f9f35e2e7d0981 succesfully
2025-02-11 15:03:32,999 pop.CPM_RT_mixins INFO     mongo_db = TemporaryRTModelCPM, topic = MQTT_RT_DATA created 67ab126446f9f35e2e7d0982 succesfully
2025-02-11 15:03:33,013 pop.CPM_RT_mixins INFO     mongo_db = TodayRTModelCPM, topic = MQTT_RT_DATA created 67ab126546f9f35e2e7d0983 succesfully
2025-02-11 15:04:02,006 pop.CPM_RT_mixins INFO     mongo_db = RTModelCPM, topic = MQTT_RT_DATA created 67ab128246f9f35e2e7d0987 succesfully
2025-02-11 15:04:02,049 pop.CPM_RT_mixins INFO     mongo_db = TemporaryRTModelCPM, topic = MQTT_RT_DATA created 67ab128246f9f35e2e7d0988 succesfully
2025-02-11 15:04:02,081 pop.CPM_RT_mixins INFO     mongo_db = TodayRTModelCPM, topic = MQTT_RT_DATA created 67ab128246f9f35e2e7d0989 succesfully
2025-02-11 15:04:31,878 pop.CPM_RT_mixins INFO     mongo_db = RTModelCPM, topic = MQTT_RT_DATA created 67ab129f46f9f35e2e7d098d succesfully
2025-02-11 15:04:31,894 pop.CPM_RT_mixins INFO     mongo_db = TemporaryRTModelCPM, topic = MQTT_RT_DATA created 67ab129f46f9f35e2e7d098e succesfully
2025-02-11 15:04:31,910 pop.CPM_RT_mixins INFO     mongo_db = TodayRTModelCPM, topic = MQTT_RT_DATA created 67ab129f46f9f35e2e7d098f succesfully
2025-02-11 15:05:32,949 pop.CPM_RT_mixins INFO     mongo_db = RTModelCPM, topic = MQTT_RT_DATA created 67ab12dc46f9f35e2e7d0996 succesfully
2025-02-11 15:05:32,965 pop.CPM_RT_mixins INFO     mongo_db = TemporaryRTModelCPM, topic = MQTT_RT_DATA created 67ab12dc46f9f35e2e7d0997 succesfully
2025-02-11 15:05:32,981 pop.CPM_RT_mixins INFO     mongo_db = TodayRTModelCPM, topic = MQTT_RT_DATA created 67ab12dc46f9f35e2e7d0998 succesfully
2025-02-11 15:06:02,859 pop.CPM_RT_mixins INFO     mongo_db = RTModelCPM, topic = MQTT_RT_DATA created 67ab12fa46f9f35e2e7d099c succesfully
2025-02-11 15:06:02,882 pop.CPM_RT_mixins INFO     mongo_db = TemporaryRTModelCPM, topic = MQTT_RT_DATA created 67ab12fa46f9f35e2e7d099d succesfully
2025-02-11 15:06:02,898 pop.CPM_RT_mixins INFO     mongo_db = TodayRTModelCPM, topic = MQTT_RT_DATA created 67ab12fa46f9f35e2e7d099e succesfully
2025-02-11 15:06:31,761 pop.CPM_RT_mixins INFO     mongo_db = RTModelCPM, topic = MQTT_RT_DATA created 67ab131746f9f35e2e7d09a2 succesfully
2025-02-11 15:06:31,774 pop.CPM_RT_mixins INFO     mongo_db = TemporaryRTModelCPM, topic = MQTT_RT_DATA created 67ab131746f9f35e2e7d09a3 succesfully
2025-02-11 15:06:31,786 pop.CPM_RT_mixins INFO     mongo_db = TodayRTModelCPM, topic = MQTT_RT_DATA created 67ab131746f9f35e2e7d09a4 succesfully
2025-02-11 15:07:02,681 pop.CPM_RT_mixins INFO     mongo_db = RTModelCPM, topic = MQTT_RT_DATA created 67ab133646f9f35e2e7d09a8 succesfully
2025-02-11 15:07:02,697 pop.CPM_RT_mixins INFO     mongo_db = TemporaryRTModelCPM, topic = MQTT_RT_DATA created 67ab133646f9f35e2e7d09a9 succesfully
2025-02-11 15:07:02,713 pop.CPM_RT_mixins INFO     mongo_db = TodayRTModelCPM, topic = MQTT_RT_DATA created 67ab133646f9f35e2e7d09aa succesfully
2025-02-11 15:07:32,093 pop.CPM_RT_mixins INFO     mongo_db = RTModelCPM, topic = MQTT_RT_DATA created 67ab135446f9f35e2e7d09ae succesfully
2025-02-11 15:07:32,106 pop.CPM_RT_mixins INFO     mongo_db = TemporaryRTModelCPM, topic = MQTT_RT_DATA created 67ab135446f9f35e2e7d09af succesfully
2025-02-11 15:07:32,119 pop.CPM_RT_mixins INFO     mongo_db = TodayRTModelCPM, topic = MQTT_RT_DATA created 67ab135446f9f35e2e7d09b0 succesfully
2025-02-11 15:08:02,131 pop.CPM_RT_mixins INFO     mongo_db = RTModelCPM, topic = MQTT_RT_DATA created 67ab137246f9f35e2e7d09b4 succesfully
2025-02-11 15:08:02,150 pop.CPM_RT_mixins INFO     mongo_db = TemporaryRTModelCPM, topic = MQTT_RT_DATA created 67ab137246f9f35e2e7d09b5 succesfully
2025-02-11 15:08:02,172 pop.CPM_RT_mixins INFO     mongo_db = TodayRTModelCPM, topic = MQTT_RT_DATA created 67ab137246f9f35e2e7d09b6 succesfully
2025-02-11 15:08:32,989 pop.CPM_RT_mixins INFO     mongo_db = RTModelCPM, topic = MQTT_RT_DATA created 67ab139046f9f35e2e7d09ba succesfully
2025-02-11 15:08:33,003 pop.CPM_RT_mixins INFO     mongo_db = TemporaryRTModelCPM, topic = MQTT_RT_DATA created 67ab139146f9f35e2e7d09bb succesfully
2025-02-11 15:08:33,014 pop.CPM_RT_mixins INFO     mongo_db = TodayRTModelCPM, topic = MQTT_RT_DATA created 67ab139146f9f35e2e7d09bc succesfully
2025-02-11 15:08:39,664 pop.CPM_ENY_NOW_mongo_mixins INFO     mongo_db = EnyNowDataModelCPM, topic = MQTT_ENY_NOW created 67ab139746f9f35e2e7d09bd succesfully
2025-02-11 15:08:39,672 pop.CPM_ENY_NOW_mongo_mixins INFO     mongo_db = TemporaryEnyNowDataModelCPM, topic = MQTT_ENY_NOW created 67ab139746f9f35e2e7d09be succesfully
2025-02-11 15:08:39,679 pop.CPM_ENY_NOW_mongo_mixins INFO     mongo_db = TodayEnyNowDataModelCPM, topic = MQTT_ENY_NOW created 67ab139746f9f35e2e7d09bf succesfully
2025-02-11 15:08:39,687 pop.CPM_ENY_NOW_mongo_mixins INFO     mongo_db = Last7DaysEnyNowDataModelCPM, topic = MQTT_ENY_NOW created 67ab139746f9f35e2e7d09c0 succesfully
2025-02-11 15:09:02,143 pop.CPM_RT_mixins INFO     mongo_db = RTModelCPM, topic = MQTT_RT_DATA created 67ab13ae46f9f35e2e7d09c4 succesfully
2025-02-11 15:09:02,169 pop.CPM_RT_mixins INFO     mongo_db = TemporaryRTModelCPM, topic = MQTT_RT_DATA created 67ab13ae46f9f35e2e7d09c5 succesfully
2025-02-11 15:09:02,211 pop.CPM_RT_mixins INFO     mongo_db = TodayRTModelCPM, topic = MQTT_RT_DATA created 67ab13ae46f9f35e2e7d09c6 succesfully
2025-02-11 15:09:32,034 pop.CPM_RT_mixins INFO     mongo_db = RTModelCPM, topic = MQTT_RT_DATA created 67ab13cc46f9f35e2e7d09ca succesfully
2025-02-11 15:09:32,047 pop.CPM_RT_mixins INFO     mongo_db = TemporaryRTModelCPM, topic = MQTT_RT_DATA created 67ab13cc46f9f35e2e7d09cb succesfully
2025-02-11 15:09:32,060 pop.CPM_RT_mixins INFO     mongo_db = TodayRTModelCPM, topic = MQTT_RT_DATA created 67ab13cc46f9f35e2e7d09cc succesfully
2025-02-11 15:10:32,056 pop.CPM_RT_mixins INFO     mongo_db = RTModelCPM, topic = MQTT_RT_DATA created 67ab140846f9f35e2e7d09d3 succesfully
2025-02-11 15:10:32,068 pop.CPM_RT_mixins INFO     mongo_db = TemporaryRTModelCPM, topic = MQTT_RT_DATA created 67ab140846f9f35e2e7d09d4 succesfully
2025-02-11 15:10:32,084 pop.CPM_RT_mixins INFO     mongo_db = TodayRTModelCPM, topic = MQTT_RT_DATA created 67ab140846f9f35e2e7d09d5 succesfully
2025-02-11 15:11:33,091 pop.CPM_RT_mixins INFO     mongo_db = RTModelCPM, topic = MQTT_RT_DATA created 67ab144546f9f35e2e7d09dc succesfully
2025-02-11 15:11:33,111 pop.CPM_RT_mixins INFO     mongo_db = TemporaryRTModelCPM, topic = MQTT_RT_DATA created 67ab144546f9f35e2e7d09dd succesfully
2025-02-11 15:11:33,124 pop.CPM_RT_mixins INFO     mongo_db = TodayRTModelCPM, topic = MQTT_RT_DATA created 67ab144546f9f35e2e7d09de succesfully
2025-02-11 15:12:33,402 pop.CPM_RT_mixins INFO     mongo_db = RTModelCPM, topic = MQTT_RT_DATA created 67ab148146f9f35e2e7d09e5 succesfully
2025-02-11 15:12:33,414 pop.CPM_RT_mixins INFO     mongo_db = TemporaryRTModelCPM, topic = MQTT_RT_DATA created 67ab148146f9f35e2e7d09e6 succesfully
2025-02-11 15:12:33,427 pop.CPM_RT_mixins INFO     mongo_db = TodayRTModelCPM, topic = MQTT_RT_DATA created 67ab148146f9f35e2e7d09e7 succesfully
2025-02-11 15:13:33,122 pop.CPM_RT_mixins INFO     mongo_db = RTModelCPM, topic = MQTT_RT_DATA created 67ab14bd46f9f35e2e7d09eb succesfully
2025-02-11 15:13:33,133 pop.CPM_RT_mixins INFO     mongo_db = TemporaryRTModelCPM, topic = MQTT_RT_DATA created 67ab14bd46f9f35e2e7d09ec succesfully
2025-02-11 15:13:33,144 pop.CPM_RT_mixins INFO     mongo_db = TodayRTModelCPM, topic = MQTT_RT_DATA created 67ab14bd46f9f35e2e7d09ed succesfully
2025-02-11 15:14:03,048 pop.CPM_RT_mixins INFO     mongo_db = RTModelCPM, topic = MQTT_RT_DATA created 67ab14db46f9f35e2e7d09f1 succesfully
2025-02-11 15:14:03,063 pop.CPM_RT_mixins INFO     mongo_db = TemporaryRTModelCPM, topic = MQTT_RT_DATA created 67ab14db46f9f35e2e7d09f2 succesfully
2025-02-11 15:14:03,079 pop.CPM_RT_mixins INFO     mongo_db = TodayRTModelCPM, topic = MQTT_RT_DATA created 67ab14db46f9f35e2e7d09f3 succesfully
2025-02-11 15:14:32,932 pop.CPM_RT_mixins INFO     mongo_db = RTModelCPM, topic = MQTT_RT_DATA created 67ab14f846f9f35e2e7d09f7 succesfully
2025-02-11 15:14:32,946 pop.CPM_RT_mixins INFO     mongo_db = TemporaryRTModelCPM, topic = MQTT_RT_DATA created 67ab14f846f9f35e2e7d09f8 succesfully
2025-02-11 15:14:32,961 pop.CPM_RT_mixins INFO     mongo_db = TodayRTModelCPM, topic = MQTT_RT_DATA created 67ab14f846f9f35e2e7d09f9 succesfully
2025-02-11 15:15:01,915 pop.CPM_RT_mixins INFO     mongo_db = RTModelCPM, topic = MQTT_RT_DATA created 67ab151546f9f35e2e7d09fd succesfully
2025-02-11 15:15:01,940 pop.CPM_RT_mixins INFO     mongo_db = TemporaryRTModelCPM, topic = MQTT_RT_DATA created 67ab151546f9f35e2e7d09fe succesfully
2025-02-11 15:15:01,999 pop.CPM_RT_mixins INFO     mongo_db = TodayRTModelCPM, topic = MQTT_RT_DATA created 67ab151546f9f35e2e7d09ff succesfully
2025-02-11 15:15:31,792 pop.CPM_RT_mixins INFO     mongo_db = RTModelCPM, topic = MQTT_RT_DATA created 67ab153346f9f35e2e7d0a03 succesfully
2025-02-11 15:15:31,807 pop.CPM_RT_mixins INFO     mongo_db = TemporaryRTModelCPM, topic = MQTT_RT_DATA created 67ab153346f9f35e2e7d0a04 succesfully
2025-02-11 15:15:31,822 pop.CPM_RT_mixins INFO     mongo_db = TodayRTModelCPM, topic = MQTT_RT_DATA created 67ab153346f9f35e2e7d0a05 succesfully
2025-02-11 15:16:02,198 pop.CPM_RT_mixins INFO     mongo_db = RTModelCPM, topic = MQTT_RT_DATA created 67ab155246f9f35e2e7d0a09 succesfully
2025-02-11 15:16:02,214 pop.CPM_RT_mixins INFO     mongo_db = TemporaryRTModelCPM, topic = MQTT_RT_DATA created 67ab155246f9f35e2e7d0a0a succesfully
2025-02-11 15:16:02,230 pop.CPM_RT_mixins INFO     mongo_db = TodayRTModelCPM, topic = MQTT_RT_DATA created 67ab155246f9f35e2e7d0a0b succesfully
2025-02-11 15:16:32,066 pop.CPM_RT_mixins INFO     mongo_db = RTModelCPM, topic = MQTT_RT_DATA created 67ab157046f9f35e2e7d0a0f succesfully
2025-02-11 15:16:32,080 pop.CPM_RT_mixins INFO     mongo_db = TemporaryRTModelCPM, topic = MQTT_RT_DATA created 67ab157046f9f35e2e7d0a10 succesfully
2025-02-11 15:16:32,094 pop.CPM_RT_mixins INFO     mongo_db = TodayRTModelCPM, topic = MQTT_RT_DATA created 67ab157046f9f35e2e7d0a11 succesfully
2025-02-11 15:17:02,068 pop.CPM_RT_mixins INFO     mongo_db = RTModelCPM, topic = MQTT_RT_DATA created 67ab158e46f9f35e2e7d0a15 succesfully
2025-02-11 15:17:02,086 pop.CPM_RT_mixins INFO     mongo_db = TemporaryRTModelCPM, topic = MQTT_RT_DATA created 67ab158e46f9f35e2e7d0a16 succesfully
2025-02-11 15:17:02,114 pop.CPM_RT_mixins INFO     mongo_db = TodayRTModelCPM, topic = MQTT_RT_DATA created 67ab158e46f9f35e2e7d0a17 succesfully
2025-02-11 15:17:31,945 pop.CPM_RT_mixins INFO     mongo_db = RTModelCPM, topic = MQTT_RT_DATA created 67ab15ab46f9f35e2e7d0a1b succesfully
2025-02-11 15:17:31,959 pop.CPM_RT_mixins INFO     mongo_db = TemporaryRTModelCPM, topic = MQTT_RT_DATA created 67ab15ab46f9f35e2e7d0a1c succesfully
2025-02-11 15:17:31,974 pop.CPM_RT_mixins INFO     mongo_db = TodayRTModelCPM, topic = MQTT_RT_DATA created 67ab15ab46f9f35e2e7d0a1d succesfully
2025-02-11 15:18:31,874 pop.CPM_RT_mixins INFO     mongo_db = RTModelCPM, topic = MQTT_RT_DATA created 67ab15e746f9f35e2e7d0a24 succesfully
2025-02-11 15:18:31,889 pop.CPM_RT_mixins INFO     mongo_db = TemporaryRTModelCPM, topic = MQTT_RT_DATA created 67ab15e746f9f35e2e7d0a25 succesfully
2025-02-11 15:18:31,905 pop.CPM_RT_mixins INFO     mongo_db = TodayRTModelCPM, topic = MQTT_RT_DATA created 67ab15e746f9f35e2e7d0a26 succesfully
2025-02-11 15:19:02,926 pop.CPM_RT_mixins INFO     mongo_db = RTModelCPM, topic = MQTT_RT_DATA created 67ab160646f9f35e2e7d0a2a succesfully
2025-02-11 15:19:02,942 pop.CPM_RT_mixins INFO     mongo_db = TemporaryRTModelCPM, topic = MQTT_RT_DATA created 67ab160646f9f35e2e7d0a2b succesfully
2025-02-11 15:19:02,981 pop.CPM_RT_mixins INFO     mongo_db = TodayRTModelCPM, topic = MQTT_RT_DATA created 67ab160646f9f35e2e7d0a2c succesfully
2025-02-11 15:19:32,762 pop.CPM_RT_mixins INFO     mongo_db = RTModelCPM, topic = MQTT_RT_DATA created 67ab162446f9f35e2e7d0a30 succesfully
2025-02-11 15:19:32,776 pop.CPM_RT_mixins INFO     mongo_db = TemporaryRTModelCPM, topic = MQTT_RT_DATA created 67ab162446f9f35e2e7d0a31 succesfully
2025-02-11 15:19:32,789 pop.CPM_RT_mixins INFO     mongo_db = TodayRTModelCPM, topic = MQTT_RT_DATA created 67ab162446f9f35e2e7d0a32 succesfully
2025-02-11 15:20:02,152 pop.CPM_RT_mixins INFO     mongo_db = RTModelCPM, topic = MQTT_RT_DATA created 67ab164246f9f35e2e7d0a36 succesfully
2025-02-11 15:20:02,175 pop.CPM_RT_mixins INFO     mongo_db = TemporaryRTModelCPM, topic = MQTT_RT_DATA created 67ab164246f9f35e2e7d0a37 succesfully
2025-02-11 15:20:02,207 pop.CPM_RT_mixins INFO     mongo_db = TodayRTModelCPM, topic = MQTT_RT_DATA created 67ab164246f9f35e2e7d0a38 succesfully
2025-02-11 15:20:33,259 pop.CPM_RT_mixins INFO     mongo_db = RTModelCPM, topic = MQTT_RT_DATA created 67ab166146f9f35e2e7d0a3c succesfully
2025-02-11 15:20:33,275 pop.CPM_RT_mixins INFO     mongo_db = TemporaryRTModelCPM, topic = MQTT_RT_DATA created 67ab166146f9f35e2e7d0a3d succesfully
2025-02-11 15:20:33,291 pop.CPM_RT_mixins INFO     mongo_db = TodayRTModelCPM, topic = MQTT_RT_DATA created 67ab166146f9f35e2e7d0a3e succesfully
2025-02-11 15:21:03,121 pop.CPM_RT_mixins INFO     mongo_db = RTModelCPM, topic = MQTT_RT_DATA created 67ab167f46f9f35e2e7d0a42 succesfully
2025-02-11 15:21:03,168 pop.CPM_RT_mixins INFO     mongo_db = TemporaryRTModelCPM, topic = MQTT_RT_DATA created 67ab167f46f9f35e2e7d0a43 succesfully
2025-02-11 15:21:03,217 pop.CPM_RT_mixins INFO     mongo_db = TodayRTModelCPM, topic = MQTT_RT_DATA created 67ab167f46f9f35e2e7d0a44 succesfully
2025-02-11 15:21:32,038 pop.CPM_RT_mixins INFO     mongo_db = RTModelCPM, topic = MQTT_RT_DATA created 67ab169c46f9f35e2e7d0a48 succesfully
2025-02-11 15:21:32,054 pop.CPM_RT_mixins INFO     mongo_db = TemporaryRTModelCPM, topic = MQTT_RT_DATA created 67ab169c46f9f35e2e7d0a49 succesfully
2025-02-11 15:21:32,069 pop.CPM_RT_mixins INFO     mongo_db = TodayRTModelCPM, topic = MQTT_RT_DATA created 67ab169c46f9f35e2e7d0a4a succesfully
2025-02-11 15:22:03,003 pop.CPM_RT_mixins INFO     mongo_db = RTModelCPM, topic = MQTT_RT_DATA created 67ab16bb46f9f35e2e7d0a4e succesfully
2025-02-11 15:22:03,026 pop.CPM_RT_mixins INFO     mongo_db = TemporaryRTModelCPM, topic = MQTT_RT_DATA created 67ab16bb46f9f35e2e7d0a4f succesfully
2025-02-11 15:22:03,055 pop.CPM_RT_mixins INFO     mongo_db = TodayRTModelCPM, topic = MQTT_RT_DATA created 67ab16bb46f9f35e2e7d0a50 succesfully
2025-02-11 15:22:32,914 pop.CPM_RT_mixins INFO     mongo_db = RTModelCPM, topic = MQTT_RT_DATA created 67ab16d846f9f35e2e7d0a54 succesfully
2025-02-11 15:22:32,930 pop.CPM_RT_mixins INFO     mongo_db = TemporaryRTModelCPM, topic = MQTT_RT_DATA created 67ab16d846f9f35e2e7d0a55 succesfully
2025-02-11 15:22:32,945 pop.CPM_RT_mixins INFO     mongo_db = TodayRTModelCPM, topic = MQTT_RT_DATA created 67ab16d846f9f35e2e7d0a56 succesfully
2025-02-11 15:23:01,948 pop.CPM_RT_mixins INFO     mongo_db = RTModelCPM, topic = MQTT_RT_DATA created 67ab16f546f9f35e2e7d0a5a succesfully
2025-02-11 15:23:01,968 pop.CPM_RT_mixins INFO     mongo_db = TemporaryRTModelCPM, topic = MQTT_RT_DATA created 67ab16f546f9f35e2e7d0a5b succesfully
2025-02-11 15:23:01,997 pop.CPM_RT_mixins INFO     mongo_db = TodayRTModelCPM, topic = MQTT_RT_DATA created 67ab16f546f9f35e2e7d0a5c succesfully
2025-02-11 15:23:31,760 pop.CPM_RT_mixins INFO     mongo_db = RTModelCPM, topic = MQTT_RT_DATA created 67ab171346f9f35e2e7d0a60 succesfully
2025-02-11 15:23:31,773 pop.CPM_RT_mixins INFO     mongo_db = TemporaryRTModelCPM, topic = MQTT_RT_DATA created 67ab171346f9f35e2e7d0a61 succesfully
2025-02-11 15:23:31,786 pop.CPM_RT_mixins INFO     mongo_db = TodayRTModelCPM, topic = MQTT_RT_DATA created 67ab171346f9f35e2e7d0a62 succesfully
2025-02-11 15:23:38,396 pop.CPM_ENY_NOW_mongo_mixins INFO     mongo_db = EnyNowDataModelCPM, topic = MQTT_ENY_NOW created 67ab171a46f9f35e2e7d0a63 succesfully
2025-02-11 15:23:38,402 pop.CPM_ENY_NOW_mongo_mixins INFO     mongo_db = TemporaryEnyNowDataModelCPM, topic = MQTT_ENY_NOW created 67ab171a46f9f35e2e7d0a64 succesfully
2025-02-11 15:23:38,408 pop.CPM_ENY_NOW_mongo_mixins INFO     mongo_db = TodayEnyNowDataModelCPM, topic = MQTT_ENY_NOW created 67ab171a46f9f35e2e7d0a65 succesfully
2025-02-11 15:23:38,414 pop.CPM_ENY_NOW_mongo_mixins INFO     mongo_db = Last7DaysEnyNowDataModelCPM, topic = MQTT_ENY_NOW created 67ab171a46f9f35e2e7d0a66 succesfully
2025-02-11 15:24:02,747 pop.CPM_RT_mixins INFO     mongo_db = RTModelCPM, topic = MQTT_RT_DATA created 67ab173246f9f35e2e7d0a6a succesfully
2025-02-11 15:24:02,764 pop.CPM_RT_mixins INFO     mongo_db = TemporaryRTModelCPM, topic = MQTT_RT_DATA created 67ab173246f9f35e2e7d0a6b succesfully
2025-02-11 15:24:02,782 pop.CPM_RT_mixins INFO     mongo_db = TodayRTModelCPM, topic = MQTT_RT_DATA created 67ab173246f9f35e2e7d0a6c succesfully
2025-02-11 15:24:33,099 pop.CPM_RT_mixins INFO     mongo_db = RTModelCPM, topic = MQTT_RT_DATA created 67ab175146f9f35e2e7d0a70 succesfully
2025-02-11 15:24:33,111 pop.CPM_RT_mixins INFO     mongo_db = TemporaryRTModelCPM, topic = MQTT_RT_DATA created 67ab175146f9f35e2e7d0a71 succesfully
2025-02-11 15:24:33,124 pop.CPM_RT_mixins INFO     mongo_db = TodayRTModelCPM, topic = MQTT_RT_DATA created 67ab175146f9f35e2e7d0a72 succesfully
2025-02-11 15:25:03,034 pop.CPM_RT_mixins INFO     mongo_db = RTModelCPM, topic = MQTT_RT_DATA created 67ab176f46f9f35e2e7d0a76 succesfully
2025-02-11 15:25:03,101 pop.CPM_RT_mixins INFO     mongo_db = TemporaryRTModelCPM, topic = MQTT_RT_DATA created 67ab176f46f9f35e2e7d0a77 succesfully
2025-02-11 15:25:03,137 pop.CPM_RT_mixins INFO     mongo_db = TodayRTModelCPM, topic = MQTT_RT_DATA created 67ab176f46f9f35e2e7d0a78 succesfully
2025-02-11 15:25:31,827 pop.CPM_RT_mixins INFO     mongo_db = RTModelCPM, topic = MQTT_RT_DATA created 67ab178b46f9f35e2e7d0a7c succesfully
2025-02-11 15:25:31,839 pop.CPM_RT_mixins INFO     mongo_db = TemporaryRTModelCPM, topic = MQTT_RT_DATA created 67ab178b46f9f35e2e7d0a7d succesfully
2025-02-11 15:25:31,855 pop.CPM_RT_mixins INFO     mongo_db = TodayRTModelCPM, topic = MQTT_RT_DATA created 67ab178b46f9f35e2e7d0a7e succesfully
2025-02-11 15:26:02,294 pop.CPM_RT_mixins INFO     mongo_db = RTModelCPM, topic = MQTT_RT_DATA created 67ab17aa46f9f35e2e7d0a82 succesfully
2025-02-11 15:26:02,324 pop.CPM_RT_mixins INFO     mongo_db = TemporaryRTModelCPM, topic = MQTT_RT_DATA created 67ab17aa46f9f35e2e7d0a83 succesfully
2025-02-11 15:26:02,347 pop.CPM_RT_mixins INFO     mongo_db = TodayRTModelCPM, topic = MQTT_RT_DATA created 67ab17aa46f9f35e2e7d0a84 succesfully
2025-02-11 15:26:32,054 pop.CPM_RT_mixins INFO     mongo_db = RTModelCPM, topic = MQTT_RT_DATA created 67ab17c846f9f35e2e7d0a88 succesfully
2025-02-11 15:26:32,066 pop.CPM_RT_mixins INFO     mongo_db = TemporaryRTModelCPM, topic = MQTT_RT_DATA created 67ab17c846f9f35e2e7d0a89 succesfully
2025-02-11 15:26:32,078 pop.CPM_RT_mixins INFO     mongo_db = TodayRTModelCPM, topic = MQTT_RT_DATA created 67ab17c846f9f35e2e7d0a8a succesfully
2025-02-11 15:27:02,019 pop.CPM_RT_mixins INFO     mongo_db = RTModelCPM, topic = MQTT_RT_DATA created 67ab17e646f9f35e2e7d0a8e succesfully
2025-02-11 15:27:02,043 pop.CPM_RT_mixins INFO     mongo_db = TemporaryRTModelCPM, topic = MQTT_RT_DATA created 67ab17e646f9f35e2e7d0a8f succesfully
2025-02-11 15:27:02,057 pop.CPM_RT_mixins INFO     mongo_db = TodayRTModelCPM, topic = MQTT_RT_DATA created 67ab17e646f9f35e2e7d0a90 succesfully
2025-02-11 15:27:32,963 pop.CPM_RT_mixins INFO     mongo_db = RTModelCPM, topic = MQTT_RT_DATA created 67ab180446f9f35e2e7d0a94 succesfully
2025-02-11 15:27:32,974 pop.CPM_RT_mixins INFO     mongo_db = TemporaryRTModelCPM, topic = MQTT_RT_DATA created 67ab180446f9f35e2e7d0a95 succesfully
2025-02-11 15:27:32,986 pop.CPM_RT_mixins INFO     mongo_db = TodayRTModelCPM, topic = MQTT_RT_DATA created 67ab180446f9f35e2e7d0a96 succesfully
2025-02-11 15:28:01,816 pop.CPM_RT_mixins INFO     mongo_db = RTModelCPM, topic = MQTT_RT_DATA created 67ab182146f9f35e2e7d0a9a succesfully
2025-02-11 15:28:01,843 pop.CPM_RT_mixins INFO     mongo_db = TemporaryRTModelCPM, topic = MQTT_RT_DATA created 67ab182146f9f35e2e7d0a9b succesfully
2025-02-11 15:28:01,868 pop.CPM_RT_mixins INFO     mongo_db = TodayRTModelCPM, topic = MQTT_RT_DATA created 67ab182146f9f35e2e7d0a9c succesfully
2025-02-11 15:28:31,669 pop.CPM_RT_mixins INFO     mongo_db = RTModelCPM, topic = MQTT_RT_DATA created 67ab183f46f9f35e2e7d0aa0 succesfully
2025-02-11 15:28:31,681 pop.CPM_RT_mixins INFO     mongo_db = TemporaryRTModelCPM, topic = MQTT_RT_DATA created 67ab183f46f9f35e2e7d0aa1 succesfully
2025-02-11 15:28:31,692 pop.CPM_RT_mixins INFO     mongo_db = TodayRTModelCPM, topic = MQTT_RT_DATA created 67ab183f46f9f35e2e7d0aa2 succesfully
2025-02-11 15:29:03,007 pop.CPM_RT_mixins INFO     mongo_db = RTModelCPM, topic = MQTT_RT_DATA created 67ab185f46f9f35e2e7d0aa6 succesfully
2025-02-11 15:29:03,021 pop.CPM_RT_mixins INFO     mongo_db = TemporaryRTModelCPM, topic = MQTT_RT_DATA created 67ab185f46f9f35e2e7d0aa7 succesfully
2025-02-11 15:29:03,036 pop.CPM_RT_mixins INFO     mongo_db = TodayRTModelCPM, topic = MQTT_RT_DATA created 67ab185f46f9f35e2e7d0aa8 succesfully
2025-02-11 15:29:32,811 pop.CPM_RT_mixins INFO     mongo_db = RTModelCPM, topic = MQTT_RT_DATA created 67ab187c46f9f35e2e7d0aac succesfully
2025-02-11 15:29:32,824 pop.CPM_RT_mixins INFO     mongo_db = TemporaryRTModelCPM, topic = MQTT_RT_DATA created 67ab187c46f9f35e2e7d0aad succesfully
2025-02-11 15:29:32,836 pop.CPM_RT_mixins INFO     mongo_db = TodayRTModelCPM, topic = MQTT_RT_DATA created 67ab187c46f9f35e2e7d0aae succesfully
2025-02-11 15:30:02,125 pop.CPM_RT_mixins INFO     mongo_db = RTModelCPM, topic = MQTT_RT_DATA created 67ab189a46f9f35e2e7d0ab2 succesfully
2025-02-11 15:30:02,141 pop.CPM_RT_mixins INFO     mongo_db = TemporaryRTModelCPM, topic = MQTT_RT_DATA created 67ab189a46f9f35e2e7d0ab3 succesfully
2025-02-11 15:30:02,158 pop.CPM_RT_mixins INFO     mongo_db = TodayRTModelCPM, topic = MQTT_RT_DATA created 67ab189a46f9f35e2e7d0ab4 succesfully
2025-02-11 15:30:32,940 pop.CPM_RT_mixins INFO     mongo_db = RTModelCPM, topic = MQTT_RT_DATA created 67ab18b846f9f35e2e7d0ab8 succesfully
2025-02-11 15:30:32,953 pop.CPM_RT_mixins INFO     mongo_db = TemporaryRTModelCPM, topic = MQTT_RT_DATA created 67ab18b846f9f35e2e7d0ab9 succesfully
2025-02-11 15:30:32,965 pop.CPM_RT_mixins INFO     mongo_db = TodayRTModelCPM, topic = MQTT_RT_DATA created 67ab18b846f9f35e2e7d0aba succesfully
2025-02-11 15:31:02,993 pop.CPM_RT_mixins INFO     mongo_db = RTModelCPM, topic = MQTT_RT_DATA created 67ab18d646f9f35e2e7d0abe succesfully
2025-02-11 15:31:03,008 pop.CPM_RT_mixins INFO     mongo_db = TemporaryRTModelCPM, topic = MQTT_RT_DATA created 67ab18d746f9f35e2e7d0abf succesfully
2025-02-11 15:31:03,023 pop.CPM_RT_mixins INFO     mongo_db = TodayRTModelCPM, topic = MQTT_RT_DATA created 67ab18d746f9f35e2e7d0ac0 succesfully
2025-02-11 15:31:32,831 pop.CPM_RT_mixins INFO     mongo_db = RTModelCPM, topic = MQTT_RT_DATA created 67ab18f446f9f35e2e7d0ac4 succesfully
2025-02-11 15:31:32,844 pop.CPM_RT_mixins INFO     mongo_db = TemporaryRTModelCPM, topic = MQTT_RT_DATA created 67ab18f446f9f35e2e7d0ac5 succesfully
2025-02-11 15:31:32,859 pop.CPM_RT_mixins INFO     mongo_db = TodayRTModelCPM, topic = MQTT_RT_DATA created 67ab18f446f9f35e2e7d0ac6 succesfully
2025-02-11 15:32:02,759 pop.CPM_RT_mixins INFO     mongo_db = RTModelCPM, topic = MQTT_RT_DATA created 67ab191246f9f35e2e7d0aca succesfully
2025-02-11 15:32:02,774 pop.CPM_RT_mixins INFO     mongo_db = TemporaryRTModelCPM, topic = MQTT_RT_DATA created 67ab191246f9f35e2e7d0acb succesfully
2025-02-11 15:32:02,794 pop.CPM_RT_mixins INFO     mongo_db = TodayRTModelCPM, topic = MQTT_RT_DATA created 67ab191246f9f35e2e7d0acc succesfully
2025-02-11 15:32:32,264 pop.CPM_RT_mixins INFO     mongo_db = RTModelCPM, topic = MQTT_RT_DATA created 67ab193046f9f35e2e7d0acd succesfully
2025-02-11 15:32:32,282 pop.CPM_RT_mixins INFO     mongo_db = TemporaryRTModelCPM, topic = MQTT_RT_DATA created 67ab193046f9f35e2e7d0ace succesfully
2025-02-11 15:32:32,297 pop.CPM_RT_mixins INFO     mongo_db = TodayRTModelCPM, topic = MQTT_RT_DATA created 67ab193046f9f35e2e7d0acf succesfully
2025-02-11 15:33:02,103 pop.CPM_RT_mixins INFO     mongo_db = RTModelCPM, topic = MQTT_RT_DATA created 67ab194e46f9f35e2e7d0ad3 succesfully
2025-02-11 15:33:02,133 pop.CPM_RT_mixins INFO     mongo_db = TemporaryRTModelCPM, topic = MQTT_RT_DATA created 67ab194e46f9f35e2e7d0ad4 succesfully
2025-02-11 15:33:02,168 pop.CPM_RT_mixins INFO     mongo_db = TodayRTModelCPM, topic = MQTT_RT_DATA created 67ab194e46f9f35e2e7d0ad5 succesfully
2025-02-11 15:33:31,988 pop.CPM_RT_mixins INFO     mongo_db = RTModelCPM, topic = MQTT_RT_DATA created 67ab196b46f9f35e2e7d0ad9 succesfully
2025-02-11 15:33:32,008 pop.CPM_RT_mixins INFO     mongo_db = TemporaryRTModelCPM, topic = MQTT_RT_DATA created 67ab196c46f9f35e2e7d0ada succesfully
2025-02-11 15:33:32,022 pop.CPM_RT_mixins INFO     mongo_db = TodayRTModelCPM, topic = MQTT_RT_DATA created 67ab196c46f9f35e2e7d0adb succesfully
2025-02-11 15:34:02,818 pop.CPM_RT_mixins INFO     mongo_db = RTModelCPM, topic = MQTT_RT_DATA created 67ab198a46f9f35e2e7d0adf succesfully
2025-02-11 15:34:02,848 pop.CPM_RT_mixins INFO     mongo_db = TemporaryRTModelCPM, topic = MQTT_RT_DATA created 67ab198a46f9f35e2e7d0ae0 succesfully
2025-02-11 15:34:02,873 pop.CPM_RT_mixins INFO     mongo_db = TodayRTModelCPM, topic = MQTT_RT_DATA created 67ab198a46f9f35e2e7d0ae1 succesfully
2025-02-11 15:34:33,144 pop.CPM_RT_mixins INFO     mongo_db = RTModelCPM, topic = MQTT_RT_DATA created 67ab19a946f9f35e2e7d0ae5 succesfully
2025-02-11 15:34:33,159 pop.CPM_RT_mixins INFO     mongo_db = TemporaryRTModelCPM, topic = MQTT_RT_DATA created 67ab19a946f9f35e2e7d0ae6 succesfully
2025-02-11 15:34:33,183 pop.CPM_RT_mixins INFO     mongo_db = TodayRTModelCPM, topic = MQTT_RT_DATA created 67ab19a946f9f35e2e7d0ae7 succesfully
2025-02-11 15:35:03,086 pop.CPM_RT_mixins INFO     mongo_db = RTModelCPM, topic = MQTT_RT_DATA created 67ab19c746f9f35e2e7d0aeb succesfully
2025-02-11 15:35:03,114 pop.CPM_RT_mixins INFO     mongo_db = TemporaryRTModelCPM, topic = MQTT_RT_DATA created 67ab19c746f9f35e2e7d0aec succesfully
2025-02-11 15:35:03,174 pop.CPM_RT_mixins INFO     mongo_db = TodayRTModelCPM, topic = MQTT_RT_DATA created 67ab19c746f9f35e2e7d0aed succesfully
2025-02-11 15:35:32,921 pop.CPM_RT_mixins INFO     mongo_db = RTModelCPM, topic = MQTT_RT_DATA created 67ab19e446f9f35e2e7d0af1 succesfully
2025-02-11 15:35:32,935 pop.CPM_RT_mixins INFO     mongo_db = TemporaryRTModelCPM, topic = MQTT_RT_DATA created 67ab19e446f9f35e2e7d0af2 succesfully
2025-02-11 15:35:32,948 pop.CPM_RT_mixins INFO     mongo_db = TodayRTModelCPM, topic = MQTT_RT_DATA created 67ab19e446f9f35e2e7d0af3 succesfully
2025-02-11 15:36:01,978 pop.CPM_RT_mixins INFO     mongo_db = RTModelCPM, topic = MQTT_RT_DATA created 67ab1a0146f9f35e2e7d0af7 succesfully
2025-02-11 15:36:01,995 pop.CPM_RT_mixins INFO     mongo_db = TemporaryRTModelCPM, topic = MQTT_RT_DATA created 67ab1a0146f9f35e2e7d0af8 succesfully
2025-02-11 15:36:02,010 pop.CPM_RT_mixins INFO     mongo_db = TodayRTModelCPM, topic = MQTT_RT_DATA created 67ab1a0246f9f35e2e7d0af9 succesfully
2025-02-11 15:36:31,811 pop.CPM_RT_mixins INFO     mongo_db = RTModelCPM, topic = MQTT_RT_DATA created 67ab1a1f46f9f35e2e7d0afd succesfully
2025-02-11 15:36:31,825 pop.CPM_RT_mixins INFO     mongo_db = TemporaryRTModelCPM, topic = MQTT_RT_DATA created 67ab1a1f46f9f35e2e7d0afe succesfully
2025-02-11 15:36:31,839 pop.CPM_RT_mixins INFO     mongo_db = TodayRTModelCPM, topic = MQTT_RT_DATA created 67ab1a1f46f9f35e2e7d0aff succesfully
2025-02-11 15:37:02,339 pop.CPM_RT_mixins INFO     mongo_db = RTModelCPM, topic = MQTT_RT_DATA created 67ab1a3e46f9f35e2e7d0b03 succesfully
2025-02-11 15:37:02,356 pop.CPM_RT_mixins INFO     mongo_db = TemporaryRTModelCPM, topic = MQTT_RT_DATA created 67ab1a3e46f9f35e2e7d0b04 succesfully
2025-02-11 15:37:02,372 pop.CPM_RT_mixins INFO     mongo_db = TodayRTModelCPM, topic = MQTT_RT_DATA created 67ab1a3e46f9f35e2e7d0b05 succesfully
2025-02-11 15:37:31,747 pop.CPM_RT_mixins INFO     mongo_db = RTModelCPM, topic = MQTT_RT_DATA created 67ab1a5b46f9f35e2e7d0b09 succesfully
2025-02-11 15:37:31,769 pop.CPM_RT_mixins INFO     mongo_db = TemporaryRTModelCPM, topic = MQTT_RT_DATA created 67ab1a5b46f9f35e2e7d0b0a succesfully
2025-02-11 15:37:31,784 pop.CPM_RT_mixins INFO     mongo_db = TodayRTModelCPM, topic = MQTT_RT_DATA created 67ab1a5b46f9f35e2e7d0b0b succesfully
2025-02-11 15:38:03,274 pop.CPM_RT_mixins INFO     mongo_db = RTModelCPM, topic = MQTT_RT_DATA created 67ab1a7b46f9f35e2e7d0b0f succesfully
2025-02-11 15:38:03,296 pop.CPM_RT_mixins INFO     mongo_db = TemporaryRTModelCPM, topic = MQTT_RT_DATA created 67ab1a7b46f9f35e2e7d0b10 succesfully
2025-02-11 15:38:03,323 pop.CPM_RT_mixins INFO     mongo_db = TodayRTModelCPM, topic = MQTT_RT_DATA created 67ab1a7b46f9f35e2e7d0b11 succesfully
2025-02-11 15:38:33,068 pop.CPM_RT_mixins INFO     mongo_db = RTModelCPM, topic = MQTT_RT_DATA created 67ab1a9946f9f35e2e7d0b15 succesfully
2025-02-11 15:38:33,083 pop.CPM_RT_mixins INFO     mongo_db = TemporaryRTModelCPM, topic = MQTT_RT_DATA created 67ab1a9946f9f35e2e7d0b16 succesfully
2025-02-11 15:38:33,099 pop.CPM_RT_mixins INFO     mongo_db = TodayRTModelCPM, topic = MQTT_RT_DATA created 67ab1a9946f9f35e2e7d0b17 succesfully
2025-02-11 15:38:39,703 pop.CPM_ENY_NOW_mongo_mixins INFO     mongo_db = EnyNowDataModelCPM, topic = MQTT_ENY_NOW created 67ab1a9f46f9f35e2e7d0b1b succesfully
2025-02-11 15:38:39,715 pop.CPM_ENY_NOW_mongo_mixins INFO     mongo_db = TemporaryEnyNowDataModelCPM, topic = MQTT_ENY_NOW created 67ab1a9f46f9f35e2e7d0b1c succesfully
2025-02-11 15:38:39,722 pop.CPM_ENY_NOW_mongo_mixins INFO     mongo_db = TodayEnyNowDataModelCPM, topic = MQTT_ENY_NOW created 67ab1a9f46f9f35e2e7d0b1d succesfully
2025-02-11 15:38:39,729 pop.CPM_ENY_NOW_mongo_mixins INFO     mongo_db = Last7DaysEnyNowDataModelCPM, topic = MQTT_ENY_NOW created 67ab1a9f46f9f35e2e7d0b1e succesfully
2025-02-11 15:39:02,034 pop.CPM_RT_mixins INFO     mongo_db = RTModelCPM, topic = MQTT_RT_DATA created 67ab1ab646f9f35e2e7d0b1f succesfully
2025-02-11 15:39:02,055 pop.CPM_RT_mixins INFO     mongo_db = TemporaryRTModelCPM, topic = MQTT_RT_DATA created 67ab1ab646f9f35e2e7d0b20 succesfully
2025-02-11 15:39:02,111 pop.CPM_RT_mixins INFO     mongo_db = TodayRTModelCPM, topic = MQTT_RT_DATA created 67ab1ab646f9f35e2e7d0b21 succesfully
2025-02-11 15:39:31,862 pop.CPM_RT_mixins INFO     mongo_db = RTModelCPM, topic = MQTT_RT_DATA created 67ab1ad346f9f35e2e7d0b25 succesfully
2025-02-11 15:39:31,874 pop.CPM_RT_mixins INFO     mongo_db = TemporaryRTModelCPM, topic = MQTT_RT_DATA created 67ab1ad346f9f35e2e7d0b26 succesfully
2025-02-11 15:39:31,887 pop.CPM_RT_mixins INFO     mongo_db = TodayRTModelCPM, topic = MQTT_RT_DATA created 67ab1ad346f9f35e2e7d0b27 succesfully
2025-02-11 15:40:01,846 pop.CPM_RT_mixins INFO     mongo_db = RTModelCPM, topic = MQTT_RT_DATA created 67ab1af146f9f35e2e7d0b2b succesfully
2025-02-11 15:40:01,878 pop.CPM_RT_mixins INFO     mongo_db = TemporaryRTModelCPM, topic = MQTT_RT_DATA created 67ab1af146f9f35e2e7d0b2c succesfully
2025-02-11 15:40:01,916 pop.CPM_RT_mixins INFO     mongo_db = TodayRTModelCPM, topic = MQTT_RT_DATA created 67ab1af146f9f35e2e7d0b2d succesfully
2025-02-11 15:40:33,155 pop.CPM_RT_mixins INFO     mongo_db = RTModelCPM, topic = MQTT_RT_DATA created 67ab1b1146f9f35e2e7d0b31 succesfully
2025-02-11 15:40:33,171 pop.CPM_RT_mixins INFO     mongo_db = TemporaryRTModelCPM, topic = MQTT_RT_DATA created 67ab1b1146f9f35e2e7d0b32 succesfully
2025-02-11 15:40:33,184 pop.CPM_RT_mixins INFO     mongo_db = TodayRTModelCPM, topic = MQTT_RT_DATA created 67ab1b1146f9f35e2e7d0b33 succesfully
2025-02-11 15:41:02,076 pop.CPM_RT_mixins INFO     mongo_db = RTModelCPM, topic = MQTT_RT_DATA created 67ab1b2e46f9f35e2e7d0b37 succesfully
2025-02-11 15:41:02,108 pop.CPM_RT_mixins INFO     mongo_db = TemporaryRTModelCPM, topic = MQTT_RT_DATA created 67ab1b2e46f9f35e2e7d0b38 succesfully
2025-02-11 15:41:02,123 pop.CPM_RT_mixins INFO     mongo_db = TodayRTModelCPM, topic = MQTT_RT_DATA created 67ab1b2e46f9f35e2e7d0b39 succesfully
2025-02-11 15:41:31,869 pop.CPM_RT_mixins INFO     mongo_db = RTModelCPM, topic = MQTT_RT_DATA created 67ab1b4b46f9f35e2e7d0b3d succesfully
2025-02-11 15:41:31,882 pop.CPM_RT_mixins INFO     mongo_db = TemporaryRTModelCPM, topic = MQTT_RT_DATA created 67ab1b4b46f9f35e2e7d0b3e succesfully
2025-02-11 15:41:31,896 pop.CPM_RT_mixins INFO     mongo_db = TodayRTModelCPM, topic = MQTT_RT_DATA created 67ab1b4b46f9f35e2e7d0b3f succesfully
2025-02-11 15:42:03,193 pop.CPM_RT_mixins INFO     mongo_db = RTModelCPM, topic = MQTT_RT_DATA created 67ab1b6b46f9f35e2e7d0b43 succesfully
2025-02-11 15:42:03,207 pop.CPM_RT_mixins INFO     mongo_db = TemporaryRTModelCPM, topic = MQTT_RT_DATA created 67ab1b6b46f9f35e2e7d0b44 succesfully
2025-02-11 15:42:03,222 pop.CPM_RT_mixins INFO     mongo_db = TodayRTModelCPM, topic = MQTT_RT_DATA created 67ab1b6b46f9f35e2e7d0b45 succesfully
2025-02-11 15:42:32,997 pop.CPM_RT_mixins INFO     mongo_db = RTModelCPM, topic = MQTT_RT_DATA created 67ab1b8846f9f35e2e7d0b49 succesfully
2025-02-11 15:42:33,013 pop.CPM_RT_mixins INFO     mongo_db = TemporaryRTModelCPM, topic = MQTT_RT_DATA created 67ab1b8946f9f35e2e7d0b4a succesfully
2025-02-11 15:42:33,027 pop.CPM_RT_mixins INFO     mongo_db = TodayRTModelCPM, topic = MQTT_RT_DATA created 67ab1b8946f9f35e2e7d0b4b succesfully
2025-02-11 15:43:02,826 pop.CPM_RT_mixins INFO     mongo_db = RTModelCPM, topic = MQTT_RT_DATA created 67ab1ba646f9f35e2e7d0b4f succesfully
2025-02-11 15:43:02,843 pop.CPM_RT_mixins INFO     mongo_db = TemporaryRTModelCPM, topic = MQTT_RT_DATA created 67ab1ba646f9f35e2e7d0b50 succesfully
2025-02-11 15:43:02,858 pop.CPM_RT_mixins INFO     mongo_db = TodayRTModelCPM, topic = MQTT_RT_DATA created 67ab1ba646f9f35e2e7d0b51 succesfully
2025-02-11 15:43:32,171 pop.CPM_RT_mixins INFO     mongo_db = RTModelCPM, topic = MQTT_RT_DATA created 67ab1bc446f9f35e2e7d0b55 succesfully
2025-02-11 15:43:32,184 pop.CPM_RT_mixins INFO     mongo_db = TemporaryRTModelCPM, topic = MQTT_RT_DATA created 67ab1bc446f9f35e2e7d0b56 succesfully
2025-02-11 15:43:32,196 pop.CPM_RT_mixins INFO     mongo_db = TodayRTModelCPM, topic = MQTT_RT_DATA created 67ab1bc446f9f35e2e7d0b57 succesfully
2025-02-11 15:44:03,016 pop.CPM_RT_mixins INFO     mongo_db = RTModelCPM, topic = MQTT_RT_DATA created 67ab1be346f9f35e2e7d0b5b succesfully
2025-02-11 15:44:03,029 pop.CPM_RT_mixins INFO     mongo_db = TemporaryRTModelCPM, topic = MQTT_RT_DATA created 67ab1be346f9f35e2e7d0b5c succesfully
2025-02-11 15:44:03,044 pop.CPM_RT_mixins INFO     mongo_db = TodayRTModelCPM, topic = MQTT_RT_DATA created 67ab1be346f9f35e2e7d0b5d succesfully
2025-02-11 15:44:31,869 pop.CPM_RT_mixins INFO     mongo_db = RTModelCPM, topic = MQTT_RT_DATA created 67ab1bff46f9f35e2e7d0b61 succesfully
2025-02-11 15:44:31,883 pop.CPM_RT_mixins INFO     mongo_db = TemporaryRTModelCPM, topic = MQTT_RT_DATA created 67ab1bff46f9f35e2e7d0b62 succesfully
2025-02-11 15:44:31,895 pop.CPM_RT_mixins INFO     mongo_db = TodayRTModelCPM, topic = MQTT_RT_DATA created 67ab1bff46f9f35e2e7d0b63 succesfully
2025-02-11 15:45:02,322 pop.CPM_RT_mixins INFO     mongo_db = RTModelCPM, topic = MQTT_RT_DATA created 67ab1c1e46f9f35e2e7d0b67 succesfully
2025-02-11 15:45:02,343 pop.CPM_RT_mixins INFO     mongo_db = TemporaryRTModelCPM, topic = MQTT_RT_DATA created 67ab1c1e46f9f35e2e7d0b68 succesfully
2025-02-11 15:45:02,361 pop.CPM_RT_mixins INFO     mongo_db = TodayRTModelCPM, topic = MQTT_RT_DATA created 67ab1c1e46f9f35e2e7d0b69 succesfully
2025-02-11 15:45:32,114 pop.CPM_RT_mixins INFO     mongo_db = RTModelCPM, topic = MQTT_RT_DATA created 67ab1c3c46f9f35e2e7d0b6d succesfully
2025-02-11 15:45:32,129 pop.CPM_RT_mixins INFO     mongo_db = TemporaryRTModelCPM, topic = MQTT_RT_DATA created 67ab1c3c46f9f35e2e7d0b6e succesfully
2025-02-11 15:45:32,145 pop.CPM_RT_mixins INFO     mongo_db = TodayRTModelCPM, topic = MQTT_RT_DATA created 67ab1c3c46f9f35e2e7d0b6f succesfully
2025-02-11 15:46:02,950 pop.CPM_RT_mixins INFO     mongo_db = RTModelCPM, topic = MQTT_RT_DATA created 67ab1c5a46f9f35e2e7d0b73 succesfully
2025-02-11 15:46:02,975 pop.CPM_RT_mixins INFO     mongo_db = TemporaryRTModelCPM, topic = MQTT_RT_DATA created 67ab1c5a46f9f35e2e7d0b74 succesfully
2025-02-11 15:46:02,993 pop.CPM_RT_mixins INFO     mongo_db = TodayRTModelCPM, topic = MQTT_RT_DATA created 67ab1c5a46f9f35e2e7d0b75 succesfully
2025-02-11 15:46:31,781 pop.CPM_RT_mixins INFO     mongo_db = RTModelCPM, topic = MQTT_RT_DATA created 67ab1c7746f9f35e2e7d0b79 succesfully
2025-02-11 15:46:31,795 pop.CPM_RT_mixins INFO     mongo_db = TemporaryRTModelCPM, topic = MQTT_RT_DATA created 67ab1c7746f9f35e2e7d0b7a succesfully
2025-02-11 15:46:31,810 pop.CPM_RT_mixins INFO     mongo_db = TodayRTModelCPM, topic = MQTT_RT_DATA created 67ab1c7746f9f35e2e7d0b7b succesfully
2025-02-11 15:47:02,144 pop.CPM_RT_mixins INFO     mongo_db = RTModelCPM, topic = MQTT_RT_DATA created 67ab1c9646f9f35e2e7d0b7f succesfully
2025-02-11 15:47:02,161 pop.CPM_RT_mixins INFO     mongo_db = TemporaryRTModelCPM, topic = MQTT_RT_DATA created 67ab1c9646f9f35e2e7d0b80 succesfully
2025-02-11 15:47:02,190 pop.CPM_RT_mixins INFO     mongo_db = TodayRTModelCPM, topic = MQTT_RT_DATA created 67ab1c9646f9f35e2e7d0b81 succesfully
2025-02-11 15:47:31,991 pop.CPM_RT_mixins INFO     mongo_db = RTModelCPM, topic = MQTT_RT_DATA created 67ab1cb346f9f35e2e7d0b85 succesfully
2025-02-11 15:47:32,004 pop.CPM_RT_mixins INFO     mongo_db = TemporaryRTModelCPM, topic = MQTT_RT_DATA created 67ab1cb446f9f35e2e7d0b86 succesfully
2025-02-11 15:47:32,017 pop.CPM_RT_mixins INFO     mongo_db = TodayRTModelCPM, topic = MQTT_RT_DATA created 67ab1cb446f9f35e2e7d0b87 succesfully
2025-02-11 15:48:02,870 pop.CPM_RT_mixins INFO     mongo_db = RTModelCPM, topic = MQTT_RT_DATA created 67ab1cd246f9f35e2e7d0b8b succesfully
2025-02-11 15:48:02,910 pop.CPM_RT_mixins INFO     mongo_db = TemporaryRTModelCPM, topic = MQTT_RT_DATA created 67ab1cd246f9f35e2e7d0b8c succesfully
2025-02-11 15:48:02,927 pop.CPM_RT_mixins INFO     mongo_db = TodayRTModelCPM, topic = MQTT_RT_DATA created 67ab1cd246f9f35e2e7d0b8d succesfully
2025-02-11 15:48:33,185 pop.CPM_RT_mixins INFO     mongo_db = RTModelCPM, topic = MQTT_RT_DATA created 67ab1cf146f9f35e2e7d0b91 succesfully
2025-02-11 15:48:33,198 pop.CPM_RT_mixins INFO     mongo_db = TemporaryRTModelCPM, topic = MQTT_RT_DATA created 67ab1cf146f9f35e2e7d0b92 succesfully
2025-02-11 15:48:33,210 pop.CPM_RT_mixins INFO     mongo_db = TodayRTModelCPM, topic = MQTT_RT_DATA created 67ab1cf146f9f35e2e7d0b93 succesfully
2025-02-11 15:49:02,242 pop.CPM_RT_mixins INFO     mongo_db = RTModelCPM, topic = MQTT_RT_DATA created 67ab1d0e46f9f35e2e7d0b97 succesfully
2025-02-11 15:49:02,266 pop.CPM_RT_mixins INFO     mongo_db = TemporaryRTModelCPM, topic = MQTT_RT_DATA created 67ab1d0e46f9f35e2e7d0b98 succesfully
2025-02-11 15:49:02,291 pop.CPM_RT_mixins INFO     mongo_db = TodayRTModelCPM, topic = MQTT_RT_DATA created 67ab1d0e46f9f35e2e7d0b99 succesfully
2025-02-11 15:49:32,101 pop.CPM_RT_mixins INFO     mongo_db = RTModelCPM, topic = MQTT_RT_DATA created 67ab1d2c46f9f35e2e7d0b9d succesfully
2025-02-11 15:49:32,116 pop.CPM_RT_mixins INFO     mongo_db = TemporaryRTModelCPM, topic = MQTT_RT_DATA created 67ab1d2c46f9f35e2e7d0b9e succesfully
2025-02-11 15:49:32,130 pop.CPM_RT_mixins INFO     mongo_db = TodayRTModelCPM, topic = MQTT_RT_DATA created 67ab1d2c46f9f35e2e7d0b9f succesfully
2025-02-11 15:50:02,986 pop.CPM_RT_mixins INFO     mongo_db = RTModelCPM, topic = MQTT_RT_DATA created 67ab1d4a46f9f35e2e7d0ba3 succesfully
2025-02-11 15:50:03,010 pop.CPM_RT_mixins INFO     mongo_db = TemporaryRTModelCPM, topic = MQTT_RT_DATA created 67ab1d4b46f9f35e2e7d0ba4 succesfully
2025-02-11 15:50:03,050 pop.CPM_RT_mixins INFO     mongo_db = TodayRTModelCPM, topic = MQTT_RT_DATA created 67ab1d4b46f9f35e2e7d0ba5 succesfully
2025-02-11 15:50:31,866 pop.CPM_RT_mixins INFO     mongo_db = RTModelCPM, topic = MQTT_RT_DATA created 67ab1d6746f9f35e2e7d0ba9 succesfully
2025-02-11 15:50:31,881 pop.CPM_RT_mixins INFO     mongo_db = TemporaryRTModelCPM, topic = MQTT_RT_DATA created 67ab1d6746f9f35e2e7d0baa succesfully
2025-02-11 15:50:31,897 pop.CPM_RT_mixins INFO     mongo_db = TodayRTModelCPM, topic = MQTT_RT_DATA created 67ab1d6746f9f35e2e7d0bab succesfully
2025-02-11 15:51:01,834 pop.CPM_RT_mixins INFO     mongo_db = RTModelCPM, topic = MQTT_RT_DATA created 67ab1d8546f9f35e2e7d0baf succesfully
2025-02-11 15:51:01,851 pop.CPM_RT_mixins INFO     mongo_db = TemporaryRTModelCPM, topic = MQTT_RT_DATA created 67ab1d8546f9f35e2e7d0bb0 succesfully
2025-02-11 15:51:01,882 pop.CPM_RT_mixins INFO     mongo_db = TodayRTModelCPM, topic = MQTT_RT_DATA created 67ab1d8546f9f35e2e7d0bb1 succesfully
2025-02-11 15:51:33,192 pop.CPM_RT_mixins INFO     mongo_db = RTModelCPM, topic = MQTT_RT_DATA created 67ab1da546f9f35e2e7d0bb5 succesfully
2025-02-11 15:51:33,206 pop.CPM_RT_mixins INFO     mongo_db = TemporaryRTModelCPM, topic = MQTT_RT_DATA created 67ab1da546f9f35e2e7d0bb6 succesfully
2025-02-11 15:51:33,220 pop.CPM_RT_mixins INFO     mongo_db = TodayRTModelCPM, topic = MQTT_RT_DATA created 67ab1da546f9f35e2e7d0bb7 succesfully
2025-02-11 15:52:02,357 pop.CPM_RT_mixins INFO     mongo_db = RTModelCPM, topic = MQTT_RT_DATA created 67ab1dc246f9f35e2e7d0bbb succesfully
2025-02-11 15:52:02,380 pop.CPM_RT_mixins INFO     mongo_db = TemporaryRTModelCPM, topic = MQTT_RT_DATA created 67ab1dc246f9f35e2e7d0bbc succesfully
2025-02-11 15:52:02,415 pop.CPM_RT_mixins INFO     mongo_db = TodayRTModelCPM, topic = MQTT_RT_DATA created 67ab1dc246f9f35e2e7d0bbd succesfully
2025-02-11 15:52:32,207 pop.CPM_RT_mixins INFO     mongo_db = RTModelCPM, topic = MQTT_RT_DATA created 67ab1de046f9f35e2e7d0bc1 succesfully
2025-02-11 15:52:32,219 pop.CPM_RT_mixins INFO     mongo_db = TemporaryRTModelCPM, topic = MQTT_RT_DATA created 67ab1de046f9f35e2e7d0bc2 succesfully
2025-02-11 15:52:32,233 pop.CPM_RT_mixins INFO     mongo_db = TodayRTModelCPM, topic = MQTT_RT_DATA created 67ab1de046f9f35e2e7d0bc3 succesfully
2025-02-11 15:53:02,199 pop.CPM_RT_mixins INFO     mongo_db = RTModelCPM, topic = MQTT_RT_DATA created 67ab1dfe46f9f35e2e7d0bc7 succesfully
2025-02-11 15:53:02,222 pop.CPM_RT_mixins INFO     mongo_db = TemporaryRTModelCPM, topic = MQTT_RT_DATA created 67ab1dfe46f9f35e2e7d0bc8 succesfully
2025-02-11 15:53:02,259 pop.CPM_RT_mixins INFO     mongo_db = TodayRTModelCPM, topic = MQTT_RT_DATA created 67ab1dfe46f9f35e2e7d0bc9 succesfully
2025-02-11 15:53:32,062 pop.CPM_RT_mixins INFO     mongo_db = RTModelCPM, topic = MQTT_RT_DATA created 67ab1e1c46f9f35e2e7d0bcd succesfully
2025-02-11 15:53:32,077 pop.CPM_RT_mixins INFO     mongo_db = TemporaryRTModelCPM, topic = MQTT_RT_DATA created 67ab1e1c46f9f35e2e7d0bce succesfully
2025-02-11 15:53:32,092 pop.CPM_RT_mixins INFO     mongo_db = TodayRTModelCPM, topic = MQTT_RT_DATA created 67ab1e1c46f9f35e2e7d0bcf succesfully
2025-02-11 15:53:38,710 pop.CPM_ENY_NOW_mongo_mixins INFO     mongo_db = EnyNowDataModelCPM, topic = MQTT_ENY_NOW created 67ab1e2246f9f35e2e7d0bd0 succesfully
2025-02-11 15:53:38,718 pop.CPM_ENY_NOW_mongo_mixins INFO     mongo_db = TemporaryEnyNowDataModelCPM, topic = MQTT_ENY_NOW created 67ab1e2246f9f35e2e7d0bd1 succesfully
2025-02-11 15:53:38,726 pop.CPM_ENY_NOW_mongo_mixins INFO     mongo_db = TodayEnyNowDataModelCPM, topic = MQTT_ENY_NOW created 67ab1e2246f9f35e2e7d0bd2 succesfully
2025-02-11 15:53:38,742 pop.CPM_ENY_NOW_mongo_mixins INFO     mongo_db = Last7DaysEnyNowDataModelCPM, topic = MQTT_ENY_NOW created 67ab1e2246f9f35e2e7d0bd3 succesfully
2025-02-11 15:54:32,119 pop.CPM_RT_mixins INFO     mongo_db = RTModelCPM, topic = MQTT_RT_DATA created 67ab1e5846f9f35e2e7d0bda succesfully
2025-02-11 15:54:32,131 pop.CPM_RT_mixins INFO     mongo_db = TemporaryRTModelCPM, topic = MQTT_RT_DATA created 67ab1e5846f9f35e2e7d0bdb succesfully
2025-02-11 15:54:32,143 pop.CPM_RT_mixins INFO     mongo_db = TodayRTModelCPM, topic = MQTT_RT_DATA created 67ab1e5846f9f35e2e7d0bdc succesfully
2025-02-11 15:54:58,777 django.request WARNING  Not Found: /api/v1.0/devices/
2025-02-11 15:55:03,031 pop.CPM_RT_mixins INFO     mongo_db = RTModelCPM, topic = MQTT_RT_DATA created 67ab1e7746f9f35e2e7d0be0 succesfully
2025-02-11 15:55:03,053 pop.CPM_RT_mixins INFO     mongo_db = TemporaryRTModelCPM, topic = MQTT_RT_DATA created 67ab1e7746f9f35e2e7d0be1 succesfully
2025-02-11 15:55:03,097 pop.CPM_RT_mixins INFO     mongo_db = TodayRTModelCPM, topic = MQTT_RT_DATA created 67ab1e7746f9f35e2e7d0be2 succesfully
2025-02-11 15:55:33,008 pop.CPM_RT_mixins INFO     mongo_db = RTModelCPM, topic = MQTT_RT_DATA created 67ab1e9546f9f35e2e7d0be6 succesfully
2025-02-11 15:55:33,022 pop.CPM_RT_mixins INFO     mongo_db = TemporaryRTModelCPM, topic = MQTT_RT_DATA created 67ab1e9546f9f35e2e7d0be7 succesfully
2025-02-11 15:55:33,036 pop.CPM_RT_mixins INFO     mongo_db = TodayRTModelCPM, topic = MQTT_RT_DATA created 67ab1e9546f9f35e2e7d0be8 succesfully
2025-02-11 15:56:01,992 pop.CPM_RT_mixins INFO     mongo_db = RTModelCPM, topic = MQTT_RT_DATA created 67ab1eb146f9f35e2e7d0bec succesfully
2025-02-11 15:56:02,036 pop.CPM_RT_mixins INFO     mongo_db = TemporaryRTModelCPM, topic = MQTT_RT_DATA created 67ab1eb246f9f35e2e7d0bed succesfully
2025-02-11 15:56:02,061 pop.CPM_RT_mixins INFO     mongo_db = TodayRTModelCPM, topic = MQTT_RT_DATA created 67ab1eb246f9f35e2e7d0bee succesfully
2025-02-11 15:56:31,868 pop.CPM_RT_mixins INFO     mongo_db = RTModelCPM, topic = MQTT_RT_DATA created 67ab1ecf46f9f35e2e7d0bf2 succesfully
2025-02-11 15:56:31,882 pop.CPM_RT_mixins INFO     mongo_db = TemporaryRTModelCPM, topic = MQTT_RT_DATA created 67ab1ecf46f9f35e2e7d0bf3 succesfully
2025-02-11 15:56:31,896 pop.CPM_RT_mixins INFO     mongo_db = TodayRTModelCPM, topic = MQTT_RT_DATA created 67ab1ecf46f9f35e2e7d0bf4 succesfully
2025-02-11 15:57:02,760 pop.CPM_RT_mixins INFO     mongo_db = RTModelCPM, topic = MQTT_RT_DATA created 67ab1eee46f9f35e2e7d0bf8 succesfully
2025-02-11 15:57:02,776 pop.CPM_RT_mixins INFO     mongo_db = TemporaryRTModelCPM, topic = MQTT_RT_DATA created 67ab1eee46f9f35e2e7d0bf9 succesfully
2025-02-11 15:57:02,831 pop.CPM_RT_mixins INFO     mongo_db = TodayRTModelCPM, topic = MQTT_RT_DATA created 67ab1eee46f9f35e2e7d0bfa succesfully
2025-02-11 15:57:32,134 pop.CPM_RT_mixins INFO     mongo_db = RTModelCPM, topic = MQTT_RT_DATA created 67ab1f0c46f9f35e2e7d0bfe succesfully
2025-02-11 15:57:32,149 pop.CPM_RT_mixins INFO     mongo_db = TemporaryRTModelCPM, topic = MQTT_RT_DATA created 67ab1f0c46f9f35e2e7d0bff succesfully
2025-02-11 15:57:32,165 pop.CPM_RT_mixins INFO     mongo_db = TodayRTModelCPM, topic = MQTT_RT_DATA created 67ab1f0c46f9f35e2e7d0c00 succesfully
2025-02-11 15:58:02,141 pop.CPM_RT_mixins INFO     mongo_db = RTModelCPM, topic = MQTT_RT_DATA created 67ab1f2a46f9f35e2e7d0c04 succesfully
2025-02-11 15:58:02,179 pop.CPM_RT_mixins INFO     mongo_db = TemporaryRTModelCPM, topic = MQTT_RT_DATA created 67ab1f2a46f9f35e2e7d0c05 succesfully
2025-02-11 15:58:02,194 pop.CPM_RT_mixins INFO     mongo_db = TodayRTModelCPM, topic = MQTT_RT_DATA created 67ab1f2a46f9f35e2e7d0c06 succesfully
2025-02-11 15:58:32,808 pop.CPM_RT_mixins INFO     mongo_db = RTModelCPM, topic = MQTT_RT_DATA created 67ab1f4846f9f35e2e7d0c0a succesfully
2025-02-11 15:58:32,839 pop.CPM_RT_mixins INFO     mongo_db = TemporaryRTModelCPM, topic = MQTT_RT_DATA created 67ab1f4846f9f35e2e7d0c0b succesfully
2025-02-11 15:58:32,855 pop.CPM_RT_mixins INFO     mongo_db = TodayRTModelCPM, topic = MQTT_RT_DATA created 67ab1f4846f9f35e2e7d0c0c succesfully
2025-02-11 15:59:02,794 pop.CPM_RT_mixins INFO     mongo_db = RTModelCPM, topic = MQTT_RT_DATA created 67ab1f6646f9f35e2e7d0c10 succesfully
2025-02-11 15:59:02,808 pop.CPM_RT_mixins INFO     mongo_db = TemporaryRTModelCPM, topic = MQTT_RT_DATA created 67ab1f6646f9f35e2e7d0c11 succesfully
2025-02-11 15:59:02,820 pop.CPM_RT_mixins INFO     mongo_db = TodayRTModelCPM, topic = MQTT_RT_DATA created 67ab1f6646f9f35e2e7d0c12 succesfully
2025-02-11 15:59:32,189 pop.CPM_RT_mixins INFO     mongo_db = RTModelCPM, topic = MQTT_RT_DATA created 67ab1f8446f9f35e2e7d0c16 succesfully
2025-02-11 15:59:32,201 pop.CPM_RT_mixins INFO     mongo_db = TemporaryRTModelCPM, topic = MQTT_RT_DATA created 67ab1f8446f9f35e2e7d0c17 succesfully
2025-02-11 15:59:32,214 pop.CPM_RT_mixins INFO     mongo_db = TodayRTModelCPM, topic = MQTT_RT_DATA created 67ab1f8446f9f35e2e7d0c18 succesfully
2025-02-11 16:00:02,335 pop.CPM_RT_mixins INFO     mongo_db = RTModelCPM, topic = MQTT_RT_DATA created 67ab1fa246f9f35e2e7d0c1c succesfully
2025-02-11 16:00:02,367 pop.CPM_RT_mixins INFO     mongo_db = TemporaryRTModelCPM, topic = MQTT_RT_DATA created 67ab1fa246f9f35e2e7d0c1d succesfully
2025-02-11 16:00:02,405 pop.CPM_RT_mixins INFO     mongo_db = TodayRTModelCPM, topic = MQTT_RT_DATA created 67ab1fa246f9f35e2e7d0c1e succesfully
2025-02-11 16:00:32,165 pop.CPM_RT_mixins INFO     mongo_db = RTModelCPM, topic = MQTT_RT_DATA created 67ab1fc046f9f35e2e7d0c22 succesfully
2025-02-11 16:00:32,180 pop.CPM_RT_mixins INFO     mongo_db = TemporaryRTModelCPM, topic = MQTT_RT_DATA created 67ab1fc046f9f35e2e7d0c23 succesfully
2025-02-11 16:00:32,196 pop.CPM_RT_mixins INFO     mongo_db = TodayRTModelCPM, topic = MQTT_RT_DATA created 67ab1fc046f9f35e2e7d0c24 succesfully
2025-02-11 16:01:02,045 pop.CPM_RT_mixins INFO     mongo_db = RTModelCPM, topic = MQTT_RT_DATA created 67ab1fde46f9f35e2e7d0c28 succesfully
2025-02-11 16:01:02,065 pop.CPM_RT_mixins INFO     mongo_db = TemporaryRTModelCPM, topic = MQTT_RT_DATA created 67ab1fde46f9f35e2e7d0c29 succesfully
2025-02-11 16:01:02,097 pop.CPM_RT_mixins INFO     mongo_db = TodayRTModelCPM, topic = MQTT_RT_DATA created 67ab1fde46f9f35e2e7d0c2a succesfully
2025-02-11 16:01:32,940 pop.CPM_RT_mixins INFO     mongo_db = RTModelCPM, topic = MQTT_RT_DATA created 67ab1ffc46f9f35e2e7d0c2e succesfully
2025-02-11 16:01:32,956 pop.CPM_RT_mixins INFO     mongo_db = TemporaryRTModelCPM, topic = MQTT_RT_DATA created 67ab1ffc46f9f35e2e7d0c2f succesfully
2025-02-11 16:01:32,968 pop.CPM_RT_mixins INFO     mongo_db = TodayRTModelCPM, topic = MQTT_RT_DATA created 67ab1ffc46f9f35e2e7d0c30 succesfully
2025-02-11 16:02:02,848 pop.CPM_RT_mixins INFO     mongo_db = RTModelCPM, topic = MQTT_RT_DATA created 67ab201a46f9f35e2e7d0c34 succesfully
2025-02-11 16:02:02,861 pop.CPM_RT_mixins INFO     mongo_db = TemporaryRTModelCPM, topic = MQTT_RT_DATA created 67ab201a46f9f35e2e7d0c35 succesfully
2025-02-11 16:02:02,874 pop.CPM_RT_mixins INFO     mongo_db = TodayRTModelCPM, topic = MQTT_RT_DATA created 67ab201a46f9f35e2e7d0c36 succesfully
2025-02-11 16:02:32,771 pop.CPM_RT_mixins INFO     mongo_db = RTModelCPM, topic = MQTT_RT_DATA created 67ab203846f9f35e2e7d0c3a succesfully
2025-02-11 16:02:32,784 pop.CPM_RT_mixins INFO     mongo_db = TemporaryRTModelCPM, topic = MQTT_RT_DATA created 67ab203846f9f35e2e7d0c3b succesfully
2025-02-11 16:02:32,796 pop.CPM_RT_mixins INFO     mongo_db = TodayRTModelCPM, topic = MQTT_RT_DATA created 67ab203846f9f35e2e7d0c3c succesfully
2025-02-11 16:03:03,267 pop.CPM_RT_mixins INFO     mongo_db = RTModelCPM, topic = MQTT_RT_DATA created 67ab205746f9f35e2e7d0c40 succesfully
2025-02-11 16:03:03,282 pop.CPM_RT_mixins INFO     mongo_db = TemporaryRTModelCPM, topic = MQTT_RT_DATA created 67ab205746f9f35e2e7d0c41 succesfully
2025-02-11 16:03:03,299 pop.CPM_RT_mixins INFO     mongo_db = TodayRTModelCPM, topic = MQTT_RT_DATA created 67ab205746f9f35e2e7d0c42 succesfully
2025-02-11 16:03:32,219 pop.CPM_RT_mixins INFO     mongo_db = RTModelCPM, topic = MQTT_RT_DATA created 67ab207446f9f35e2e7d0c46 succesfully
2025-02-11 16:03:32,231 pop.CPM_RT_mixins INFO     mongo_db = TemporaryRTModelCPM, topic = MQTT_RT_DATA created 67ab207446f9f35e2e7d0c47 succesfully
2025-02-11 16:03:32,243 pop.CPM_RT_mixins INFO     mongo_db = TodayRTModelCPM, topic = MQTT_RT_DATA created 67ab207446f9f35e2e7d0c48 succesfully
2025-02-11 16:04:03,117 pop.CPM_RT_mixins INFO     mongo_db = RTModelCPM, topic = MQTT_RT_DATA created 67ab209346f9f35e2e7d0c4c succesfully
2025-02-11 16:04:03,133 pop.CPM_RT_mixins INFO     mongo_db = TemporaryRTModelCPM, topic = MQTT_RT_DATA created 67ab209346f9f35e2e7d0c4d succesfully
2025-02-11 16:04:03,149 pop.CPM_RT_mixins INFO     mongo_db = TodayRTModelCPM, topic = MQTT_RT_DATA created 67ab209346f9f35e2e7d0c4e succesfully
2025-02-11 16:04:17,886 django.request WARNING  Not Found: /api/v1.0/devices/
2025-02-11 16:04:31,992 pop.CPM_RT_mixins INFO     mongo_db = RTModelCPM, topic = MQTT_RT_DATA created 67ab20af46f9f35e2e7d0c52 succesfully
2025-02-11 16:04:32,008 pop.CPM_RT_mixins INFO     mongo_db = TemporaryRTModelCPM, topic = MQTT_RT_DATA created 67ab20b046f9f35e2e7d0c53 succesfully
2025-02-11 16:04:32,023 pop.CPM_RT_mixins INFO     mongo_db = TodayRTModelCPM, topic = MQTT_RT_DATA created 67ab20b046f9f35e2e7d0c54 succesfully
2025-02-11 16:05:32,330 pop.CPM_RT_mixins INFO     mongo_db = RTModelCPM, topic = MQTT_RT_DATA created 67ab20ec46f9f35e2e7d0c5b succesfully
2025-02-11 16:05:32,344 pop.CPM_RT_mixins INFO     mongo_db = TemporaryRTModelCPM, topic = MQTT_RT_DATA created 67ab20ec46f9f35e2e7d0c5c succesfully
2025-02-11 16:05:32,358 pop.CPM_RT_mixins INFO     mongo_db = TodayRTModelCPM, topic = MQTT_RT_DATA created 67ab20ec46f9f35e2e7d0c5d succesfully
2025-02-11 16:08:47,921 pop.CPM_ENY_FRZ_mongo_mixins INFO     mongo_db = EnyFrzDataModelCPM, topic = MQTT_ENY_FRZ created 67ab21af555f6769335eefc5 succesfully
2025-02-11 16:08:47,934 pop.CPM_DAY_DATA_mongo_mixins INFO     mongo_db = DayDataModelCPM, topic = MQTT_DAY_DATA created 67ab21af555f6769335eefc6 succesfully
2025-02-11 16:08:47,973 pop.CPM_ENY_NOW_mongo_mixins INFO     mongo_db = EnyNowDataModelCPM, topic = MQTT_ENY_NOW created 67ab21af555f6769335eefc7 succesfully
2025-02-11 16:08:47,983 pop.CPM_ENY_NOW_mongo_mixins INFO     mongo_db = TemporaryEnyNowDataModelCPM, topic = MQTT_ENY_NOW created 67ab21af555f6769335eefc8 succesfully
2025-02-11 16:08:47,994 pop.CPM_ENY_NOW_mongo_mixins INFO     mongo_db = TodayEnyNowDataModelCPM, topic = MQTT_ENY_NOW created 67ab21af555f6769335eefc9 succesfully
2025-02-11 16:08:48,004 pop.CPM_ENY_NOW_mongo_mixins INFO     mongo_db = Last7DaysEnyNowDataModelCPM, topic = MQTT_ENY_NOW created 67ab21b0555f6769335eefca succesfully
2025-02-11 16:08:48,039 pop.CPM_RT_mixins INFO     mongo_db = RTModelCPM, topic = MQTT_RT_DATA created 67ab21b0555f6769335eefcb succesfully
2025-02-11 16:08:48,062 pop.CPM_RT_mixins INFO     mongo_db = TemporaryRTModelCPM, topic = MQTT_RT_DATA created 67ab21b0555f6769335eefcc succesfully
2025-02-11 16:08:48,082 pop.CPM_RT_mixins INFO     mongo_db = TodayRTModelCPM, topic = MQTT_RT_DATA created 67ab21b0555f6769335eefcd succesfully
2025-02-11 16:08:59,797 django.request WARNING  Not Found: /api/v1.0/devices/
2025-02-11 16:09:02,255 pop.CPM_RT_mixins INFO     mongo_db = RTModelCPM, topic = MQTT_RT_DATA created 67ab21be555f6769335eefd1 succesfully
2025-02-11 16:09:02,286 pop.CPM_RT_mixins INFO     mongo_db = TemporaryRTModelCPM, topic = MQTT_RT_DATA created 67ab21be555f6769335eefd2 succesfully
2025-02-11 16:09:02,332 pop.CPM_RT_mixins INFO     mongo_db = TodayRTModelCPM, topic = MQTT_RT_DATA created 67ab21be555f6769335eefd3 succesfully
2025-02-11 16:09:12,335 django.request WARNING  Not Found: /api/v1.0/devices/
2025-02-11 16:09:15,197 django.request WARNING  Not Found: /api/v1.0/devices/
2025-02-11 16:09:19,269 django.request WARNING  Not Found: /api/v1.0/devices/
2025-02-11 16:09:29,536 django.request WARNING  Not Found: /api/v1.0/devices/
2025-02-11 16:09:32,118 pop.CPM_RT_mixins INFO     mongo_db = RTModelCPM, topic = MQTT_RT_DATA created 67ab21dc555f6769335eefd7 succesfully
2025-02-11 16:09:32,133 pop.CPM_RT_mixins INFO     mongo_db = TemporaryRTModelCPM, topic = MQTT_RT_DATA created 67ab21dc555f6769335eefd8 succesfully
2025-02-11 16:09:32,150 pop.CPM_RT_mixins INFO     mongo_db = TodayRTModelCPM, topic = MQTT_RT_DATA created 67ab21dc555f6769335eefd9 succesfully
2025-02-11 16:09:32,448 django.request WARNING  Not Found: /api/v1.0/devices/
2025-02-11 16:09:34,957 django.request WARNING  Not Found: /api/v1.0/devices/
2025-02-11 16:09:40,588 django.request WARNING  Not Found: /api/v1.0/devices/
2025-02-11 16:09:44,573 django.request WARNING  Not Found: /api/v1.0/devices/
2025-02-11 16:09:47,807 django.request WARNING  Not Found: /api/v1.0/devices/
2025-02-11 16:09:51,284 django.request WARNING  Not Found: /api/v1.0/devices/
2025-02-11 16:09:53,976 django.request WARNING  Not Found: /api/v1.0/devices/
2025-02-11 16:09:58,131 django.request WARNING  Not Found: /api/v1.0/devices/
2025-02-11 16:10:00,552 django.request WARNING  Not Found: /api/v1.0/devices/
2025-02-11 16:10:01,594 django.request WARNING  Not Found: /api/v1.0/devices/
2025-02-11 16:10:02,130 pop.CPM_RT_mixins INFO     mongo_db = RTModelCPM, topic = MQTT_RT_DATA created 67ab21fa555f6769335eefdd succesfully
2025-02-11 16:10:02,163 pop.CPM_RT_mixins INFO     mongo_db = TemporaryRTModelCPM, topic = MQTT_RT_DATA created 67ab21fa555f6769335eefde succesfully
2025-02-11 16:10:02,184 pop.CPM_RT_mixins INFO     mongo_db = TodayRTModelCPM, topic = MQTT_RT_DATA created 67ab21fa555f6769335eefdf succesfully
2025-02-11 16:10:05,437 django.request WARNING  Not Found: /api/v1.0/devices/
2025-02-11 16:10:12,623 django.request WARNING  Not Found: /api/v1.0/devices/
2025-02-11 16:10:16,205 django.request WARNING  Not Found: /api/v1.0/devices/
2025-02-11 16:10:20,641 django.request WARNING  Not Found: /api/v1.0/devices/
2025-02-11 16:10:24,287 django.request WARNING  Not Found: /api/v1.0/devices/
2025-02-11 16:10:32,115 pop.CPM_RT_mixins INFO     mongo_db = RTModelCPM, topic = MQTT_RT_DATA created 67ab2218555f6769335eefe3 succesfully
2025-02-11 16:10:32,130 pop.CPM_RT_mixins INFO     mongo_db = TemporaryRTModelCPM, topic = MQTT_RT_DATA created 67ab2218555f6769335eefe4 succesfully
2025-02-11 16:10:32,144 pop.CPM_RT_mixins INFO     mongo_db = TodayRTModelCPM, topic = MQTT_RT_DATA created 67ab2218555f6769335eefe5 succesfully
2025-02-11 16:11:01,419 pop.CPM_ENY_FRZ_mongo_mixins INFO     mongo_db = EnyFrzDataModelCPM, topic = MQTT_ENY_FRZ created 67ab2235d86688a2aff2ee36 succesfully
2025-02-11 16:11:01,460 pop.CPM_DAY_DATA_mongo_mixins INFO     mongo_db = DayDataModelCPM, topic = MQTT_DAY_DATA created 67ab2235d86688a2aff2ee37 succesfully
2025-02-11 16:11:01,548 pop.CPM_ENY_NOW_mongo_mixins INFO     mongo_db = EnyNowDataModelCPM, topic = MQTT_ENY_NOW created 67ab2235d86688a2aff2ee38 succesfully
2025-02-11 16:11:01,566 pop.CPM_ENY_NOW_mongo_mixins INFO     mongo_db = TemporaryEnyNowDataModelCPM, topic = MQTT_ENY_NOW created 67ab2235d86688a2aff2ee39 succesfully
2025-02-11 16:11:01,593 pop.CPM_ENY_NOW_mongo_mixins INFO     mongo_db = TodayEnyNowDataModelCPM, topic = MQTT_ENY_NOW created 67ab2235d86688a2aff2ee3a succesfully
2025-02-11 16:11:01,619 pop.CPM_ENY_NOW_mongo_mixins INFO     mongo_db = Last7DaysEnyNowDataModelCPM, topic = MQTT_ENY_NOW created 67ab2235d86688a2aff2ee3b succesfully
2025-02-11 16:11:01,698 pop.CPM_RT_mixins INFO     mongo_db = RTModelCPM, topic = MQTT_RT_DATA created 67ab2235d86688a2aff2ee3c succesfully
2025-02-11 16:11:01,733 pop.CPM_RT_mixins INFO     mongo_db = TemporaryRTModelCPM, topic = MQTT_RT_DATA created 67ab2235d86688a2aff2ee3d succesfully
2025-02-11 16:11:01,798 pop.CPM_RT_mixins INFO     mongo_db = TodayRTModelCPM, topic = MQTT_RT_DATA created 67ab2235d86688a2aff2ee3e succesfully
2025-02-11 16:11:19,924 django.request WARNING  Not Found: /api/v1.0/devices/
2025-02-11 16:11:23,210 django.request WARNING  Not Found: /api/v1.0/devices/
2025-02-11 16:11:33,076 pop.CPM_RT_mixins INFO     mongo_db = RTModelCPM, topic = MQTT_RT_DATA created 67ab2255d86688a2aff2ee42 succesfully
2025-02-11 16:11:33,090 pop.CPM_RT_mixins INFO     mongo_db = TemporaryRTModelCPM, topic = MQTT_RT_DATA created 67ab2255d86688a2aff2ee43 succesfully
2025-02-11 16:11:33,105 pop.CPM_RT_mixins INFO     mongo_db = TodayRTModelCPM, topic = MQTT_RT_DATA created 67ab2255d86688a2aff2ee44 succesfully
2025-02-11 16:12:01,956 pop.CPM_RT_mixins INFO     mongo_db = RTModelCPM, topic = MQTT_RT_DATA created 67ab2271d86688a2aff2ee48 succesfully
2025-02-11 16:12:01,974 pop.CPM_RT_mixins INFO     mongo_db = TemporaryRTModelCPM, topic = MQTT_RT_DATA created 67ab2271d86688a2aff2ee49 succesfully
2025-02-11 16:12:01,996 pop.CPM_RT_mixins INFO     mongo_db = TodayRTModelCPM, topic = MQTT_RT_DATA created 67ab2271d86688a2aff2ee4a succesfully
2025-02-11 16:12:31,808 pop.CPM_RT_mixins INFO     mongo_db = RTModelCPM, topic = MQTT_RT_DATA created 67ab228fd86688a2aff2ee4e succesfully
2025-02-11 16:12:31,823 pop.CPM_RT_mixins INFO     mongo_db = TemporaryRTModelCPM, topic = MQTT_RT_DATA created 67ab228fd86688a2aff2ee4f succesfully
2025-02-11 16:12:31,838 pop.CPM_RT_mixins INFO     mongo_db = TodayRTModelCPM, topic = MQTT_RT_DATA created 67ab228fd86688a2aff2ee50 succesfully
2025-02-11 16:13:33,218 pop.CPM_RT_mixins INFO     mongo_db = RTModelCPM, topic = MQTT_RT_DATA created 67ab22cdd86688a2aff2ee57 succesfully
2025-02-11 16:13:33,234 pop.CPM_RT_mixins INFO     mongo_db = TemporaryRTModelCPM, topic = MQTT_RT_DATA created 67ab22cdd86688a2aff2ee58 succesfully
2025-02-11 16:13:33,250 pop.CPM_RT_mixins INFO     mongo_db = TodayRTModelCPM, topic = MQTT_RT_DATA created 67ab22cdd86688a2aff2ee59 succesfully
2025-02-11 16:14:03,183 pop.CPM_RT_mixins INFO     mongo_db = RTModelCPM, topic = MQTT_RT_DATA created 67ab22ebd86688a2aff2ee5d succesfully
2025-02-11 16:14:03,197 pop.CPM_RT_mixins INFO     mongo_db = TemporaryRTModelCPM, topic = MQTT_RT_DATA created 67ab22ebd86688a2aff2ee5e succesfully
2025-02-11 16:14:03,211 pop.CPM_RT_mixins INFO     mongo_db = TodayRTModelCPM, topic = MQTT_RT_DATA created 67ab22ebd86688a2aff2ee5f succesfully
2025-02-11 16:14:32,111 pop.CPM_RT_mixins INFO     mongo_db = RTModelCPM, topic = MQTT_RT_DATA created 67ab2308d86688a2aff2ee63 succesfully
2025-02-11 16:14:32,126 pop.CPM_RT_mixins INFO     mongo_db = TemporaryRTModelCPM, topic = MQTT_RT_DATA created 67ab2308d86688a2aff2ee64 succesfully
2025-02-11 16:14:32,141 pop.CPM_RT_mixins INFO     mongo_db = TodayRTModelCPM, topic = MQTT_RT_DATA created 67ab2308d86688a2aff2ee65 succesfully
2025-02-11 16:15:02,987 pop.CPM_RT_mixins INFO     mongo_db = RTModelCPM, topic = MQTT_RT_DATA created 67ab2326d86688a2aff2ee69 succesfully
2025-02-11 16:15:03,020 pop.CPM_RT_mixins INFO     mongo_db = TemporaryRTModelCPM, topic = MQTT_RT_DATA created 67ab2327d86688a2aff2ee6a succesfully
2025-02-11 16:15:03,105 pop.CPM_RT_mixins INFO     mongo_db = TodayRTModelCPM, topic = MQTT_RT_DATA created 67ab2327d86688a2aff2ee6b succesfully
2025-02-11 16:15:31,914 pop.CPM_RT_mixins INFO     mongo_db = RTModelCPM, topic = MQTT_RT_DATA created 67ab2343d86688a2aff2ee6f succesfully
2025-02-11 16:15:31,930 pop.CPM_RT_mixins INFO     mongo_db = TemporaryRTModelCPM, topic = MQTT_RT_DATA created 67ab2343d86688a2aff2ee70 succesfully
2025-02-11 16:15:31,945 pop.CPM_RT_mixins INFO     mongo_db = TodayRTModelCPM, topic = MQTT_RT_DATA created 67ab2343d86688a2aff2ee71 succesfully
2025-02-11 16:16:03,275 pop.CPM_RT_mixins INFO     mongo_db = RTModelCPM, topic = MQTT_RT_DATA created 67ab2363d86688a2aff2ee75 succesfully
2025-02-11 16:16:03,290 pop.CPM_RT_mixins INFO     mongo_db = TemporaryRTModelCPM, topic = MQTT_RT_DATA created 67ab2363d86688a2aff2ee76 succesfully
2025-02-11 16:16:03,307 pop.CPM_RT_mixins INFO     mongo_db = TodayRTModelCPM, topic = MQTT_RT_DATA created 67ab2363d86688a2aff2ee77 succesfully
2025-02-11 16:16:33,230 pop.CPM_RT_mixins INFO     mongo_db = RTModelCPM, topic = MQTT_RT_DATA created 67ab2381d86688a2aff2ee7b succesfully
2025-02-11 16:16:33,243 pop.CPM_RT_mixins INFO     mongo_db = TemporaryRTModelCPM, topic = MQTT_RT_DATA created 67ab2381d86688a2aff2ee7c succesfully
2025-02-11 16:16:33,257 pop.CPM_RT_mixins INFO     mongo_db = TodayRTModelCPM, topic = MQTT_RT_DATA created 67ab2381d86688a2aff2ee7d succesfully
2025-02-11 16:17:03,181 pop.CPM_RT_mixins INFO     mongo_db = RTModelCPM, topic = MQTT_RT_DATA created 67ab239fd86688a2aff2ee81 succesfully
2025-02-11 16:17:03,196 pop.CPM_RT_mixins INFO     mongo_db = TemporaryRTModelCPM, topic = MQTT_RT_DATA created 67ab239fd86688a2aff2ee82 succesfully
2025-02-11 16:17:03,213 pop.CPM_RT_mixins INFO     mongo_db = TodayRTModelCPM, topic = MQTT_RT_DATA created 67ab239fd86688a2aff2ee83 succesfully
2025-02-11 16:17:32,714 pop.CPM_RT_mixins INFO     mongo_db = RTModelCPM, topic = MQTT_RT_DATA created 67ab23bcd86688a2aff2ee87 succesfully
2025-02-11 16:17:32,729 pop.CPM_RT_mixins INFO     mongo_db = TemporaryRTModelCPM, topic = MQTT_RT_DATA created 67ab23bcd86688a2aff2ee88 succesfully
2025-02-11 16:17:32,745 pop.CPM_RT_mixins INFO     mongo_db = TodayRTModelCPM, topic = MQTT_RT_DATA created 67ab23bcd86688a2aff2ee89 succesfully
